Loading configuration file /Users/jayeshsuryavanshi/github-updates/ftquant/runs/week5/q06q3-lora/train.yaml
Loading pretrained model
Loading datasets
Training
Trainable parameters: 0.847% (5.046M/596.050M)
Starting training..., iters: 500
Iter 1: Val loss 6.851, Val took 35.092s
Iter 50: Train loss 1.349, Learning Rate 1.000e-04, It/sec 0.291, Tokens/sec 13.215, Trained Tokens 2270, Peak mem 7.662 GB
Iter 100: Val loss 0.462, Val took 29.364s
Iter 100: Train loss 0.576, Learning Rate 1.000e-04, It/sec 0.374, Tokens/sec 16.788, Trained Tokens 4512, Peak mem 8.151 GB
Iter 100: Saved adapter weights to /Users/jayeshsuryavanshi/github-updates/ftquant/runs/week5/q06q3-lora/adapter/adapters.safetensors and /Users/jayeshsuryavanshi/github-updates/ftquant/runs/week5/q06q3-lora/adapter/0000100_adapters.safetensors.
Iter 150: Train loss 0.406, Learning Rate 1.000e-04, It/sec 0.383, Tokens/sec 17.042, Trained Tokens 6737, Peak mem 8.151 GB
Iter 200: Val loss 0.266, Val took 35.486s
Iter 200: Train loss 0.342, Learning Rate 1.000e-04, It/sec 0.375, Tokens/sec 16.287, Trained Tokens 8907, Peak mem 8.171 GB
Iter 200: Saved adapter weights to /Users/jayeshsuryavanshi/github-updates/ftquant/runs/week5/q06q3-lora/adapter/adapters.safetensors and /Users/jayeshsuryavanshi/github-updates/ftquant/runs/week5/q06q3-lora/adapter/0000200_adapters.safetensors.
Iter 250: Train loss 0.248, Learning Rate 1.000e-04, It/sec 0.260, Tokens/sec 11.753, Trained Tokens 11167, Peak mem 8.171 GB
Iter 300: Val loss 0.180, Val took 29.403s
Iter 300: Train loss 0.213, Learning Rate 1.000e-04, It/sec 0.302, Tokens/sec 13.407, Trained Tokens 13386, Peak mem 8.214 GB
Iter 300: Saved adapter weights to /Users/jayeshsuryavanshi/github-updates/ftquant/runs/week5/q06q3-lora/adapter/adapters.safetensors and /Users/jayeshsuryavanshi/github-updates/ftquant/runs/week5/q06q3-lora/adapter/0000300_adapters.safetensors.
Iter 350: Train loss 0.188, Learning Rate 1.000e-04, It/sec 0.381, Tokens/sec 17.050, Trained Tokens 15623, Peak mem 8.214 GB
Iter 400: Val loss 0.153, Val took 42.901s
Iter 400: Train loss 0.157, Learning Rate 1.000e-04, It/sec 0.294, Tokens/sec 13.111, Trained Tokens 17854, Peak mem 8.214 GB
Iter 400: Saved adapter weights to /Users/jayeshsuryavanshi/github-updates/ftquant/runs/week5/q06q3-lora/adapter/adapters.safetensors and /Users/jayeshsuryavanshi/github-updates/ftquant/runs/week5/q06q3-lora/adapter/0000400_adapters.safetensors.
Iter 450: Train loss 0.135, Learning Rate 1.000e-04, It/sec 0.234, Tokens/sec 10.464, Trained Tokens 20093, Peak mem 8.214 GB
Iter 500: Val loss 0.121, Val took 48.268s
Iter 500: Train loss 0.151, Learning Rate 1.000e-04, It/sec 0.220, Tokens/sec 9.733, Trained Tokens 22303, Peak mem 8.214 GB
Iter 500: Saved adapter weights to /Users/jayeshsuryavanshi/github-updates/ftquant/runs/week5/q06q3-lora/adapter/adapters.safetensors and /Users/jayeshsuryavanshi/github-updates/ftquant/runs/week5/q06q3-lora/adapter/0000500_adapters.safetensors.
Saved final weights to /Users/jayeshsuryavanshi/github-updates/ftquant/runs/week5/q06q3-lora/adapter/adapters.safetensors.

Calculating loss...:   0%|          | 0/25 [00:00<?, ?it/s]
Calculating loss...:   4%|▍         | 1/25 [00:01<00:30,  1.26s/it]
Calculating loss...:   8%|▊         | 2/25 [00:02<00:28,  1.23s/it]
Calculating loss...:  12%|█▏        | 3/25 [00:03<00:26,  1.22s/it]
Calculating loss...:  16%|█▌        | 4/25 [00:04<00:24,  1.18s/it]
Calculating loss...:  20%|██        | 5/25 [00:05<00:23,  1.16s/it]
Calculating loss...:  24%|██▍       | 6/25 [00:07<00:21,  1.15s/it]
Calculating loss...:  28%|██▊       | 7/25 [00:08<00:20,  1.14s/it]
Calculating loss...:  32%|███▏      | 8/25 [00:09<00:19,  1.14s/it]
Calculating loss...:  36%|███▌      | 9/25 [00:10<00:18,  1.13s/it]
Calculating loss...:  40%|████      | 10/25 [00:11<00:16,  1.13s/it]
Calculating loss...:  44%|████▍     | 11/25 [00:12<00:16,  1.17s/it]
Calculating loss...:  48%|████▊     | 12/25 [00:14<00:18,  1.42s/it]
Calculating loss...:  52%|█████▏    | 13/25 [00:18<00:23,  1.96s/it]
Calculating loss...:  56%|█████▌    | 14/25 [00:19<00:19,  1.80s/it]
Calculating loss...:  60%|██████    | 15/25 [00:20<00:16,  1.63s/it]
Calculating loss...:  64%|██████▍   | 16/25 [00:21<00:13,  1.49s/it]
Calculating loss...:  68%|██████▊   | 17/25 [00:23<00:11,  1.41s/it]
Calculating loss...:  72%|███████▏  | 18/25 [00:24<00:09,  1.42s/it]
Calculating loss...:  76%|███████▌  | 19/25 [00:26<00:08,  1.48s/it]
Calculating loss...:  80%|████████  | 20/25 [00:28<00:08,  1.60s/it]
Calculating loss...:  84%|████████▍ | 21/25 [00:29<00:06,  1.67s/it]
Calculating loss...:  88%|████████▊ | 22/25 [00:31<00:04,  1.58s/it]
Calculating loss...:  92%|█████████▏| 23/25 [00:32<00:02,  1.49s/it]
Calculating loss...:  96%|█████████▌| 24/25 [00:33<00:01,  1.42s/it]
Calculating loss...: 100%|██████████| 25/25 [00:35<00:00,  1.40s/it]
Calculating loss...: 100%|██████████| 25/25 [00:35<00:00,  1.40s/it]

Calculating loss...:   0%|          | 0/25 [00:00<?, ?it/s]
Calculating loss...:   4%|▍         | 1/25 [16:06<6:26:24, 966.00s/it]
Calculating loss...:   8%|▊         | 2/25 [16:07<2:32:44, 398.44s/it]
Calculating loss...:  12%|█▏        | 3/25 [16:08<1:19:34, 217.02s/it]
Calculating loss...:  16%|█▌        | 4/25 [16:09<46:08, 131.82s/it]  
Calculating loss...:  20%|██        | 5/25 [16:10<28:13, 84.69s/it] 
Calculating loss...:  24%|██▍       | 6/25 [16:11<17:49, 56.28s/it]
Calculating loss...:  28%|██▊       | 7/25 [16:12<11:29, 38.28s/it]
Calculating loss...:  32%|███▏      | 8/25 [16:14<07:29, 26.45s/it]
Calculating loss...:  36%|███▌      | 9/25 [16:15<04:56, 18.54s/it]
Calculating loss...:  40%|████      | 10/25 [16:16<03:17, 13.16s/it]
Calculating loss...:  44%|████▍     | 11/25 [16:17<02:12,  9.48s/it]
Calculating loss...:  48%|████▊     | 12/25 [16:18<01:30,  6.94s/it]
Calculating loss...:  52%|█████▏    | 13/25 [16:19<01:02,  5.18s/it]
Calculating loss...:  56%|█████▌    | 14/25 [16:20<00:43,  3.98s/it]
Calculating loss...:  60%|██████    | 15/25 [24:03<23:42, 142.29s/it]
Calculating loss...:  64%|██████▍   | 16/25 [24:04<14:58, 99.81s/it] 
Calculating loss...:  68%|██████▊   | 17/25 [24:06<09:21, 70.13s/it]
Calculating loss...:  72%|███████▏  | 18/25 [24:07<05:45, 49.40s/it]
Calculating loss...:  76%|███████▌  | 19/25 [24:08<03:29, 34.90s/it]
Calculating loss...:  80%|████████  | 20/25 [24:09<02:03, 24.79s/it]
Calculating loss...:  84%|████████▍ | 21/25 [24:10<01:10, 17.71s/it]
Calculating loss...:  88%|████████▊ | 22/25 [24:11<00:38, 12.76s/it]
Calculating loss...:  92%|█████████▏| 23/25 [24:13<00:18,  9.27s/it]
Calculating loss...:  96%|█████████▌| 24/25 [24:14<00:06,  6.83s/it]
Calculating loss...: 100%|██████████| 25/25 [24:15<00:00,  5.12s/it]
Calculating loss...: 100%|██████████| 25/25 [24:15<00:00, 58.21s/it]

Calculating loss...:   0%|          | 0/25 [00:00<?, ?it/s]
Calculating loss...:   4%|▍         | 1/25 [00:01<00:32,  1.35s/it]
Calculating loss...:   8%|▊         | 2/25 [00:02<00:31,  1.38s/it]
Calculating loss...:  12%|█▏        | 3/25 [00:04<00:29,  1.33s/it]
Calculating loss...:  16%|█▌        | 4/25 [00:05<00:27,  1.30s/it]
Calculating loss...:  20%|██        | 5/25 [00:06<00:25,  1.28s/it]
Calculating loss...:  24%|██▍       | 6/25 [00:07<00:24,  1.29s/it]
Calculating loss...:  28%|██▊       | 7/25 [00:09<00:23,  1.31s/it]
Calculating loss...:  32%|███▏      | 8/25 [00:10<00:23,  1.36s/it]
Calculating loss...:  36%|███▌      | 9/25 [00:12<00:22,  1.41s/it]
Calculating loss...:  40%|████      | 10/25 [00:13<00:21,  1.43s/it]
Calculating loss...:  44%|████▍     | 11/25 [00:15<00:19,  1.42s/it]
Calculating loss...:  48%|████▊     | 12/25 [00:16<00:18,  1.39s/it]
Calculating loss...:  52%|█████▏    | 13/25 [00:17<00:16,  1.36s/it]
Calculating loss...:  56%|█████▌    | 14/25 [00:19<00:15,  1.37s/it]
Calculating loss...:  60%|██████    | 15/25 [00:20<00:13,  1.36s/it]
Calculating loss...:  64%|██████▍   | 16/25 [00:21<00:12,  1.41s/it]
Calculating loss...:  68%|██████▊   | 17/25 [00:23<00:11,  1.47s/it]
Calculating loss...:  72%|███████▏  | 18/25 [00:25<00:10,  1.48s/it]
Calculating loss...:  76%|███████▌  | 19/25 [00:26<00:08,  1.47s/it]
Calculating loss...:  80%|████████  | 20/25 [00:27<00:07,  1.48s/it]
Calculating loss...:  84%|████████▍ | 21/25 [00:29<00:05,  1.47s/it]
Calculating loss...:  88%|████████▊ | 22/25 [00:30<00:04,  1.44s/it]
Calculating loss...:  92%|█████████▏| 23/25 [00:32<00:02,  1.48s/it]
Calculating loss...:  96%|█████████▌| 24/25 [00:33<00:01,  1.51s/it]
Calculating loss...: 100%|██████████| 25/25 [00:35<00:00,  1.52s/it]
Calculating loss...: 100%|██████████| 25/25 [00:35<00:00,  1.42s/it]

Calculating loss...:   0%|          | 0/25 [00:00<?, ?it/s]
Calculating loss...:   4%|▍         | 1/25 [00:01<00:27,  1.15s/it]
Calculating loss...:   8%|▊         | 2/25 [00:02<00:26,  1.14s/it]
Calculating loss...:  12%|█▏        | 3/25 [00:03<00:24,  1.13s/it]
Calculating loss...:  16%|█▌        | 4/25 [17:09<2:21:57, 405.61s/it]
Calculating loss...:  20%|██        | 5/25 [17:10<1:26:35, 259.78s/it]
Calculating loss...:  24%|██▍       | 6/25 [17:11<54:24, 171.84s/it]  
Calculating loss...:  28%|██▊       | 7/25 [17:12<34:48, 116.03s/it]
Calculating loss...:  32%|███▏      | 8/25 [17:13<22:30, 79.45s/it] 
Calculating loss...:  36%|███▌      | 9/25 [17:14<14:39, 54.96s/it]
Calculating loss...:  40%|████      | 10/25 [17:15<09:35, 38.34s/it]
Calculating loss...:  44%|████▍     | 11/25 [17:17<06:17, 26.95s/it]
Calculating loss...:  48%|████▊     | 12/25 [17:18<04:08, 19.10s/it]
Calculating loss...:  52%|█████▏    | 13/25 [17:19<02:43, 13.65s/it]
Calculating loss...:  56%|█████▌    | 14/25 [17:20<01:48,  9.87s/it]
Calculating loss...:  60%|██████    | 15/25 [34:01<51:25, 308.54s/it]
Calculating loss...:  64%|██████▍   | 16/25 [34:02<32:24, 216.03s/it]
Calculating loss...:  68%|██████▊   | 17/25 [34:03<20:11, 151.42s/it]
Calculating loss...:  72%|███████▏  | 18/25 [34:04<12:23, 106.26s/it]
Calculating loss...:  76%|███████▌  | 19/25 [34:05<07:28, 74.68s/it] 
Calculating loss...:  80%|████████  | 20/25 [34:06<04:22, 52.59s/it]
Calculating loss...:  84%|████████▍ | 21/25 [34:07<02:28, 37.15s/it]
Calculating loss...:  88%|████████▊ | 22/25 [34:09<01:19, 26.36s/it]
Calculating loss...:  92%|█████████▏| 23/25 [34:10<00:37, 18.79s/it]
Calculating loss...:  96%|█████████▌| 24/25 [34:11<00:13, 13.49s/it]
Calculating loss...: 100%|██████████| 25/25 [34:12<00:00,  9.78s/it]
Calculating loss...: 100%|██████████| 25/25 [34:12<00:00, 82.10s/it]

Calculating loss...:   0%|          | 0/25 [00:00<?, ?it/s]
Calculating loss...:   4%|▍         | 1/25 [00:01<00:43,  1.83s/it]
Calculating loss...:   8%|▊         | 2/25 [00:03<00:41,  1.81s/it]
Calculating loss...:  12%|█▏        | 3/25 [00:05<00:38,  1.73s/it]
Calculating loss...:  16%|█▌        | 4/25 [00:06<00:34,  1.66s/it]
Calculating loss...:  20%|██        | 5/25 [00:08<00:32,  1.61s/it]
Calculating loss...:  24%|██▍       | 6/25 [00:09<00:30,  1.60s/it]
Calculating loss...:  28%|██▊       | 7/25 [00:11<00:29,  1.62s/it]
Calculating loss...:  32%|███▏      | 8/25 [00:13<00:28,  1.67s/it]
Calculating loss...:  36%|███▌      | 9/25 [00:15<00:27,  1.69s/it]
Calculating loss...:  40%|████      | 10/25 [00:16<00:25,  1.68s/it]
Calculating loss...:  44%|████▍     | 11/25 [00:18<00:23,  1.64s/it]
Calculating loss...:  48%|████▊     | 12/25 [00:20<00:21,  1.66s/it]
Calculating loss...:  52%|█████▏    | 13/25 [00:21<00:20,  1.67s/it]
Calculating loss...:  56%|█████▌    | 14/25 [00:23<00:19,  1.77s/it]
Calculating loss...:  60%|██████    | 15/25 [00:25<00:17,  1.79s/it]
Calculating loss...:  64%|██████▍   | 16/25 [00:27<00:15,  1.76s/it]
Calculating loss...:  68%|██████▊   | 17/25 [00:28<00:13,  1.70s/it]
Calculating loss...:  72%|███████▏  | 18/25 [00:30<00:11,  1.68s/it]
Calculating loss...:  76%|███████▌  | 19/25 [00:32<00:09,  1.66s/it]
Calculating loss...:  80%|████████  | 20/25 [00:33<00:08,  1.72s/it]
Calculating loss...:  84%|████████▍ | 21/25 [00:35<00:07,  1.75s/it]
Calculating loss...:  88%|████████▊ | 22/25 [00:37<00:05,  1.77s/it]
Calculating loss...:  92%|█████████▏| 23/25 [00:39<00:03,  1.77s/it]
Calculating loss...:  96%|█████████▌| 24/25 [00:41<00:01,  1.78s/it]
Calculating loss...: 100%|██████████| 25/25 [00:42<00:00,  1.79s/it]
Calculating loss...: 100%|██████████| 25/25 [00:42<00:00,  1.72s/it]

Calculating loss...:   0%|          | 0/25 [00:00<?, ?it/s]
Calculating loss...:   4%|▍         | 1/25 [00:01<00:46,  1.93s/it]
Calculating loss...:   8%|▊         | 2/25 [00:04<00:46,  2.03s/it]
Calculating loss...:  12%|█▏        | 3/25 [00:06<00:44,  2.00s/it]
Calculating loss...:  16%|█▌        | 4/25 [00:07<00:40,  1.94s/it]
Calculating loss...:  20%|██        | 5/25 [00:09<00:37,  1.89s/it]
Calculating loss...:  24%|██▍       | 6/25 [00:11<00:36,  1.90s/it]
Calculating loss...:  28%|██▊       | 7/25 [00:13<00:34,  1.93s/it]
Calculating loss...:  32%|███▏      | 8/25 [00:15<00:32,  1.92s/it]
Calculating loss...:  36%|███▌      | 9/25 [00:17<00:31,  1.94s/it]
Calculating loss...:  40%|████      | 10/25 [00:19<00:29,  1.95s/it]
Calculating loss...:  44%|████▍     | 11/25 [00:21<00:26,  1.92s/it]
Calculating loss...:  48%|████▊     | 12/25 [00:23<00:24,  1.90s/it]
Calculating loss...:  52%|█████▏    | 13/25 [00:24<00:22,  1.89s/it]
Calculating loss...:  56%|█████▌    | 14/25 [00:26<00:20,  1.90s/it]
Calculating loss...:  60%|██████    | 15/25 [00:28<00:19,  1.94s/it]
Calculating loss...:  64%|██████▍   | 16/25 [00:30<00:17,  1.92s/it]
Calculating loss...:  68%|██████▊   | 17/25 [00:32<00:15,  1.91s/it]
Calculating loss...:  72%|███████▏  | 18/25 [00:34<00:13,  1.92s/it]
Calculating loss...:  76%|███████▌  | 19/25 [00:36<00:11,  1.92s/it]
Calculating loss...:  80%|████████  | 20/25 [00:38<00:09,  1.99s/it]
Calculating loss...:  84%|████████▍ | 21/25 [00:40<00:07,  1.95s/it]
Calculating loss...:  88%|████████▊ | 22/25 [00:42<00:05,  1.94s/it]
Calculating loss...:  92%|█████████▏| 23/25 [00:44<00:03,  1.94s/it]
Calculating loss...:  96%|█████████▌| 24/25 [00:46<00:01,  1.94s/it]
Calculating loss...: 100%|██████████| 25/25 [00:48<00:00,  1.93s/it]
Calculating loss...: 100%|██████████| 25/25 [00:48<00:00,  1.93s/it]
