Loading configuration file /Users/jayeshsuryavanshi/github-updates/ftquant/runs/week1/q06-lora-lowlr/train.yaml
Loading pretrained model
Loading datasets
Training
Trainable parameters: 0.847% (5.046M/596.050M)
Starting training..., iters: 500
Iter 1: Val loss 5.454, Val took 21.186s
Iter 50: Train loss 0.513, Learning Rate 1.000e-05, It/sec 0.524, Tokens/sec 23.802, Trained Tokens 2270, Peak mem 8.572 GB
Iter 100: Val loss 0.170, Val took 21.140s
Iter 100: Train loss 0.163, Learning Rate 1.000e-05, It/sec 0.518, Tokens/sec 23.215, Trained Tokens 4512, Peak mem 9.082 GB
Iter 100: Saved adapter weights to /Users/jayeshsuryavanshi/github-updates/ftquant/runs/week1/q06-lora-lowlr/adapter/adapters.safetensors and /Users/jayeshsuryavanshi/github-updates/ftquant/runs/week1/q06-lora-lowlr/adapter/0000100_adapters.safetensors.
Iter 150: Train loss 0.140, Learning Rate 1.000e-05, It/sec 0.526, Tokens/sec 23.429, Trained Tokens 6737, Peak mem 9.082 GB
Iter 200: Val loss 0.101, Val took 21.185s
Iter 200: Train loss 0.125, Learning Rate 1.000e-05, It/sec 0.527, Tokens/sec 22.876, Trained Tokens 8907, Peak mem 9.102 GB
Iter 200: Saved adapter weights to /Users/jayeshsuryavanshi/github-updates/ftquant/runs/week1/q06-lora-lowlr/adapter/adapters.safetensors and /Users/jayeshsuryavanshi/github-updates/ftquant/runs/week1/q06-lora-lowlr/adapter/0000200_adapters.safetensors.
Iter 250: Train loss 0.113, Learning Rate 1.000e-05, It/sec 0.524, Tokens/sec 23.694, Trained Tokens 11167, Peak mem 9.102 GB
Iter 300: Val loss 0.105, Val took 20.985s
Iter 300: Train loss 0.088, Learning Rate 1.000e-05, It/sec 0.528, Tokens/sec 23.427, Trained Tokens 13386, Peak mem 9.102 GB
Iter 300: Saved adapter weights to /Users/jayeshsuryavanshi/github-updates/ftquant/runs/week1/q06-lora-lowlr/adapter/adapters.safetensors and /Users/jayeshsuryavanshi/github-updates/ftquant/runs/week1/q06-lora-lowlr/adapter/0000300_adapters.safetensors.
Iter 350: Train loss 0.095, Learning Rate 1.000e-05, It/sec 0.527, Tokens/sec 23.589, Trained Tokens 15623, Peak mem 9.102 GB
Iter 400: Val loss 0.109, Val took 20.943s
Iter 400: Train loss 0.087, Learning Rate 1.000e-05, It/sec 0.532, Tokens/sec 23.752, Trained Tokens 17854, Peak mem 9.102 GB
Iter 400: Saved adapter weights to /Users/jayeshsuryavanshi/github-updates/ftquant/runs/week1/q06-lora-lowlr/adapter/adapters.safetensors and /Users/jayeshsuryavanshi/github-updates/ftquant/runs/week1/q06-lora-lowlr/adapter/0000400_adapters.safetensors.
Iter 450: Train loss 0.075, Learning Rate 1.000e-05, It/sec 0.520, Tokens/sec 23.290, Trained Tokens 20093, Peak mem 9.102 GB
Iter 500: Val loss 0.056, Val took 21.072s
Iter 500: Train loss 0.071, Learning Rate 1.000e-05, It/sec 0.522, Tokens/sec 23.087, Trained Tokens 22303, Peak mem 9.102 GB
Iter 500: Saved adapter weights to /Users/jayeshsuryavanshi/github-updates/ftquant/runs/week1/q06-lora-lowlr/adapter/adapters.safetensors and /Users/jayeshsuryavanshi/github-updates/ftquant/runs/week1/q06-lora-lowlr/adapter/0000500_adapters.safetensors.
Saved final weights to /Users/jayeshsuryavanshi/github-updates/ftquant/runs/week1/q06-lora-lowlr/adapter/adapters.safetensors.

Fetching 7 files:   0%|          | 0/7 [00:00<?, ?it/s]
Fetching 7 files: 100%|██████████| 7/7 [00:00<00:00, 1299.87it/s]

Calculating loss...:   0%|          | 0/25 [00:00<?, ?it/s]
Calculating loss...:   4%|▍         | 1/25 [00:00<00:21,  1.09it/s]
Calculating loss...:   8%|▊         | 2/25 [00:01<00:20,  1.11it/s]
Calculating loss...:  12%|█▏        | 3/25 [00:02<00:19,  1.12it/s]
Calculating loss...:  16%|█▌        | 4/25 [00:03<00:18,  1.16it/s]
Calculating loss...:  20%|██        | 5/25 [00:04<00:17,  1.17it/s]
Calculating loss...:  24%|██▍       | 6/25 [00:05<00:16,  1.18it/s]
Calculating loss...:  28%|██▊       | 7/25 [00:06<00:15,  1.19it/s]
Calculating loss...:  32%|███▏      | 8/25 [00:06<00:14,  1.19it/s]
Calculating loss...:  36%|███▌      | 9/25 [00:07<00:13,  1.20it/s]
Calculating loss...:  40%|████      | 10/25 [00:08<00:12,  1.21it/s]
Calculating loss...:  44%|████▍     | 11/25 [00:09<00:11,  1.21it/s]
Calculating loss...:  48%|████▊     | 12/25 [00:10<00:10,  1.20it/s]
Calculating loss...:  52%|█████▏    | 13/25 [00:11<00:10,  1.18it/s]
Calculating loss...:  56%|█████▌    | 14/25 [00:11<00:09,  1.19it/s]
Calculating loss...:  60%|██████    | 15/25 [00:12<00:08,  1.19it/s]
Calculating loss...:  64%|██████▍   | 16/25 [00:13<00:07,  1.20it/s]
Calculating loss...:  68%|██████▊   | 17/25 [00:14<00:06,  1.20it/s]
Calculating loss...:  72%|███████▏  | 18/25 [00:15<00:05,  1.17it/s]
Calculating loss...:  76%|███████▌  | 19/25 [00:16<00:05,  1.18it/s]
Calculating loss...:  80%|████████  | 20/25 [00:16<00:04,  1.19it/s]
Calculating loss...:  84%|████████▍ | 21/25 [00:17<00:03,  1.14it/s]
Calculating loss...:  88%|████████▊ | 22/25 [00:18<00:02,  1.16it/s]
Calculating loss...:  92%|█████████▏| 23/25 [00:19<00:01,  1.18it/s]
Calculating loss...:  96%|█████████▌| 24/25 [00:20<00:00,  1.20it/s]
Calculating loss...: 100%|██████████| 25/25 [00:21<00:00,  1.19it/s]
Calculating loss...: 100%|██████████| 25/25 [00:21<00:00,  1.18it/s]

Calculating loss...:   0%|          | 0/25 [00:00<?, ?it/s]
Calculating loss...:   4%|▍         | 1/25 [00:00<00:20,  1.19it/s]
Calculating loss...:   8%|▊         | 2/25 [00:01<00:19,  1.19it/s]
Calculating loss...:  12%|█▏        | 3/25 [00:02<00:18,  1.20it/s]
Calculating loss...:  16%|█▌        | 4/25 [00:03<00:18,  1.16it/s]
Calculating loss...:  20%|██        | 5/25 [00:04<00:16,  1.18it/s]
Calculating loss...:  24%|██▍       | 6/25 [00:05<00:15,  1.20it/s]
Calculating loss...:  28%|██▊       | 7/25 [00:05<00:15,  1.18it/s]
Calculating loss...:  32%|███▏      | 8/25 [00:06<00:14,  1.18it/s]
Calculating loss...:  36%|███▌      | 9/25 [00:07<00:13,  1.19it/s]
Calculating loss...:  40%|████      | 10/25 [00:08<00:12,  1.19it/s]
Calculating loss...:  44%|████▍     | 11/25 [00:09<00:11,  1.19it/s]
Calculating loss...:  48%|████▊     | 12/25 [00:10<00:10,  1.20it/s]
Calculating loss...:  52%|█████▏    | 13/25 [00:10<00:09,  1.21it/s]
Calculating loss...:  56%|█████▌    | 14/25 [00:11<00:09,  1.18it/s]
Calculating loss...:  60%|██████    | 15/25 [00:12<00:08,  1.18it/s]
Calculating loss...:  64%|██████▍   | 16/25 [00:13<00:07,  1.18it/s]
Calculating loss...:  68%|██████▊   | 17/25 [00:14<00:06,  1.19it/s]
Calculating loss...:  72%|███████▏  | 18/25 [00:15<00:05,  1.20it/s]
Calculating loss...:  76%|███████▌  | 19/25 [00:15<00:04,  1.21it/s]
Calculating loss...:  80%|████████  | 20/25 [00:16<00:04,  1.17it/s]
Calculating loss...:  84%|████████▍ | 21/25 [00:17<00:03,  1.15it/s]
Calculating loss...:  88%|████████▊ | 22/25 [00:18<00:02,  1.14it/s]
Calculating loss...:  92%|█████████▏| 23/25 [00:19<00:01,  1.16it/s]
Calculating loss...:  96%|█████████▌| 24/25 [00:20<00:00,  1.17it/s]
Calculating loss...: 100%|██████████| 25/25 [00:21<00:00,  1.19it/s]
Calculating loss...: 100%|██████████| 25/25 [00:21<00:00,  1.18it/s]

Calculating loss...:   0%|          | 0/25 [00:00<?, ?it/s]
Calculating loss...:   4%|▍         | 1/25 [00:00<00:20,  1.20it/s]
Calculating loss...:   8%|▊         | 2/25 [00:01<00:20,  1.15it/s]
Calculating loss...:  12%|█▏        | 3/25 [00:02<00:18,  1.17it/s]
Calculating loss...:  16%|█▌        | 4/25 [00:03<00:17,  1.19it/s]
Calculating loss...:  20%|██        | 5/25 [00:04<00:16,  1.20it/s]
Calculating loss...:  24%|██▍       | 6/25 [00:05<00:15,  1.21it/s]
Calculating loss...:  28%|██▊       | 7/25 [00:05<00:14,  1.21it/s]
Calculating loss...:  32%|███▏      | 8/25 [00:06<00:14,  1.21it/s]
Calculating loss...:  36%|███▌      | 9/25 [00:07<00:13,  1.21it/s]
Calculating loss...:  40%|████      | 10/25 [00:08<00:12,  1.21it/s]
Calculating loss...:  44%|████▍     | 11/25 [00:09<00:11,  1.21it/s]
Calculating loss...:  48%|████▊     | 12/25 [00:09<00:10,  1.21it/s]
Calculating loss...:  52%|█████▏    | 13/25 [00:10<00:09,  1.21it/s]
Calculating loss...:  56%|█████▌    | 14/25 [00:11<00:09,  1.18it/s]
Calculating loss...:  60%|██████    | 15/25 [00:12<00:08,  1.19it/s]
Calculating loss...:  64%|██████▍   | 16/25 [00:13<00:07,  1.16it/s]
Calculating loss...:  68%|██████▊   | 17/25 [00:14<00:07,  1.14it/s]
Calculating loss...:  72%|███████▏  | 18/25 [00:15<00:06,  1.16it/s]
Calculating loss...:  76%|███████▌  | 19/25 [00:16<00:05,  1.17it/s]
Calculating loss...:  80%|████████  | 20/25 [00:16<00:04,  1.16it/s]
Calculating loss...:  84%|████████▍ | 21/25 [00:17<00:03,  1.15it/s]
Calculating loss...:  88%|████████▊ | 22/25 [00:18<00:02,  1.16it/s]
Calculating loss...:  92%|█████████▏| 23/25 [00:19<00:01,  1.15it/s]
Calculating loss...:  96%|█████████▌| 24/25 [00:20<00:00,  1.16it/s]
Calculating loss...: 100%|██████████| 25/25 [00:21<00:00,  1.18it/s]
Calculating loss...: 100%|██████████| 25/25 [00:21<00:00,  1.18it/s]

Calculating loss...:   0%|          | 0/25 [00:00<?, ?it/s]
Calculating loss...:   4%|▍         | 1/25 [00:00<00:19,  1.22it/s]
Calculating loss...:   8%|▊         | 2/25 [00:01<00:19,  1.20it/s]
Calculating loss...:  12%|█▏        | 3/25 [00:02<00:18,  1.21it/s]
Calculating loss...:  16%|█▌        | 4/25 [00:03<00:17,  1.17it/s]
Calculating loss...:  20%|██        | 5/25 [00:04<00:17,  1.15it/s]
Calculating loss...:  24%|██▍       | 6/25 [00:05<00:16,  1.16it/s]
Calculating loss...:  28%|██▊       | 7/25 [00:05<00:15,  1.17it/s]
Calculating loss...:  32%|███▏      | 8/25 [00:06<00:14,  1.18it/s]
Calculating loss...:  36%|███▌      | 9/25 [00:07<00:13,  1.18it/s]
Calculating loss...:  40%|████      | 10/25 [00:08<00:12,  1.20it/s]
Calculating loss...:  44%|████▍     | 11/25 [00:09<00:11,  1.20it/s]
Calculating loss...:  48%|████▊     | 12/25 [00:10<00:10,  1.21it/s]
Calculating loss...:  52%|█████▏    | 13/25 [00:10<00:09,  1.21it/s]
Calculating loss...:  56%|█████▌    | 14/25 [00:11<00:09,  1.21it/s]
Calculating loss...:  60%|██████    | 15/25 [00:12<00:08,  1.21it/s]
Calculating loss...:  64%|██████▍   | 16/25 [00:13<00:07,  1.18it/s]
Calculating loss...:  68%|██████▊   | 17/25 [00:14<00:06,  1.18it/s]
Calculating loss...:  72%|███████▏  | 18/25 [00:15<00:05,  1.20it/s]
Calculating loss...:  76%|███████▌  | 19/25 [00:15<00:04,  1.20it/s]
Calculating loss...:  80%|████████  | 20/25 [00:16<00:04,  1.21it/s]
Calculating loss...:  84%|████████▍ | 21/25 [00:17<00:03,  1.21it/s]
Calculating loss...:  88%|████████▊ | 22/25 [00:18<00:02,  1.18it/s]
Calculating loss...:  92%|█████████▏| 23/25 [00:19<00:01,  1.18it/s]
Calculating loss...:  96%|█████████▌| 24/25 [00:20<00:00,  1.19it/s]
Calculating loss...: 100%|██████████| 25/25 [00:20<00:00,  1.19it/s]
Calculating loss...: 100%|██████████| 25/25 [00:20<00:00,  1.19it/s]

Calculating loss...:   0%|          | 0/25 [00:00<?, ?it/s]
Calculating loss...:   4%|▍         | 1/25 [00:00<00:20,  1.19it/s]
Calculating loss...:   8%|▊         | 2/25 [00:01<00:19,  1.20it/s]
Calculating loss...:  12%|█▏        | 3/25 [00:02<00:18,  1.21it/s]
Calculating loss...:  16%|█▌        | 4/25 [00:03<00:17,  1.20it/s]
Calculating loss...:  20%|██        | 5/25 [00:04<00:16,  1.21it/s]
Calculating loss...:  24%|██▍       | 6/25 [00:04<00:15,  1.21it/s]
Calculating loss...:  28%|██▊       | 7/25 [00:05<00:14,  1.21it/s]
Calculating loss...:  32%|███▏      | 8/25 [00:06<00:14,  1.21it/s]
Calculating loss...:  36%|███▌      | 9/25 [00:07<00:13,  1.21it/s]
Calculating loss...:  40%|████      | 10/25 [00:08<00:12,  1.22it/s]
Calculating loss...:  44%|████▍     | 11/25 [00:09<00:11,  1.22it/s]
Calculating loss...:  48%|████▊     | 12/25 [00:09<00:10,  1.19it/s]
Calculating loss...:  52%|█████▏    | 13/25 [00:10<00:10,  1.19it/s]
Calculating loss...:  56%|█████▌    | 14/25 [00:11<00:09,  1.17it/s]
Calculating loss...:  60%|██████    | 15/25 [00:12<00:08,  1.18it/s]
Calculating loss...:  64%|██████▍   | 16/25 [00:13<00:07,  1.19it/s]
Calculating loss...:  68%|██████▊   | 17/25 [00:14<00:06,  1.20it/s]
Calculating loss...:  72%|███████▏  | 18/25 [00:15<00:05,  1.17it/s]
Calculating loss...:  76%|███████▌  | 19/25 [00:15<00:05,  1.18it/s]
Calculating loss...:  80%|████████  | 20/25 [00:16<00:04,  1.15it/s]
Calculating loss...:  84%|████████▍ | 21/25 [00:17<00:03,  1.17it/s]
Calculating loss...:  88%|████████▊ | 22/25 [00:18<00:02,  1.18it/s]
Calculating loss...:  92%|█████████▏| 23/25 [00:19<00:01,  1.19it/s]
Calculating loss...:  96%|█████████▌| 24/25 [00:20<00:00,  1.20it/s]
Calculating loss...: 100%|██████████| 25/25 [00:20<00:00,  1.20it/s]
Calculating loss...: 100%|██████████| 25/25 [00:20<00:00,  1.19it/s]

Calculating loss...:   0%|          | 0/25 [00:00<?, ?it/s]
Calculating loss...:   4%|▍         | 1/25 [00:00<00:19,  1.23it/s]
Calculating loss...:   8%|▊         | 2/25 [00:01<00:18,  1.22it/s]
Calculating loss...:  12%|█▏        | 3/25 [00:02<00:18,  1.22it/s]
Calculating loss...:  16%|█▌        | 4/25 [00:03<00:17,  1.23it/s]
Calculating loss...:  20%|██        | 5/25 [00:04<00:16,  1.21it/s]
Calculating loss...:  24%|██▍       | 6/25 [00:04<00:16,  1.18it/s]
Calculating loss...:  28%|██▊       | 7/25 [00:05<00:15,  1.17it/s]
Calculating loss...:  32%|███▏      | 8/25 [00:06<00:14,  1.18it/s]
Calculating loss...:  36%|███▌      | 9/25 [00:07<00:13,  1.16it/s]
Calculating loss...:  40%|████      | 10/25 [00:08<00:13,  1.15it/s]
Calculating loss...:  44%|████▍     | 11/25 [00:09<00:11,  1.17it/s]
Calculating loss...:  48%|████▊     | 12/25 [00:10<00:10,  1.19it/s]
Calculating loss...:  52%|█████▏    | 13/25 [00:10<00:09,  1.20it/s]
Calculating loss...:  56%|█████▌    | 14/25 [00:11<00:09,  1.21it/s]
Calculating loss...:  60%|██████    | 15/25 [00:12<00:08,  1.19it/s]
Calculating loss...:  64%|██████▍   | 16/25 [00:13<00:07,  1.19it/s]
Calculating loss...:  68%|██████▊   | 17/25 [00:14<00:06,  1.19it/s]
Calculating loss...:  72%|███████▏  | 18/25 [00:15<00:05,  1.19it/s]
Calculating loss...:  76%|███████▌  | 19/25 [00:15<00:05,  1.20it/s]
Calculating loss...:  80%|████████  | 20/25 [00:16<00:04,  1.14it/s]
Calculating loss...:  84%|████████▍ | 21/25 [00:17<00:03,  1.16it/s]
Calculating loss...:  88%|████████▊ | 22/25 [00:18<00:02,  1.17it/s]
Calculating loss...:  92%|█████████▏| 23/25 [00:19<00:01,  1.18it/s]
Calculating loss...:  96%|█████████▌| 24/25 [00:20<00:00,  1.19it/s]
Calculating loss...: 100%|██████████| 25/25 [00:21<00:00,  1.20it/s]
Calculating loss...: 100%|██████████| 25/25 [00:21<00:00,  1.19it/s]
