2026-09-27 23:48:35 sweep start: ['q06-lora-lr3e-6', 'q06-lora-lr3e-5', 'q06-lora-lr3e-4', 'q06-full-lr3e-6', 'q06-full-lr3e-5', 'q06-lora-lowlr-s1', 'q06-lora-s1', 'q17-lora-lowlr']
2026-09-28 00:08:25 trained q06-lora-lr3e-6 in 1190s
2026-09-28 00:12:42 eval q06-lora-lr3e-6/mlx-bf16: acc 0.7471 n=3080 (250s)
2026-09-28 00:16:03 eval q06-lora-lr3e-6/mlx-q6: acc 0.7500 n=3080 (197s)
2026-09-28 00:19:11 eval q06-lora-lr3e-6/mlx-q4: acc 0.5984 n=3080 (184s)
2026-09-28 00:26:36 eval q06-lora-lr3e-6/mlx-q3: acc 0.0000 n=3080 (441s)
2026-09-28 00:31:30 eval q06-lora-lr3e-6/gguf-bf16: acc 0.7468 n=3080 (284s)
2026-09-28 00:34:26 eval q06-lora-lr3e-6/gguf-Q6_K: acc 0.7445 n=3080 (173s)
2026-09-28 00:37:19 eval q06-lora-lr3e-6/gguf-Q4_K_M: acc 0.6899 n=3080 (167s)
2026-09-28 00:40:18 eval q06-lora-lr3e-6/gguf-Q3_K_M: acc 0.3552 n=3080 (175s)
2026-09-28 00:45:50 eval q06-lora-lr3e-6/gguf-Q2_K: acc 0.0000 n=3080 (328s)
2026-09-28 00:45:50 done q06-lora-lr3e-6
2026-09-28 01:04:02 trained q06-lora-lr3e-5 in 1092s
2026-09-28 01:08:09 eval q06-lora-lr3e-5/mlx-bf16: acc 0.7643 n=3080 (241s)
2026-09-28 01:11:26 eval q06-lora-lr3e-5/mlx-q6: acc 0.7649 n=3080 (193s)
2026-09-28 01:14:30 eval q06-lora-lr3e-5/mlx-q4: acc 0.7231 n=3080 (181s)
2026-09-28 01:17:40 eval q06-lora-lr3e-5/mlx-q3: acc 0.4331 n=3080 (187s)
2026-09-28 01:21:11 eval q06-lora-lr3e-5/gguf-bf16: acc 0.7666 n=3080 (202s)
2026-09-28 01:24:20 eval q06-lora-lr3e-5/gguf-Q6_K: acc 0.7630 n=3080 (185s)
2026-09-28 01:27:16 eval q06-lora-lr3e-5/gguf-Q4_K_M: acc 0.7620 n=3080 (169s)
2026-09-28 01:30:07 eval q06-lora-lr3e-5/gguf-Q3_K_M: acc 0.6873 n=3080 (166s)
2026-09-28 01:35:21 eval q06-lora-lr3e-5/gguf-Q2_K: acc 0.0052 n=3080 (310s)
2026-09-28 01:35:21 done q06-lora-lr3e-5
2026-09-28 01:53:27 trained q06-lora-lr3e-4 in 1086s
2026-09-28 01:58:59 eval q06-lora-lr3e-4/mlx-bf16: acc 0.0000 n=3080 (327s)
2026-09-28 02:03:31 eval q06-lora-lr3e-4/mlx-q6: acc 0.0000 n=3080 (269s)
2026-09-28 02:07:16 eval q06-lora-lr3e-4/mlx-q4: acc 0.0000 n=3080 (221s)
2026-09-28 02:11:38 eval q06-lora-lr3e-4/mlx-q3: acc 0.0000 n=3080 (259s)
2026-09-28 02:16:23 eval q06-lora-lr3e-4/gguf-bf16: acc 0.0000 n=3080 (277s)
2026-09-28 02:20:05 eval q06-lora-lr3e-4/gguf-Q6_K: acc 0.0000 n=3080 (218s)
2026-09-28 02:23:20 eval q06-lora-lr3e-4/gguf-Q4_K_M: acc 0.0000 n=3080 (189s)
2026-09-28 02:26:55 eval q06-lora-lr3e-4/gguf-Q3_K_M: acc 0.0000 n=3080 (211s)
2026-09-28 02:30:23 eval q06-lora-lr3e-4/gguf-Q2_K: acc 0.0000 n=3080 (204s)
2026-09-28 02:30:24 done q06-lora-lr3e-4
2026-09-28 02:54:18 trained q06-full-lr3e-6 in 1434s
2026-09-28 02:58:51 eval q06-full-lr3e-6/mlx-bf16: acc 0.7088 n=3080 (268s)
2026-09-28 03:02:32 eval q06-full-lr3e-6/mlx-q6: acc 0.6805 n=3080 (217s)
2026-09-28 03:05:56 eval q06-full-lr3e-6/mlx-q4: acc 0.2708 n=3080 (201s)
2026-09-28 03:13:57 eval q06-full-lr3e-6/mlx-q3: acc 0.0000 n=3080 (477s)
2026-09-28 03:17:09 eval q06-full-lr3e-6/gguf-bf16: acc 0.7094 n=3080 (183s)
2026-09-28 03:20:01 eval q06-full-lr3e-6/gguf-Q6_K: acc 0.6903 n=3080 (168s)
2026-09-28 03:22:50 eval q06-full-lr3e-6/gguf-Q4_K_M: acc 0.6575 n=3080 (163s)
2026-09-28 03:25:47 eval q06-full-lr3e-6/gguf-Q3_K_M: acc 0.1792 n=3080 (173s)
2026-09-28 03:30:35 eval q06-full-lr3e-6/gguf-Q2_K: acc 0.0000 n=3080 (284s)
2026-09-28 03:30:35 done q06-full-lr3e-6
2026-09-28 03:54:29 trained q06-full-lr3e-5 in 1434s
2026-09-28 03:59:01 eval q06-full-lr3e-5/mlx-bf16: acc 0.7536 n=3080 (265s)
2026-09-28 04:02:39 eval q06-full-lr3e-5/mlx-q6: acc 0.7510 n=3080 (214s)
2026-09-28 04:06:07 eval q06-full-lr3e-5/mlx-q4: acc 0.7260 n=3080 (205s)
2026-09-28 04:09:39 eval q06-full-lr3e-5/mlx-q3: acc 0.5276 n=3080 (208s)
2026-09-28 04:13:02 eval q06-full-lr3e-5/gguf-bf16: acc 0.7526 n=3080 (194s)
2026-09-28 04:15:48 eval q06-full-lr3e-5/gguf-Q6_K: acc 0.7513 n=3080 (161s)
2026-09-28 04:18:36 eval q06-full-lr3e-5/gguf-Q4_K_M: acc 0.7497 n=3080 (163s)
2026-09-28 04:21:30 eval q06-full-lr3e-5/gguf-Q3_K_M: acc 0.7172 n=3080 (169s)
2026-09-28 04:24:14 eval q06-full-lr3e-5/gguf-Q2_K: acc 0.6006 n=3080 (160s)
2026-09-28 04:24:15 done q06-full-lr3e-5
2026-09-28 04:42:15 trained q06-lora-lowlr-s1 in 1080s
2026-09-28 04:46:39 eval q06-lora-lowlr-s1/mlx-bf16: acc 0.7500 n=3080 (259s)
2026-09-28 04:50:15 eval q06-lora-lowlr-s1/mlx-q6: acc 0.7510 n=3080 (212s)
2026-09-28 04:53:40 eval q06-lora-lowlr-s1/mlx-q4: acc 0.6964 n=3080 (202s)
2026-09-28 05:01:02 eval q06-lora-lowlr-s1/mlx-q3: acc 0.0000 n=3080 (438s)
2026-09-28 05:04:23 eval q06-lora-lowlr-s1/gguf-bf16: acc 0.7519 n=3080 (193s)
2026-09-28 05:07:10 eval q06-lora-lowlr-s1/gguf-Q6_K: acc 0.7510 n=3080 (163s)
2026-09-28 05:09:58 eval q06-lora-lowlr-s1/gguf-Q4_K_M: acc 0.7367 n=3080 (161s)
2026-09-28 05:12:49 eval q06-lora-lowlr-s1/gguf-Q3_K_M: acc 0.5880 n=3080 (167s)
2026-09-28 05:17:49 eval q06-lora-lowlr-s1/gguf-Q2_K: acc 0.0000 n=3080 (297s)
2026-09-28 05:17:50 done q06-lora-lowlr-s1
2026-09-28 05:35:50 trained q06-lora-s1 in 1080s
2026-09-28 05:40:23 eval q06-lora-s1/mlx-bf16: acc 0.6510 n=3080 (267s)
2026-09-28 05:43:58 eval q06-lora-s1/mlx-q6: acc 0.6542 n=3080 (211s)
2026-09-28 05:47:26 eval q06-lora-s1/mlx-q4: acc 0.6292 n=3080 (205s)
2026-09-28 05:51:00 eval q06-lora-s1/mlx-q3: acc 0.5308 n=3080 (211s)
2026-09-28 05:54:04 eval q06-lora-s1/gguf-bf16: acc 0.6481 n=3080 (175s)
2026-09-28 05:56:51 eval q06-lora-s1/gguf-Q6_K: acc 0.6526 n=3080 (163s)
2026-09-28 05:59:31 eval q06-lora-s1/gguf-Q4_K_M: acc 0.6471 n=3080 (154s)
2026-09-28 06:02:20 eval q06-lora-s1/gguf-Q3_K_M: acc 0.6302 n=3080 (165s)
2026-09-28 06:05:11 eval q06-lora-s1/gguf-Q2_K: acc 0.4990 n=3080 (167s)
2026-09-28 06:05:12 done q06-lora-s1
2026-09-28 06:57:30 trained q17-lora-lowlr in 3137s
2026-09-28 07:06:36 eval q17-lora-lowlr/mlx-bf16: acc 0.7721 n=3080 (538s)
2026-09-28 07:13:00 eval q17-lora-lowlr/mlx-q6: acc 0.7630 n=3080 (378s)
2026-09-28 07:18:50 eval q17-lora-lowlr/mlx-q4: acc 0.7006 n=3080 (346s)
2026-09-28 07:24:48 eval q17-lora-lowlr/mlx-q3: acc 0.2435 n=3080 (353s)
2026-09-28 07:34:23 eval q17-lora-lowlr/gguf-bf16: acc 0.7721 n=3080 (554s)
2026-09-28 07:40:17 eval q17-lora-lowlr/gguf-Q6_K: acc 0.7701 n=3080 (344s)
2026-09-28 07:45:42 eval q17-lora-lowlr/gguf-Q4_K_M: acc 0.7399 n=3080 (309s)
2026-09-28 07:51:41 eval q17-lora-lowlr/gguf-Q3_K_M: acc 0.5503 n=3080 (349s)
2026-09-28 08:01:09 eval q17-lora-lowlr/gguf-Q2_K: acc 0.0000 n=3080 (557s)
2026-09-28 08:01:11 done q17-lora-lowlr
2026-09-28 08:01:11 sweep complete
