Loading configuration file /Users/jayeshsuryavanshi/github-updates/ftquant/runs/week2/q06-lora-lr3e-6/train.yaml
Loading pretrained model
Loading datasets
Training
Trainable parameters: 0.847% (5.046M/596.050M)
Starting training..., iters: 500
Iter 1: Val loss 5.454, Val took 25.318s
Iter 50: Train loss 0.656, Learning Rate 3.000e-06, It/sec 0.453, Tokens/sec 20.552, Trained Tokens 2270, Peak mem 8.572 GB
Iter 100: Val loss 0.185, Val took 26.493s
Iter 100: Train loss 0.191, Learning Rate 3.000e-06, It/sec 0.440, Tokens/sec 19.725, Trained Tokens 4512, Peak mem 9.080 GB
Iter 100: Saved adapter weights to /Users/jayeshsuryavanshi/github-updates/ftquant/runs/week2/q06-lora-lr3e-6/adapter/adapters.safetensors and /Users/jayeshsuryavanshi/github-updates/ftquant/runs/week2/q06-lora-lr3e-6/adapter/0000100_adapters.safetensors.
Iter 150: Train loss 0.160, Learning Rate 3.000e-06, It/sec 0.459, Tokens/sec 20.434, Trained Tokens 6737, Peak mem 9.080 GB
Iter 200: Val loss 0.116, Val took 21.850s
Iter 200: Train loss 0.161, Learning Rate 3.000e-06, It/sec 0.476, Tokens/sec 20.680, Trained Tokens 8907, Peak mem 9.102 GB
Iter 200: Saved adapter weights to /Users/jayeshsuryavanshi/github-updates/ftquant/runs/week2/q06-lora-lr3e-6/adapter/adapters.safetensors and /Users/jayeshsuryavanshi/github-updates/ftquant/runs/week2/q06-lora-lr3e-6/adapter/0000200_adapters.safetensors.
Iter 250: Train loss 0.130, Learning Rate 3.000e-06, It/sec 0.505, Tokens/sec 22.830, Trained Tokens 11167, Peak mem 9.102 GB
Iter 300: Val loss 0.114, Val took 21.581s
Iter 300: Train loss 0.113, Learning Rate 3.000e-06, It/sec 0.501, Tokens/sec 22.250, Trained Tokens 13386, Peak mem 9.102 GB
Iter 300: Saved adapter weights to /Users/jayeshsuryavanshi/github-updates/ftquant/runs/week2/q06-lora-lr3e-6/adapter/adapters.safetensors and /Users/jayeshsuryavanshi/github-updates/ftquant/runs/week2/q06-lora-lr3e-6/adapter/0000300_adapters.safetensors.
Iter 350: Train loss 0.112, Learning Rate 3.000e-06, It/sec 0.507, Tokens/sec 22.699, Trained Tokens 15623, Peak mem 9.102 GB
Iter 400: Val loss 0.134, Val took 21.555s
Iter 400: Train loss 0.111, Learning Rate 3.000e-06, It/sec 0.507, Tokens/sec 22.622, Trained Tokens 17854, Peak mem 9.102 GB
Iter 400: Saved adapter weights to /Users/jayeshsuryavanshi/github-updates/ftquant/runs/week2/q06-lora-lr3e-6/adapter/adapters.safetensors and /Users/jayeshsuryavanshi/github-updates/ftquant/runs/week2/q06-lora-lr3e-6/adapter/0000400_adapters.safetensors.
Iter 450: Train loss 0.097, Learning Rate 3.000e-06, It/sec 0.503, Tokens/sec 22.526, Trained Tokens 20093, Peak mem 9.102 GB
Iter 500: Val loss 0.075, Val took 21.621s
Iter 500: Train loss 0.086, Learning Rate 3.000e-06, It/sec 0.473, Tokens/sec 20.914, Trained Tokens 22303, Peak mem 9.102 GB
Iter 500: Saved adapter weights to /Users/jayeshsuryavanshi/github-updates/ftquant/runs/week2/q06-lora-lr3e-6/adapter/adapters.safetensors and /Users/jayeshsuryavanshi/github-updates/ftquant/runs/week2/q06-lora-lr3e-6/adapter/0000500_adapters.safetensors.
Saved final weights to /Users/jayeshsuryavanshi/github-updates/ftquant/runs/week2/q06-lora-lr3e-6/adapter/adapters.safetensors.

Fetching 7 files:   0%|          | 0/7 [00:00<?, ?it/s]
Fetching 7 files: 100%|██████████| 7/7 [00:00<00:00, 3051.35it/s]

Calculating loss...:   0%|          | 0/25 [00:00<?, ?it/s]
Calculating loss...:   4%|▍         | 1/25 [00:01<00:26,  1.12s/it]
Calculating loss...:   8%|▊         | 2/25 [00:02<00:25,  1.09s/it]
Calculating loss...:  12%|█▏        | 3/25 [00:03<00:23,  1.08s/it]
Calculating loss...:  16%|█▌        | 4/25 [00:04<00:21,  1.04s/it]
Calculating loss...:  20%|██        | 5/25 [00:05<00:20,  1.02s/it]
Calculating loss...:  24%|██▍       | 6/25 [00:06<00:19,  1.01s/it]
Calculating loss...:  28%|██▊       | 7/25 [00:07<00:18,  1.01s/it]
Calculating loss...:  32%|███▏      | 8/25 [00:08<00:16,  1.01it/s]
Calculating loss...:  36%|███▌      | 9/25 [00:09<00:15,  1.01it/s]
Calculating loss...:  40%|████      | 10/25 [00:10<00:14,  1.02it/s]
Calculating loss...:  44%|████▍     | 11/25 [00:11<00:13,  1.02it/s]
Calculating loss...:  48%|████▊     | 12/25 [00:12<00:12,  1.02it/s]
Calculating loss...:  52%|█████▏    | 13/25 [00:13<00:12,  1.01s/it]
Calculating loss...:  56%|█████▌    | 14/25 [00:14<00:11,  1.01s/it]
Calculating loss...:  60%|██████    | 15/25 [00:15<00:10,  1.01s/it]
Calculating loss...:  64%|██████▍   | 16/25 [00:16<00:09,  1.00s/it]
Calculating loss...:  68%|██████▊   | 17/25 [00:17<00:07,  1.01it/s]
Calculating loss...:  72%|███████▏  | 18/25 [00:18<00:07,  1.01s/it]
Calculating loss...:  76%|███████▌  | 19/25 [00:19<00:06,  1.01s/it]
Calculating loss...:  80%|████████  | 20/25 [00:20<00:05,  1.00s/it]
Calculating loss...:  84%|████████▍ | 21/25 [00:21<00:04,  1.05s/it]
Calculating loss...:  88%|████████▊ | 22/25 [00:22<00:03,  1.03s/it]
Calculating loss...:  92%|█████████▏| 23/25 [00:23<00:02,  1.02s/it]
Calculating loss...:  96%|█████████▌| 24/25 [00:24<00:01,  1.01s/it]
Calculating loss...: 100%|██████████| 25/25 [00:25<00:00,  1.01s/it]
Calculating loss...: 100%|██████████| 25/25 [00:25<00:00,  1.01s/it]

Calculating loss...:   0%|          | 0/25 [00:00<?, ?it/s]
Calculating loss...:   4%|▍         | 1/25 [00:00<00:23,  1.04it/s]
Calculating loss...:   8%|▊         | 2/25 [00:01<00:22,  1.04it/s]
Calculating loss...:  12%|█▏        | 3/25 [00:02<00:21,  1.02it/s]
Calculating loss...:  16%|█▌        | 4/25 [00:04<00:21,  1.02s/it]
Calculating loss...:  20%|██        | 5/25 [00:05<00:20,  1.02s/it]
Calculating loss...:  24%|██▍       | 6/25 [00:06<00:19,  1.02s/it]
Calculating loss...:  28%|██▊       | 7/25 [00:07<00:20,  1.12s/it]
Calculating loss...:  32%|███▏      | 8/25 [00:08<00:18,  1.08s/it]
Calculating loss...:  36%|███▌      | 9/25 [00:09<00:17,  1.08s/it]
Calculating loss...:  40%|████      | 10/25 [00:10<00:15,  1.06s/it]
Calculating loss...:  44%|████▍     | 11/25 [00:11<00:14,  1.05s/it]
Calculating loss...:  48%|████▊     | 12/25 [00:12<00:13,  1.05s/it]
Calculating loss...:  52%|█████▏    | 13/25 [00:13<00:12,  1.01s/it]
Calculating loss...:  56%|█████▌    | 14/25 [00:14<00:11,  1.02s/it]
Calculating loss...:  60%|██████    | 15/25 [00:15<00:10,  1.01s/it]
Calculating loss...:  64%|██████▍   | 16/25 [00:16<00:09,  1.03s/it]
Calculating loss...:  68%|██████▊   | 17/25 [00:17<00:08,  1.06s/it]
Calculating loss...:  72%|███████▏  | 18/25 [00:18<00:07,  1.10s/it]
Calculating loss...:  76%|███████▌  | 19/25 [00:19<00:06,  1.10s/it]
Calculating loss...:  80%|████████  | 20/25 [00:21<00:05,  1.14s/it]
Calculating loss...:  84%|████████▍ | 21/25 [00:22<00:04,  1.16s/it]
Calculating loss...:  88%|████████▊ | 22/25 [00:23<00:03,  1.17s/it]
Calculating loss...:  92%|█████████▏| 23/25 [00:24<00:02,  1.11s/it]
Calculating loss...:  96%|█████████▌| 24/25 [00:25<00:01,  1.06s/it]
Calculating loss...: 100%|██████████| 25/25 [00:26<00:00,  1.02s/it]
Calculating loss...: 100%|██████████| 25/25 [00:26<00:00,  1.06s/it]

Calculating loss...:   0%|          | 0/25 [00:00<?, ?it/s]
Calculating loss...:   4%|▍         | 1/25 [00:00<00:21,  1.12it/s]
Calculating loss...:   8%|▊         | 2/25 [00:01<00:20,  1.10it/s]
Calculating loss...:  12%|█▏        | 3/25 [00:02<00:19,  1.12it/s]
Calculating loss...:  16%|█▌        | 4/25 [00:03<00:18,  1.12it/s]
Calculating loss...:  20%|██        | 5/25 [00:04<00:17,  1.12it/s]
Calculating loss...:  24%|██▍       | 6/25 [00:05<00:16,  1.13it/s]
Calculating loss...:  28%|██▊       | 7/25 [00:06<00:15,  1.13it/s]
Calculating loss...:  32%|███▏      | 8/25 [00:07<00:15,  1.13it/s]
Calculating loss...:  36%|███▌      | 9/25 [00:07<00:13,  1.14it/s]
Calculating loss...:  40%|████      | 10/25 [00:08<00:12,  1.16it/s]
Calculating loss...:  44%|████▍     | 11/25 [00:09<00:11,  1.17it/s]
Calculating loss...:  48%|████▊     | 12/25 [00:10<00:11,  1.17it/s]
Calculating loss...:  52%|█████▏    | 13/25 [00:11<00:10,  1.17it/s]
Calculating loss...:  56%|█████▌    | 14/25 [00:12<00:09,  1.15it/s]
Calculating loss...:  60%|██████    | 15/25 [00:13<00:08,  1.16it/s]
Calculating loss...:  64%|██████▍   | 16/25 [00:14<00:07,  1.14it/s]
Calculating loss...:  68%|██████▊   | 17/25 [00:14<00:07,  1.13it/s]
Calculating loss...:  72%|███████▏  | 18/25 [00:15<00:06,  1.15it/s]
Calculating loss...:  76%|███████▌  | 19/25 [00:16<00:05,  1.16it/s]
Calculating loss...:  80%|████████  | 20/25 [00:17<00:04,  1.14it/s]
Calculating loss...:  84%|████████▍ | 21/25 [00:18<00:03,  1.13it/s]
Calculating loss...:  88%|████████▊ | 22/25 [00:19<00:02,  1.14it/s]
Calculating loss...:  92%|█████████▏| 23/25 [00:20<00:01,  1.13it/s]
Calculating loss...:  96%|█████████▌| 24/25 [00:20<00:00,  1.15it/s]
Calculating loss...: 100%|██████████| 25/25 [00:21<00:00,  1.16it/s]
Calculating loss...: 100%|██████████| 25/25 [00:21<00:00,  1.14it/s]

Calculating loss...:   0%|          | 0/25 [00:00<?, ?it/s]
Calculating loss...:   4%|▍         | 1/25 [00:00<00:21,  1.14it/s]
Calculating loss...:   8%|▊         | 2/25 [00:01<00:19,  1.16it/s]
Calculating loss...:  12%|█▏        | 3/25 [00:02<00:18,  1.17it/s]
Calculating loss...:  16%|█▌        | 4/25 [00:03<00:18,  1.13it/s]
Calculating loss...:  20%|██        | 5/25 [00:04<00:17,  1.12it/s]
Calculating loss...:  24%|██▍       | 6/25 [00:05<00:16,  1.14it/s]
Calculating loss...:  28%|██▊       | 7/25 [00:06<00:15,  1.15it/s]
Calculating loss...:  32%|███▏      | 8/25 [00:06<00:14,  1.15it/s]
Calculating loss...:  36%|███▌      | 9/25 [00:07<00:13,  1.16it/s]
Calculating loss...:  40%|████      | 10/25 [00:08<00:12,  1.16it/s]
Calculating loss...:  44%|████▍     | 11/25 [00:09<00:12,  1.16it/s]
Calculating loss...:  48%|████▊     | 12/25 [00:10<00:11,  1.17it/s]
Calculating loss...:  52%|█████▏    | 13/25 [00:11<00:10,  1.17it/s]
Calculating loss...:  56%|█████▌    | 14/25 [00:12<00:09,  1.17it/s]
Calculating loss...:  60%|██████    | 15/25 [00:12<00:08,  1.18it/s]
Calculating loss...:  64%|██████▍   | 16/25 [00:13<00:07,  1.15it/s]
Calculating loss...:  68%|██████▊   | 17/25 [00:14<00:06,  1.16it/s]
Calculating loss...:  72%|███████▏  | 18/25 [00:15<00:05,  1.17it/s]
Calculating loss...:  76%|███████▌  | 19/25 [00:16<00:05,  1.17it/s]
Calculating loss...:  80%|████████  | 20/25 [00:17<00:04,  1.17it/s]
Calculating loss...:  84%|████████▍ | 21/25 [00:18<00:03,  1.17it/s]
Calculating loss...:  88%|████████▊ | 22/25 [00:19<00:02,  1.14it/s]
Calculating loss...:  92%|█████████▏| 23/25 [00:19<00:01,  1.15it/s]
Calculating loss...:  96%|█████████▌| 24/25 [00:20<00:00,  1.16it/s]
Calculating loss...: 100%|██████████| 25/25 [00:21<00:00,  1.17it/s]
Calculating loss...: 100%|██████████| 25/25 [00:21<00:00,  1.16it/s]

Calculating loss...:   0%|          | 0/25 [00:00<?, ?it/s]
Calculating loss...:   4%|▍         | 1/25 [00:00<00:20,  1.16it/s]
Calculating loss...:   8%|▊         | 2/25 [00:01<00:19,  1.17it/s]
Calculating loss...:  12%|█▏        | 3/25 [00:02<00:18,  1.18it/s]
Calculating loss...:  16%|█▌        | 4/25 [00:03<00:17,  1.18it/s]
Calculating loss...:  20%|██        | 5/25 [00:04<00:16,  1.18it/s]
Calculating loss...:  24%|██▍       | 6/25 [00:05<00:16,  1.18it/s]
Calculating loss...:  28%|██▊       | 7/25 [00:05<00:15,  1.18it/s]
Calculating loss...:  32%|███▏      | 8/25 [00:06<00:14,  1.19it/s]
Calculating loss...:  36%|███▌      | 9/25 [00:07<00:13,  1.19it/s]
Calculating loss...:  40%|████      | 10/25 [00:08<00:12,  1.18it/s]
Calculating loss...:  44%|████▍     | 11/25 [00:09<00:11,  1.18it/s]
Calculating loss...:  48%|████▊     | 12/25 [00:10<00:11,  1.16it/s]
Calculating loss...:  52%|█████▏    | 13/25 [00:11<00:10,  1.17it/s]
Calculating loss...:  56%|█████▌    | 14/25 [00:11<00:09,  1.15it/s]
Calculating loss...:  60%|██████    | 15/25 [00:12<00:08,  1.16it/s]
Calculating loss...:  64%|██████▍   | 16/25 [00:13<00:07,  1.17it/s]
Calculating loss...:  68%|██████▊   | 17/25 [00:14<00:06,  1.17it/s]
Calculating loss...:  72%|███████▏  | 18/25 [00:15<00:06,  1.15it/s]
Calculating loss...:  76%|███████▌  | 19/25 [00:16<00:05,  1.16it/s]
Calculating loss...:  80%|████████  | 20/25 [00:17<00:04,  1.14it/s]
Calculating loss...:  84%|████████▍ | 21/25 [00:18<00:03,  1.15it/s]
Calculating loss...:  88%|████████▊ | 22/25 [00:18<00:02,  1.14it/s]
Calculating loss...:  92%|█████████▏| 23/25 [00:19<00:01,  1.14it/s]
Calculating loss...:  96%|█████████▌| 24/25 [00:20<00:00,  1.14it/s]
Calculating loss...: 100%|██████████| 25/25 [00:21<00:00,  1.14it/s]
Calculating loss...: 100%|██████████| 25/25 [00:21<00:00,  1.16it/s]

Calculating loss...:   0%|          | 0/25 [00:00<?, ?it/s]
Calculating loss...:   4%|▍         | 1/25 [00:00<00:20,  1.15it/s]
Calculating loss...:   8%|▊         | 2/25 [00:01<00:19,  1.17it/s]
Calculating loss...:  12%|█▏        | 3/25 [00:02<00:18,  1.17it/s]
Calculating loss...:  16%|█▌        | 4/25 [00:03<00:18,  1.17it/s]
Calculating loss...:  20%|██        | 5/25 [00:04<00:17,  1.17it/s]
Calculating loss...:  24%|██▍       | 6/25 [00:05<00:16,  1.15it/s]
Calculating loss...:  28%|██▊       | 7/25 [00:06<00:15,  1.13it/s]
Calculating loss...:  32%|███▏      | 8/25 [00:06<00:14,  1.15it/s]
Calculating loss...:  36%|███▌      | 9/25 [00:07<00:14,  1.13it/s]
Calculating loss...:  40%|████      | 10/25 [00:08<00:13,  1.12it/s]
Calculating loss...:  44%|████▍     | 11/25 [00:09<00:12,  1.13it/s]
Calculating loss...:  48%|████▊     | 12/25 [00:10<00:11,  1.14it/s]
Calculating loss...:  52%|█████▏    | 13/25 [00:11<00:10,  1.15it/s]
Calculating loss...:  56%|█████▌    | 14/25 [00:12<00:09,  1.16it/s]
Calculating loss...:  60%|██████    | 15/25 [00:13<00:08,  1.14it/s]
Calculating loss...:  64%|██████▍   | 16/25 [00:13<00:07,  1.15it/s]
Calculating loss...:  68%|██████▊   | 17/25 [00:14<00:06,  1.16it/s]
Calculating loss...:  72%|███████▏  | 18/25 [00:15<00:05,  1.18it/s]
Calculating loss...:  76%|███████▌  | 19/25 [00:16<00:05,  1.18it/s]
Calculating loss...:  80%|████████  | 20/25 [00:17<00:04,  1.13it/s]
Calculating loss...:  84%|████████▍ | 21/25 [00:18<00:03,  1.14it/s]
Calculating loss...:  88%|████████▊ | 22/25 [00:19<00:02,  1.16it/s]
Calculating loss...:  92%|█████████▏| 23/25 [00:19<00:01,  1.17it/s]
Calculating loss...:  96%|█████████▌| 24/25 [00:20<00:00,  1.18it/s]
Calculating loss...: 100%|██████████| 25/25 [00:21<00:00,  1.19it/s]
Calculating loss...: 100%|██████████| 25/25 [00:21<00:00,  1.16it/s]
