Loading configuration file /Users/jayeshsuryavanshi/github-updates/ftquant/runs/week4/q4b-lora-lowlr/train.yaml
Loading pretrained model
Loading datasets
Training
Trainable parameters: 0.411% (16.515M/4022.468M)
Starting training..., iters: 1000
Iter 1: Val loss 5.165, Val took 146.296s
Iter 100: Train loss 0.450, Learning Rate 1.000e-05, It/sec 0.123, Tokens/sec 2.755, Trained Tokens 2232, Peak mem 10.272 GB
Iter 100: Saved adapter weights to /Users/jayeshsuryavanshi/github-updates/ftquant/runs/week4/q4b-lora-lowlr/adapter/adapters.safetensors and /Users/jayeshsuryavanshi/github-updates/ftquant/runs/week4/q4b-lora-lowlr/adapter/0000100_adapters.safetensors.
Iter 200: Val loss 0.096, Val took 140.940s
Iter 200: Train loss 0.122, Learning Rate 1.000e-05, It/sec 0.128, Tokens/sec 2.872, Trained Tokens 4478, Peak mem 10.339 GB
Iter 200: Saved adapter weights to /Users/jayeshsuryavanshi/github-updates/ftquant/runs/week4/q4b-lora-lowlr/adapter/adapters.safetensors and /Users/jayeshsuryavanshi/github-updates/ftquant/runs/week4/q4b-lora-lowlr/adapter/0000200_adapters.safetensors.
Iter 300: Train loss 0.076, Learning Rate 1.000e-05, It/sec 0.130, Tokens/sec 2.881, Trained Tokens 6701, Peak mem 10.339 GB
Iter 300: Saved adapter weights to /Users/jayeshsuryavanshi/github-updates/ftquant/runs/week4/q4b-lora-lowlr/adapter/adapters.safetensors and /Users/jayeshsuryavanshi/github-updates/ftquant/runs/week4/q4b-lora-lowlr/adapter/0000300_adapters.safetensors.
Iter 400: Val loss 0.085, Val took 141.391s
Iter 400: Train loss 0.086, Learning Rate 1.000e-05, It/sec 0.129, Tokens/sec 2.864, Trained Tokens 8913, Peak mem 10.339 GB
Iter 400: Saved adapter weights to /Users/jayeshsuryavanshi/github-updates/ftquant/runs/week4/q4b-lora-lowlr/adapter/adapters.safetensors and /Users/jayeshsuryavanshi/github-updates/ftquant/runs/week4/q4b-lora-lowlr/adapter/0000400_adapters.safetensors.
Iter 500: Train loss 0.085, Learning Rate 1.000e-05, It/sec 0.130, Tokens/sec 2.881, Trained Tokens 11129, Peak mem 10.339 GB
Iter 500: Saved adapter weights to /Users/jayeshsuryavanshi/github-updates/ftquant/runs/week4/q4b-lora-lowlr/adapter/adapters.safetensors and /Users/jayeshsuryavanshi/github-updates/ftquant/runs/week4/q4b-lora-lowlr/adapter/0000500_adapters.safetensors.
Iter 600: Val loss 0.071, Val took 140.634s
Iter 600: Train loss 0.080, Learning Rate 1.000e-05, It/sec 0.130, Tokens/sec 2.881, Trained Tokens 13341, Peak mem 10.339 GB
Iter 600: Saved adapter weights to /Users/jayeshsuryavanshi/github-updates/ftquant/runs/week4/q4b-lora-lowlr/adapter/adapters.safetensors and /Users/jayeshsuryavanshi/github-updates/ftquant/runs/week4/q4b-lora-lowlr/adapter/0000600_adapters.safetensors.
Iter 700: Train loss 0.077, Learning Rate 1.000e-05, It/sec 0.129, Tokens/sec 2.877, Trained Tokens 15567, Peak mem 10.339 GB
Iter 700: Saved adapter weights to /Users/jayeshsuryavanshi/github-updates/ftquant/runs/week4/q4b-lora-lowlr/adapter/adapters.safetensors and /Users/jayeshsuryavanshi/github-updates/ftquant/runs/week4/q4b-lora-lowlr/adapter/0000700_adapters.safetensors.
Iter 800: Val loss 0.037, Val took 140.041s
Iter 800: Train loss 0.065, Learning Rate 1.000e-05, It/sec 0.130, Tokens/sec 2.929, Trained Tokens 17827, Peak mem 10.339 GB
Iter 800: Saved adapter weights to /Users/jayeshsuryavanshi/github-updates/ftquant/runs/week4/q4b-lora-lowlr/adapter/adapters.safetensors and /Users/jayeshsuryavanshi/github-updates/ftquant/runs/week4/q4b-lora-lowlr/adapter/0000800_adapters.safetensors.
Iter 900: Train loss 0.059, Learning Rate 1.000e-05, It/sec 0.130, Tokens/sec 2.879, Trained Tokens 20037, Peak mem 10.339 GB
Iter 900: Saved adapter weights to /Users/jayeshsuryavanshi/github-updates/ftquant/runs/week4/q4b-lora-lowlr/adapter/adapters.safetensors and /Users/jayeshsuryavanshi/github-updates/ftquant/runs/week4/q4b-lora-lowlr/adapter/0000900_adapters.safetensors.
Iter 1000: Val loss 0.060, Val took 139.486s
Iter 1000: Train loss 0.064, Learning Rate 1.000e-05, It/sec 0.130, Tokens/sec 2.862, Trained Tokens 22242, Peak mem 10.339 GB
Iter 1000: Saved adapter weights to /Users/jayeshsuryavanshi/github-updates/ftquant/runs/week4/q4b-lora-lowlr/adapter/adapters.safetensors and /Users/jayeshsuryavanshi/github-updates/ftquant/runs/week4/q4b-lora-lowlr/adapter/0001000_adapters.safetensors.
Saved final weights to /Users/jayeshsuryavanshi/github-updates/ftquant/runs/week4/q4b-lora-lowlr/adapter/adapters.safetensors.

Fetching 10 files:   0%|          | 0/10 [00:00<?, ?it/s]
Fetching 10 files: 100%|██████████| 10/10 [00:00<00:00, 2429.51it/s]

Calculating loss...:   0%|          | 0/50 [00:00<?, ?it/s]
Calculating loss...:   2%|▏         | 1/50 [00:03<02:47,  3.42s/it]
Calculating loss...:   4%|▍         | 2/50 [00:06<02:29,  3.12s/it]
Calculating loss...:   6%|▌         | 3/50 [00:09<02:22,  3.04s/it]
Calculating loss...:   8%|▊         | 4/50 [00:12<02:17,  2.98s/it]
Calculating loss...:  10%|█         | 5/50 [00:15<02:13,  2.96s/it]
Calculating loss...:  12%|█▏        | 6/50 [00:18<02:09,  2.94s/it]
Calculating loss...:  14%|█▍        | 7/50 [00:20<02:06,  2.94s/it]
Calculating loss...:  16%|█▌        | 8/50 [00:23<02:03,  2.93s/it]
Calculating loss...:  18%|█▊        | 9/50 [00:26<02:00,  2.93s/it]
Calculating loss...:  20%|██        | 10/50 [00:29<01:57,  2.93s/it]
Calculating loss...:  22%|██▏       | 11/50 [00:32<01:53,  2.92s/it]
Calculating loss...:  24%|██▍       | 12/50 [00:35<01:50,  2.92s/it]
Calculating loss...:  26%|██▌       | 13/50 [00:38<01:47,  2.91s/it]
Calculating loss...:  28%|██▊       | 14/50 [00:41<01:44,  2.91s/it]
Calculating loss...:  30%|███       | 15/50 [00:44<01:44,  2.98s/it]
Calculating loss...:  32%|███▏      | 16/50 [00:47<01:40,  2.96s/it]
Calculating loss...:  34%|███▍      | 17/50 [00:50<01:37,  2.95s/it]
Calculating loss...:  36%|███▌      | 18/50 [00:53<01:33,  2.93s/it]
Calculating loss...:  38%|███▊      | 19/50 [00:56<01:30,  2.92s/it]
Calculating loss...:  40%|████      | 20/50 [00:58<01:27,  2.91s/it]
Calculating loss...:  42%|████▏     | 21/50 [01:02<01:25,  2.95s/it]
Calculating loss...:  44%|████▍     | 22/50 [01:04<01:22,  2.93s/it]
Calculating loss...:  46%|████▌     | 23/50 [01:07<01:18,  2.91s/it]
Calculating loss...:  48%|████▊     | 24/50 [01:10<01:15,  2.90s/it]
Calculating loss...:  50%|█████     | 25/50 [01:13<01:12,  2.89s/it]
Calculating loss...:  52%|█████▏    | 26/50 [01:16<01:09,  2.88s/it]
Calculating loss...:  54%|█████▍    | 27/50 [01:19<01:06,  2.88s/it]
Calculating loss...:  56%|█████▌    | 28/50 [01:22<01:03,  2.87s/it]
Calculating loss...:  58%|█████▊    | 29/50 [01:24<01:00,  2.88s/it]
Calculating loss...:  60%|██████    | 30/50 [01:27<00:57,  2.88s/it]
Calculating loss...:  62%|██████▏   | 31/50 [01:30<00:54,  2.87s/it]
Calculating loss...:  64%|██████▍   | 32/50 [01:33<00:51,  2.88s/it]
Calculating loss...:  66%|██████▌   | 33/50 [01:36<00:48,  2.88s/it]
Calculating loss...:  68%|██████▊   | 34/50 [01:39<00:46,  2.88s/it]
Calculating loss...:  70%|███████   | 35/50 [01:42<00:43,  2.88s/it]
Calculating loss...:  72%|███████▏  | 36/50 [01:45<00:40,  2.88s/it]
Calculating loss...:  74%|███████▍  | 37/50 [01:48<00:38,  2.95s/it]
Calculating loss...:  76%|███████▌  | 38/50 [01:51<00:35,  2.93s/it]
Calculating loss...:  78%|███████▊  | 39/50 [01:54<00:32,  2.93s/it]
Calculating loss...:  80%|████████  | 40/50 [01:57<00:29,  2.97s/it]
Calculating loss...:  82%|████████▏ | 41/50 [02:00<00:26,  2.96s/it]
Calculating loss...:  84%|████████▍ | 42/50 [02:03<00:24,  3.02s/it]
Calculating loss...:  86%|████████▌ | 43/50 [02:06<00:20,  2.98s/it]
Calculating loss...:  88%|████████▊ | 44/50 [02:08<00:17,  2.95s/it]
Calculating loss...:  90%|█████████ | 45/50 [02:11<00:14,  2.92s/it]
Calculating loss...:  92%|█████████▏| 46/50 [02:14<00:11,  2.91s/it]
Calculating loss...:  94%|█████████▍| 47/50 [02:17<00:08,  2.89s/it]
Calculating loss...:  96%|█████████▌| 48/50 [02:20<00:05,  2.87s/it]
Calculating loss...:  98%|█████████▊| 49/50 [02:23<00:02,  2.93s/it]
Calculating loss...: 100%|██████████| 50/50 [02:26<00:00,  2.90s/it]
Calculating loss...: 100%|██████████| 50/50 [02:26<00:00,  2.93s/it]

Calculating loss...:   0%|          | 0/50 [00:00<?, ?it/s]
Calculating loss...:   2%|▏         | 1/50 [00:02<02:18,  2.82s/it]
Calculating loss...:   4%|▍         | 2/50 [00:05<02:14,  2.81s/it]
Calculating loss...:   6%|▌         | 3/50 [00:08<02:14,  2.86s/it]
Calculating loss...:   8%|▊         | 4/50 [00:11<02:10,  2.83s/it]
Calculating loss...:  10%|█         | 5/50 [00:14<02:07,  2.83s/it]
Calculating loss...:  12%|█▏        | 6/50 [00:16<02:04,  2.82s/it]
Calculating loss...:  14%|█▍        | 7/50 [00:19<02:01,  2.82s/it]
Calculating loss...:  16%|█▌        | 8/50 [00:22<01:58,  2.81s/it]
Calculating loss...:  18%|█▊        | 9/50 [00:25<01:57,  2.87s/it]
Calculating loss...:  20%|██        | 10/50 [00:28<01:54,  2.85s/it]
Calculating loss...:  22%|██▏       | 11/50 [00:31<01:50,  2.83s/it]
Calculating loss...:  24%|██▍       | 12/50 [00:33<01:46,  2.81s/it]
Calculating loss...:  26%|██▌       | 13/50 [00:36<01:43,  2.80s/it]
Calculating loss...:  28%|██▊       | 14/50 [00:39<01:40,  2.79s/it]
Calculating loss...:  30%|███       | 15/50 [00:42<01:37,  2.79s/it]
Calculating loss...:  32%|███▏      | 16/50 [00:45<01:34,  2.78s/it]
Calculating loss...:  34%|███▍      | 17/50 [00:47<01:31,  2.77s/it]
Calculating loss...:  36%|███▌      | 18/50 [00:50<01:28,  2.77s/it]
Calculating loss...:  38%|███▊      | 19/50 [00:53<01:25,  2.77s/it]
Calculating loss...:  40%|████      | 20/50 [00:56<01:22,  2.76s/it]
Calculating loss...:  42%|████▏     | 21/50 [00:58<01:20,  2.77s/it]
Calculating loss...:  44%|████▍     | 22/50 [01:01<01:17,  2.77s/it]
Calculating loss...:  46%|████▌     | 23/50 [01:04<01:15,  2.78s/it]
Calculating loss...:  48%|████▊     | 24/50 [01:07<01:13,  2.81s/it]
Calculating loss...:  50%|█████     | 25/50 [01:10<01:10,  2.82s/it]
Calculating loss...:  52%|█████▏    | 26/50 [01:12<01:07,  2.82s/it]
Calculating loss...:  54%|█████▍    | 27/50 [01:15<01:04,  2.82s/it]
Calculating loss...:  56%|█████▌    | 28/50 [01:18<01:02,  2.82s/it]
Calculating loss...:  58%|█████▊    | 29/50 [01:21<00:59,  2.82s/it]
Calculating loss...:  60%|██████    | 30/50 [01:24<00:56,  2.81s/it]
Calculating loss...:  62%|██████▏   | 31/50 [01:27<00:54,  2.87s/it]
Calculating loss...:  64%|██████▍   | 32/50 [01:30<00:51,  2.85s/it]
Calculating loss...:  66%|██████▌   | 33/50 [01:32<00:48,  2.85s/it]
Calculating loss...:  68%|██████▊   | 34/50 [01:35<00:45,  2.83s/it]
Calculating loss...:  70%|███████   | 35/50 [01:38<00:43,  2.88s/it]
Calculating loss...:  72%|███████▏  | 36/50 [01:41<00:39,  2.86s/it]
Calculating loss...:  74%|███████▍  | 37/50 [01:44<00:36,  2.84s/it]
Calculating loss...:  76%|███████▌  | 38/50 [01:47<00:33,  2.83s/it]
Calculating loss...:  78%|███████▊  | 39/50 [01:49<00:30,  2.81s/it]
Calculating loss...:  80%|████████  | 40/50 [01:52<00:28,  2.80s/it]
Calculating loss...:  82%|████████▏ | 41/50 [01:55<00:25,  2.80s/it]
Calculating loss...:  84%|████████▍ | 42/50 [01:58<00:22,  2.79s/it]
Calculating loss...:  86%|████████▌ | 43/50 [02:00<00:19,  2.80s/it]
Calculating loss...:  88%|████████▊ | 44/50 [02:03<00:16,  2.80s/it]
Calculating loss...:  90%|█████████ | 45/50 [02:06<00:14,  2.80s/it]
Calculating loss...:  92%|█████████▏| 46/50 [02:09<00:11,  2.88s/it]
Calculating loss...:  94%|█████████▍| 47/50 [02:12<00:08,  2.85s/it]
Calculating loss...:  96%|█████████▌| 48/50 [02:15<00:05,  2.82s/it]
Calculating loss...:  98%|█████████▊| 49/50 [02:17<00:02,  2.80s/it]
Calculating loss...: 100%|██████████| 50/50 [02:20<00:00,  2.85s/it]
Calculating loss...: 100%|██████████| 50/50 [02:20<00:00,  2.82s/it]

Calculating loss...:   0%|          | 0/50 [00:00<?, ?it/s]
Calculating loss...:   2%|▏         | 1/50 [00:03<02:30,  3.08s/it]
Calculating loss...:   4%|▍         | 2/50 [00:06<02:25,  3.02s/it]
Calculating loss...:   6%|▌         | 3/50 [00:08<02:17,  2.92s/it]
Calculating loss...:   8%|▊         | 4/50 [00:11<02:12,  2.88s/it]
Calculating loss...:  10%|█         | 5/50 [00:14<02:08,  2.86s/it]
Calculating loss...:  12%|█▏        | 6/50 [00:17<02:04,  2.84s/it]
Calculating loss...:  14%|█▍        | 7/50 [00:20<02:01,  2.83s/it]
Calculating loss...:  16%|█▌        | 8/50 [00:22<01:58,  2.82s/it]
Calculating loss...:  18%|█▊        | 9/50 [00:25<01:55,  2.81s/it]
Calculating loss...:  20%|██        | 10/50 [00:28<01:51,  2.79s/it]
Calculating loss...:  22%|██▏       | 11/50 [00:31<01:50,  2.84s/it]
Calculating loss...:  24%|██▍       | 12/50 [00:34<01:47,  2.82s/it]
Calculating loss...:  26%|██▌       | 13/50 [00:36<01:43,  2.80s/it]
Calculating loss...:  28%|██▊       | 14/50 [00:39<01:40,  2.80s/it]
Calculating loss...:  30%|███       | 15/50 [00:42<01:37,  2.79s/it]
Calculating loss...:  32%|███▏      | 16/50 [00:45<01:34,  2.79s/it]
Calculating loss...:  34%|███▍      | 17/50 [00:48<01:31,  2.78s/it]
Calculating loss...:  36%|███▌      | 18/50 [00:50<01:28,  2.78s/it]
Calculating loss...:  38%|███▊      | 19/50 [00:53<01:25,  2.77s/it]
Calculating loss...:  40%|████      | 20/50 [00:56<01:22,  2.76s/it]
Calculating loss...:  42%|████▏     | 21/50 [00:59<01:20,  2.77s/it]
Calculating loss...:  44%|████▍     | 22/50 [01:01<01:18,  2.79s/it]
Calculating loss...:  46%|████▌     | 23/50 [01:04<01:15,  2.78s/it]
Calculating loss...:  48%|████▊     | 24/50 [01:07<01:12,  2.78s/it]
Calculating loss...:  50%|█████     | 25/50 [01:10<01:09,  2.77s/it]
Calculating loss...:  52%|█████▏    | 26/50 [01:12<01:06,  2.77s/it]
Calculating loss...:  54%|█████▍    | 27/50 [01:15<01:05,  2.83s/it]
Calculating loss...:  56%|█████▌    | 28/50 [01:18<01:01,  2.82s/it]
Calculating loss...:  58%|█████▊    | 29/50 [01:21<00:58,  2.81s/it]
Calculating loss...:  60%|██████    | 30/50 [01:24<00:57,  2.86s/it]
Calculating loss...:  62%|██████▏   | 31/50 [01:27<00:53,  2.84s/it]
Calculating loss...:  64%|██████▍   | 32/50 [01:30<00:50,  2.82s/it]
Calculating loss...:  66%|██████▌   | 33/50 [01:33<00:48,  2.87s/it]
Calculating loss...:  68%|██████▊   | 34/50 [01:35<00:45,  2.84s/it]
Calculating loss...:  70%|███████   | 35/50 [01:38<00:42,  2.83s/it]
Calculating loss...:  72%|███████▏  | 36/50 [01:41<00:40,  2.87s/it]
Calculating loss...:  74%|███████▍  | 37/50 [01:44<00:37,  2.90s/it]
Calculating loss...:  76%|███████▌  | 38/50 [01:47<00:34,  2.86s/it]
Calculating loss...:  78%|███████▊  | 39/50 [01:50<00:31,  2.84s/it]
Calculating loss...:  80%|████████  | 40/50 [01:52<00:28,  2.81s/it]
Calculating loss...:  82%|████████▏ | 41/50 [01:55<00:25,  2.80s/it]
Calculating loss...:  84%|████████▍ | 42/50 [01:58<00:22,  2.79s/it]
Calculating loss...:  86%|████████▌ | 43/50 [02:01<00:19,  2.82s/it]
Calculating loss...:  88%|████████▊ | 44/50 [02:04<00:16,  2.81s/it]
Calculating loss...:  90%|█████████ | 45/50 [02:07<00:14,  2.95s/it]
Calculating loss...:  92%|█████████▏| 46/50 [02:10<00:11,  2.90s/it]
Calculating loss...:  94%|█████████▍| 47/50 [02:12<00:08,  2.87s/it]
Calculating loss...:  96%|█████████▌| 48/50 [02:15<00:05,  2.85s/it]
Calculating loss...:  98%|█████████▊| 49/50 [02:18<00:02,  2.84s/it]
Calculating loss...: 100%|██████████| 50/50 [02:21<00:00,  2.82s/it]
Calculating loss...: 100%|██████████| 50/50 [02:21<00:00,  2.83s/it]

Calculating loss...:   0%|          | 0/50 [00:00<?, ?it/s]
Calculating loss...:   2%|▏         | 1/50 [00:02<02:16,  2.79s/it]
Calculating loss...:   4%|▍         | 2/50 [00:05<02:13,  2.79s/it]
Calculating loss...:   6%|▌         | 3/50 [00:08<02:10,  2.78s/it]
Calculating loss...:   8%|▊         | 4/50 [00:11<02:08,  2.79s/it]
Calculating loss...:  10%|█         | 5/50 [00:14<02:08,  2.86s/it]
Calculating loss...:  12%|█▏        | 6/50 [00:16<02:04,  2.84s/it]
Calculating loss...:  14%|█▍        | 7/50 [00:19<02:01,  2.82s/it]
Calculating loss...:  16%|█▌        | 8/50 [00:22<01:58,  2.82s/it]
Calculating loss...:  18%|█▊        | 9/50 [00:25<01:55,  2.81s/it]
Calculating loss...:  20%|██        | 10/50 [00:28<01:52,  2.81s/it]
Calculating loss...:  22%|██▏       | 11/50 [00:30<01:49,  2.81s/it]
Calculating loss...:  24%|██▍       | 12/50 [00:33<01:46,  2.80s/it]
Calculating loss...:  26%|██▌       | 13/50 [00:36<01:43,  2.80s/it]
Calculating loss...:  28%|██▊       | 14/50 [00:39<01:40,  2.80s/it]
Calculating loss...:  30%|███       | 15/50 [00:42<01:39,  2.86s/it]
Calculating loss...:  32%|███▏      | 16/50 [00:45<01:36,  2.84s/it]
Calculating loss...:  34%|███▍      | 17/50 [00:47<01:33,  2.84s/it]
Calculating loss...:  36%|███▌      | 18/50 [00:50<01:32,  2.89s/it]
Calculating loss...:  38%|███▊      | 19/50 [00:53<01:28,  2.87s/it]
Calculating loss...:  40%|████      | 20/50 [00:56<01:25,  2.85s/it]
Calculating loss...:  42%|████▏     | 21/50 [00:59<01:25,  2.94s/it]
Calculating loss...:  44%|████▍     | 22/50 [01:02<01:21,  2.90s/it]
Calculating loss...:  46%|████▌     | 23/50 [01:05<01:17,  2.88s/it]
Calculating loss...:  48%|████▊     | 24/50 [01:08<01:14,  2.85s/it]
Calculating loss...:  50%|█████     | 25/50 [01:11<01:12,  2.89s/it]
Calculating loss...:  52%|█████▏    | 26/50 [01:13<01:08,  2.86s/it]
Calculating loss...:  54%|█████▍    | 27/50 [01:16<01:05,  2.83s/it]
Calculating loss...:  56%|█████▌    | 28/50 [01:19<01:01,  2.82s/it]
Calculating loss...:  58%|█████▊    | 29/50 [01:22<00:58,  2.79s/it]
Calculating loss...:  60%|██████    | 30/50 [01:24<00:55,  2.78s/it]
Calculating loss...:  62%|██████▏   | 31/50 [01:27<00:52,  2.77s/it]
Calculating loss...:  64%|██████▍   | 32/50 [01:30<00:49,  2.76s/it]
Calculating loss...:  66%|██████▌   | 33/50 [01:33<00:46,  2.76s/it]
Calculating loss...:  68%|██████▊   | 34/50 [01:35<00:44,  2.76s/it]
Calculating loss...:  70%|███████   | 35/50 [01:38<00:42,  2.82s/it]
Calculating loss...:  72%|███████▏  | 36/50 [01:41<00:39,  2.80s/it]
Calculating loss...:  74%|███████▍  | 37/50 [01:44<00:36,  2.79s/it]
Calculating loss...:  76%|███████▌  | 38/50 [01:47<00:33,  2.78s/it]
Calculating loss...:  78%|███████▊  | 39/50 [01:49<00:30,  2.77s/it]
Calculating loss...:  80%|████████  | 40/50 [01:52<00:27,  2.77s/it]
Calculating loss...:  82%|████████▏ | 41/50 [01:55<00:24,  2.77s/it]
Calculating loss...:  84%|████████▍ | 42/50 [01:58<00:22,  2.78s/it]
Calculating loss...:  86%|████████▌ | 43/50 [02:01<00:20,  2.86s/it]
Calculating loss...:  88%|████████▊ | 44/50 [02:04<00:16,  2.83s/it]
Calculating loss...:  90%|█████████ | 45/50 [02:06<00:14,  2.81s/it]
Calculating loss...:  92%|█████████▏| 46/50 [02:09<00:11,  2.79s/it]
Calculating loss...:  94%|█████████▍| 47/50 [02:12<00:08,  2.78s/it]
Calculating loss...:  96%|█████████▌| 48/50 [02:15<00:05,  2.77s/it]
Calculating loss...:  98%|█████████▊| 49/50 [02:17<00:02,  2.77s/it]
Calculating loss...: 100%|██████████| 50/50 [02:20<00:00,  2.76s/it]
Calculating loss...: 100%|██████████| 50/50 [02:20<00:00,  2.81s/it]

Calculating loss...:   0%|          | 0/50 [00:00<?, ?it/s]
Calculating loss...:   2%|▏         | 1/50 [00:02<02:18,  2.82s/it]
Calculating loss...:   4%|▍         | 2/50 [00:05<02:15,  2.82s/it]
Calculating loss...:   6%|▌         | 3/50 [00:08<02:12,  2.81s/it]
Calculating loss...:   8%|▊         | 4/50 [00:11<02:09,  2.81s/it]
Calculating loss...:  10%|█         | 5/50 [00:14<02:06,  2.80s/it]
Calculating loss...:  12%|█▏        | 6/50 [00:16<02:03,  2.80s/it]
Calculating loss...:  14%|█▍        | 7/50 [00:19<02:00,  2.80s/it]
Calculating loss...:  16%|█▌        | 8/50 [00:22<01:57,  2.79s/it]
Calculating loss...:  18%|█▊        | 9/50 [00:25<01:54,  2.79s/it]
Calculating loss...:  20%|██        | 10/50 [00:27<01:51,  2.79s/it]
Calculating loss...:  22%|██▏       | 11/50 [00:30<01:48,  2.79s/it]
Calculating loss...:  24%|██▍       | 12/50 [00:33<01:45,  2.78s/it]
Calculating loss...:  26%|██▌       | 13/50 [00:36<01:42,  2.77s/it]
Calculating loss...:  28%|██▊       | 14/50 [00:39<01:39,  2.77s/it]
Calculating loss...:  30%|███       | 15/50 [00:41<01:37,  2.77s/it]
Calculating loss...:  32%|███▏      | 16/50 [00:44<01:34,  2.77s/it]
Calculating loss...:  34%|███▍      | 17/50 [00:47<01:33,  2.83s/it]
Calculating loss...:  36%|███▌      | 18/50 [00:50<01:30,  2.84s/it]
Calculating loss...:  38%|███▊      | 19/50 [00:53<01:28,  2.84s/it]
Calculating loss...:  40%|████      | 20/50 [00:56<01:24,  2.82s/it]
Calculating loss...:  42%|████▏     | 21/50 [00:58<01:21,  2.81s/it]
Calculating loss...:  44%|████▍     | 22/50 [01:01<01:18,  2.80s/it]
Calculating loss...:  46%|████▌     | 23/50 [01:04<01:15,  2.80s/it]
Calculating loss...:  48%|████▊     | 24/50 [01:07<01:12,  2.79s/it]
Calculating loss...:  50%|█████     | 25/50 [01:09<01:09,  2.79s/it]
Calculating loss...:  52%|█████▏    | 26/50 [01:12<01:07,  2.80s/it]
Calculating loss...:  54%|█████▍    | 27/50 [01:15<01:05,  2.86s/it]
Calculating loss...:  56%|█████▌    | 28/50 [01:18<01:02,  2.84s/it]
Calculating loss...:  58%|█████▊    | 29/50 [01:21<00:59,  2.83s/it]
Calculating loss...:  60%|██████    | 30/50 [01:24<00:56,  2.82s/it]
Calculating loss...:  62%|██████▏   | 31/50 [01:26<00:53,  2.81s/it]
Calculating loss...:  64%|██████▍   | 32/50 [01:29<00:51,  2.86s/it]
Calculating loss...:  66%|██████▌   | 33/50 [01:32<00:49,  2.89s/it]
Calculating loss...:  68%|██████▊   | 34/50 [01:35<00:45,  2.85s/it]
Calculating loss...:  70%|███████   | 35/50 [01:38<00:42,  2.82s/it]
Calculating loss...:  72%|███████▏  | 36/50 [01:41<00:39,  2.80s/it]
Calculating loss...:  74%|███████▍  | 37/50 [01:43<00:36,  2.79s/it]
Calculating loss...:  76%|███████▌  | 38/50 [01:46<00:33,  2.79s/it]
Calculating loss...:  78%|███████▊  | 39/50 [01:49<00:30,  2.79s/it]
Calculating loss...:  80%|████████  | 40/50 [01:52<00:28,  2.80s/it]
Calculating loss...:  82%|████████▏ | 41/50 [01:55<00:25,  2.79s/it]
Calculating loss...:  84%|████████▍ | 42/50 [01:58<00:22,  2.84s/it]
Calculating loss...:  86%|████████▌ | 43/50 [02:00<00:19,  2.81s/it]
Calculating loss...:  88%|████████▊ | 44/50 [02:03<00:16,  2.79s/it]
Calculating loss...:  90%|█████████ | 45/50 [02:06<00:13,  2.77s/it]
Calculating loss...:  92%|█████████▏| 46/50 [02:09<00:11,  2.76s/it]
Calculating loss...:  94%|█████████▍| 47/50 [02:11<00:08,  2.76s/it]
Calculating loss...:  96%|█████████▌| 48/50 [02:14<00:05,  2.76s/it]
Calculating loss...:  98%|█████████▊| 49/50 [02:17<00:02,  2.75s/it]
Calculating loss...: 100%|██████████| 50/50 [02:20<00:00,  2.76s/it]
Calculating loss...: 100%|██████████| 50/50 [02:20<00:00,  2.80s/it]

Calculating loss...:   0%|          | 0/50 [00:00<?, ?it/s]
Calculating loss...:   2%|▏         | 1/50 [00:02<02:15,  2.77s/it]
Calculating loss...:   4%|▍         | 2/50 [00:05<02:12,  2.76s/it]
Calculating loss...:   6%|▌         | 3/50 [00:08<02:09,  2.77s/it]
Calculating loss...:   8%|▊         | 4/50 [00:11<02:07,  2.77s/it]
Calculating loss...:  10%|█         | 5/50 [00:13<02:04,  2.77s/it]
Calculating loss...:  12%|█▏        | 6/50 [00:16<02:01,  2.77s/it]
Calculating loss...:  14%|█▍        | 7/50 [00:19<01:59,  2.77s/it]
Calculating loss...:  16%|█▌        | 8/50 [00:22<01:56,  2.77s/it]
Calculating loss...:  18%|█▊        | 9/50 [00:24<01:53,  2.77s/it]
Calculating loss...:  20%|██        | 10/50 [00:27<01:50,  2.76s/it]
Calculating loss...:  22%|██▏       | 11/50 [00:30<01:47,  2.76s/it]
Calculating loss...:  24%|██▍       | 12/50 [00:33<01:44,  2.76s/it]
Calculating loss...:  26%|██▌       | 13/50 [00:35<01:42,  2.76s/it]
Calculating loss...:  28%|██▊       | 14/50 [00:38<01:39,  2.76s/it]
Calculating loss...:  30%|███       | 15/50 [00:41<01:36,  2.75s/it]
Calculating loss...:  32%|███▏      | 16/50 [00:44<01:33,  2.76s/it]
Calculating loss...:  34%|███▍      | 17/50 [00:46<01:30,  2.76s/it]
Calculating loss...:  36%|███▌      | 18/50 [00:49<01:28,  2.78s/it]
Calculating loss...:  38%|███▊      | 19/50 [00:52<01:26,  2.78s/it]
Calculating loss...:  40%|████      | 20/50 [00:55<01:23,  2.78s/it]
Calculating loss...:  42%|████▏     | 21/50 [00:58<01:22,  2.83s/it]
Calculating loss...:  44%|████▍     | 22/50 [01:01<01:18,  2.81s/it]
Calculating loss...:  46%|████▌     | 23/50 [01:03<01:15,  2.79s/it]
Calculating loss...:  48%|████▊     | 24/50 [01:06<01:12,  2.77s/it]
Calculating loss...:  50%|█████     | 25/50 [01:09<01:09,  2.76s/it]
Calculating loss...:  52%|█████▏    | 26/50 [01:12<01:06,  2.75s/it]
Calculating loss...:  54%|█████▍    | 27/50 [01:14<01:03,  2.75s/it]
Calculating loss...:  56%|█████▌    | 28/50 [01:17<01:01,  2.80s/it]
Calculating loss...:  58%|█████▊    | 29/50 [01:20<00:58,  2.79s/it]
Calculating loss...:  60%|██████    | 30/50 [01:23<00:56,  2.83s/it]
Calculating loss...:  62%|██████▏   | 31/50 [01:26<00:53,  2.80s/it]
Calculating loss...:  64%|██████▍   | 32/50 [01:28<00:50,  2.80s/it]
Calculating loss...:  66%|██████▌   | 33/50 [01:31<00:47,  2.79s/it]
Calculating loss...:  68%|██████▊   | 34/50 [01:34<00:44,  2.79s/it]
Calculating loss...:  70%|███████   | 35/50 [01:37<00:41,  2.78s/it]
Calculating loss...:  72%|███████▏  | 36/50 [01:39<00:38,  2.78s/it]
Calculating loss...:  74%|███████▍  | 37/50 [01:42<00:36,  2.78s/it]
Calculating loss...:  76%|███████▌  | 38/50 [01:45<00:33,  2.78s/it]
Calculating loss...:  78%|███████▊  | 39/50 [01:48<00:30,  2.77s/it]
Calculating loss...:  80%|████████  | 40/50 [01:51<00:28,  2.82s/it]
Calculating loss...:  82%|████████▏ | 41/50 [01:54<00:26,  2.94s/it]
Calculating loss...:  84%|████████▍ | 42/50 [01:57<00:23,  2.88s/it]
Calculating loss...:  86%|████████▌ | 43/50 [01:59<00:19,  2.85s/it]
Calculating loss...:  88%|████████▊ | 44/50 [02:02<00:16,  2.82s/it]
Calculating loss...:  90%|█████████ | 45/50 [02:05<00:14,  2.81s/it]
Calculating loss...:  92%|█████████▏| 46/50 [02:08<00:11,  2.80s/it]
Calculating loss...:  94%|█████████▍| 47/50 [02:11<00:08,  2.80s/it]
Calculating loss...:  96%|█████████▌| 48/50 [02:13<00:05,  2.80s/it]
Calculating loss...:  98%|█████████▊| 49/50 [02:16<00:02,  2.80s/it]
Calculating loss...: 100%|██████████| 50/50 [02:19<00:00,  2.80s/it]
Calculating loss...: 100%|██████████| 50/50 [02:19<00:00,  2.79s/it]
