Loading configuration file /Users/jayeshsuryavanshi/github-updates/ftquant/runs/week2/q06-lora-s1/train.yaml
Loading pretrained model
Loading datasets
Training
Trainable parameters: 0.847% (5.046M/596.050M)
Starting training..., iters: 500
Iter 1: Val loss 5.513, Val took 20.795s
Iter 50: Train loss 1.392, Learning Rate 1.000e-04, It/sec 0.525, Tokens/sec 23.308, Trained Tokens 2218, Peak mem 8.572 GB
Iter 100: Val loss 0.440, Val took 20.737s
Iter 100: Train loss 0.572, Learning Rate 1.000e-04, It/sec 0.528, Tokens/sec 23.715, Trained Tokens 4462, Peak mem 8.572 GB
Iter 100: Saved adapter weights to /Users/jayeshsuryavanshi/github-updates/ftquant/runs/week2/q06-lora-s1/adapter/adapters.safetensors and /Users/jayeshsuryavanshi/github-updates/ftquant/runs/week2/q06-lora-s1/adapter/0000100_adapters.safetensors.
Iter 150: Train loss 0.390, Learning Rate 1.000e-04, It/sec 0.528, Tokens/sec 23.299, Trained Tokens 6667, Peak mem 8.592 GB
Iter 200: Val loss 0.201, Val took 20.661s
Iter 200: Train loss 0.267, Learning Rate 1.000e-04, It/sec 0.523, Tokens/sec 23.407, Trained Tokens 8906, Peak mem 9.102 GB
Iter 200: Saved adapter weights to /Users/jayeshsuryavanshi/github-updates/ftquant/runs/week2/q06-lora-s1/adapter/adapters.safetensors and /Users/jayeshsuryavanshi/github-updates/ftquant/runs/week2/q06-lora-s1/adapter/0000200_adapters.safetensors.
Iter 250: Train loss 0.192, Learning Rate 1.000e-04, It/sec 0.528, Tokens/sec 23.317, Trained Tokens 11115, Peak mem 9.102 GB
Iter 300: Val loss 0.188, Val took 20.652s
Iter 300: Train loss 0.198, Learning Rate 1.000e-04, It/sec 0.529, Tokens/sec 23.492, Trained Tokens 13337, Peak mem 9.102 GB
Iter 300: Saved adapter weights to /Users/jayeshsuryavanshi/github-updates/ftquant/runs/week2/q06-lora-s1/adapter/adapters.safetensors and /Users/jayeshsuryavanshi/github-updates/ftquant/runs/week2/q06-lora-s1/adapter/0000300_adapters.safetensors.
Iter 350: Train loss 0.156, Learning Rate 1.000e-04, It/sec 0.524, Tokens/sec 23.332, Trained Tokens 15563, Peak mem 9.102 GB
Iter 400: Val loss 0.154, Val took 20.922s
Iter 400: Train loss 0.144, Learning Rate 1.000e-04, It/sec 0.527, Tokens/sec 23.539, Trained Tokens 17798, Peak mem 9.102 GB
Iter 400: Saved adapter weights to /Users/jayeshsuryavanshi/github-updates/ftquant/runs/week2/q06-lora-s1/adapter/adapters.safetensors and /Users/jayeshsuryavanshi/github-updates/ftquant/runs/week2/q06-lora-s1/adapter/0000400_adapters.safetensors.
Iter 450: Train loss 0.120, Learning Rate 1.000e-04, It/sec 0.529, Tokens/sec 23.762, Trained Tokens 20046, Peak mem 9.102 GB
Iter 500: Val loss 0.113, Val took 20.867s
Iter 500: Train loss 0.134, Learning Rate 1.000e-04, It/sec 0.532, Tokens/sec 23.151, Trained Tokens 22223, Peak mem 9.102 GB
Iter 500: Saved adapter weights to /Users/jayeshsuryavanshi/github-updates/ftquant/runs/week2/q06-lora-s1/adapter/adapters.safetensors and /Users/jayeshsuryavanshi/github-updates/ftquant/runs/week2/q06-lora-s1/adapter/0000500_adapters.safetensors.
Saved final weights to /Users/jayeshsuryavanshi/github-updates/ftquant/runs/week2/q06-lora-s1/adapter/adapters.safetensors.

Fetching 7 files:   0%|          | 0/7 [00:00<?, ?it/s]
Fetching 7 files: 100%|██████████| 7/7 [00:00<00:00, 1158.33it/s]

Calculating loss...:   0%|          | 0/25 [00:00<?, ?it/s]
Calculating loss...:   4%|▍         | 1/25 [00:00<00:20,  1.18it/s]
Calculating loss...:   8%|▊         | 2/25 [00:01<00:19,  1.21it/s]
Calculating loss...:  12%|█▏        | 3/25 [00:02<00:18,  1.17it/s]
Calculating loss...:  16%|█▌        | 4/25 [00:03<00:17,  1.19it/s]
Calculating loss...:  20%|██        | 5/25 [00:04<00:16,  1.20it/s]
Calculating loss...:  24%|██▍       | 6/25 [00:04<00:15,  1.21it/s]
Calculating loss...:  28%|██▊       | 7/25 [00:05<00:14,  1.21it/s]
Calculating loss...:  32%|███▏      | 8/25 [00:06<00:13,  1.22it/s]
Calculating loss...:  36%|███▌      | 9/25 [00:07<00:13,  1.22it/s]
Calculating loss...:  40%|████      | 10/25 [00:08<00:12,  1.19it/s]
Calculating loss...:  44%|████▍     | 11/25 [00:09<00:11,  1.17it/s]
Calculating loss...:  48%|████▊     | 12/25 [00:10<00:10,  1.19it/s]
Calculating loss...:  52%|█████▏    | 13/25 [00:10<00:10,  1.20it/s]
Calculating loss...:  56%|█████▌    | 14/25 [00:11<00:09,  1.21it/s]
Calculating loss...:  60%|██████    | 15/25 [00:12<00:08,  1.21it/s]
Calculating loss...:  64%|██████▍   | 16/25 [00:13<00:07,  1.22it/s]
Calculating loss...:  68%|██████▊   | 17/25 [00:14<00:06,  1.22it/s]
Calculating loss...:  72%|███████▏  | 18/25 [00:14<00:05,  1.19it/s]
Calculating loss...:  76%|███████▌  | 19/25 [00:15<00:04,  1.20it/s]
Calculating loss...:  80%|████████  | 20/25 [00:16<00:04,  1.21it/s]
Calculating loss...:  84%|████████▍ | 21/25 [00:17<00:03,  1.21it/s]
Calculating loss...:  88%|████████▊ | 22/25 [00:18<00:02,  1.19it/s]
Calculating loss...:  92%|█████████▏| 23/25 [00:19<00:01,  1.20it/s]
Calculating loss...:  96%|█████████▌| 24/25 [00:19<00:00,  1.20it/s]
Calculating loss...: 100%|██████████| 25/25 [00:20<00:00,  1.21it/s]
Calculating loss...: 100%|██████████| 25/25 [00:20<00:00,  1.20it/s]

Calculating loss...:   0%|          | 0/25 [00:00<?, ?it/s]
Calculating loss...:   4%|▍         | 1/25 [00:00<00:19,  1.21it/s]
Calculating loss...:   8%|▊         | 2/25 [00:01<00:18,  1.22it/s]
Calculating loss...:  12%|█▏        | 3/25 [00:02<00:17,  1.22it/s]
Calculating loss...:  16%|█▌        | 4/25 [00:03<00:17,  1.22it/s]
Calculating loss...:  20%|██        | 5/25 [00:04<00:16,  1.22it/s]
Calculating loss...:  24%|██▍       | 6/25 [00:04<00:15,  1.19it/s]
Calculating loss...:  28%|██▊       | 7/25 [00:05<00:14,  1.20it/s]
Calculating loss...:  32%|███▏      | 8/25 [00:06<00:14,  1.21it/s]
Calculating loss...:  36%|███▌      | 9/25 [00:07<00:13,  1.22it/s]
Calculating loss...:  40%|████      | 10/25 [00:08<00:12,  1.19it/s]
Calculating loss...:  44%|████▍     | 11/25 [00:09<00:11,  1.20it/s]
Calculating loss...:  48%|████▊     | 12/25 [00:09<00:10,  1.21it/s]
Calculating loss...:  52%|█████▏    | 13/25 [00:10<00:09,  1.21it/s]
Calculating loss...:  56%|█████▌    | 14/25 [00:11<00:09,  1.22it/s]
Calculating loss...:  60%|██████    | 15/25 [00:12<00:08,  1.22it/s]
Calculating loss...:  64%|██████▍   | 16/25 [00:13<00:07,  1.22it/s]
Calculating loss...:  68%|██████▊   | 17/25 [00:14<00:06,  1.23it/s]
Calculating loss...:  72%|███████▏  | 18/25 [00:14<00:05,  1.23it/s]
Calculating loss...:  76%|███████▌  | 19/25 [00:15<00:04,  1.23it/s]
Calculating loss...:  80%|████████  | 20/25 [00:16<00:04,  1.23it/s]
Calculating loss...:  84%|████████▍ | 21/25 [00:17<00:03,  1.23it/s]
Calculating loss...:  88%|████████▊ | 22/25 [00:18<00:02,  1.20it/s]
Calculating loss...:  92%|█████████▏| 23/25 [00:18<00:01,  1.21it/s]
Calculating loss...:  96%|█████████▌| 24/25 [00:19<00:00,  1.18it/s]
Calculating loss...: 100%|██████████| 25/25 [00:20<00:00,  1.16it/s]
Calculating loss...: 100%|██████████| 25/25 [00:20<00:00,  1.21it/s]

Calculating loss...:   0%|          | 0/25 [00:00<?, ?it/s]
Calculating loss...:   4%|▍         | 1/25 [00:00<00:21,  1.13it/s]
Calculating loss...:   8%|▊         | 2/25 [00:01<00:19,  1.19it/s]
Calculating loss...:  12%|█▏        | 3/25 [00:02<00:18,  1.20it/s]
Calculating loss...:  16%|█▌        | 4/25 [00:03<00:17,  1.21it/s]
Calculating loss...:  20%|██        | 5/25 [00:04<00:16,  1.21it/s]
Calculating loss...:  24%|██▍       | 6/25 [00:04<00:15,  1.22it/s]
Calculating loss...:  28%|██▊       | 7/25 [00:05<00:14,  1.22it/s]
Calculating loss...:  32%|███▏      | 8/25 [00:06<00:13,  1.22it/s]
Calculating loss...:  36%|███▌      | 9/25 [00:07<00:13,  1.19it/s]
Calculating loss...:  40%|████      | 10/25 [00:08<00:12,  1.20it/s]
Calculating loss...:  44%|████▍     | 11/25 [00:09<00:11,  1.21it/s]
Calculating loss...:  48%|████▊     | 12/25 [00:09<00:10,  1.19it/s]
Calculating loss...:  52%|█████▏    | 13/25 [00:10<00:10,  1.20it/s]
Calculating loss...:  56%|█████▌    | 14/25 [00:11<00:09,  1.21it/s]
Calculating loss...:  60%|██████    | 15/25 [00:12<00:08,  1.21it/s]
Calculating loss...:  64%|██████▍   | 16/25 [00:13<00:07,  1.20it/s]
Calculating loss...:  68%|██████▊   | 17/25 [00:14<00:06,  1.20it/s]
Calculating loss...:  72%|███████▏  | 18/25 [00:14<00:05,  1.21it/s]
Calculating loss...:  76%|███████▌  | 19/25 [00:15<00:04,  1.21it/s]
Calculating loss...:  80%|████████  | 20/25 [00:16<00:04,  1.22it/s]
Calculating loss...:  84%|████████▍ | 21/25 [00:17<00:03,  1.22it/s]
Calculating loss...:  88%|████████▊ | 22/25 [00:18<00:02,  1.22it/s]
Calculating loss...:  92%|█████████▏| 23/25 [00:19<00:01,  1.22it/s]
Calculating loss...:  96%|█████████▌| 24/25 [00:19<00:00,  1.23it/s]
Calculating loss...: 100%|██████████| 25/25 [00:20<00:00,  1.23it/s]
Calculating loss...: 100%|██████████| 25/25 [00:20<00:00,  1.21it/s]

Calculating loss...:   0%|          | 0/25 [00:00<?, ?it/s]
Calculating loss...:   4%|▍         | 1/25 [00:00<00:19,  1.23it/s]
Calculating loss...:   8%|▊         | 2/25 [00:01<00:18,  1.22it/s]
Calculating loss...:  12%|█▏        | 3/25 [00:02<00:18,  1.22it/s]
Calculating loss...:  16%|█▌        | 4/25 [00:03<00:17,  1.22it/s]
Calculating loss...:  20%|██        | 5/25 [00:04<00:16,  1.19it/s]
Calculating loss...:  24%|██▍       | 6/25 [00:05<00:16,  1.17it/s]
Calculating loss...:  28%|██▊       | 7/25 [00:05<00:15,  1.19it/s]
Calculating loss...:  32%|███▏      | 8/25 [00:06<00:14,  1.20it/s]
Calculating loss...:  36%|███▌      | 9/25 [00:07<00:13,  1.21it/s]
Calculating loss...:  40%|████      | 10/25 [00:08<00:12,  1.21it/s]
Calculating loss...:  44%|████▍     | 11/25 [00:09<00:11,  1.22it/s]
Calculating loss...:  48%|████▊     | 12/25 [00:09<00:10,  1.22it/s]
Calculating loss...:  52%|█████▏    | 13/25 [00:10<00:09,  1.22it/s]
Calculating loss...:  56%|█████▌    | 14/25 [00:11<00:08,  1.22it/s]
Calculating loss...:  60%|██████    | 15/25 [00:12<00:08,  1.23it/s]
Calculating loss...:  64%|██████▍   | 16/25 [00:13<00:07,  1.23it/s]
Calculating loss...:  68%|██████▊   | 17/25 [00:13<00:06,  1.23it/s]
Calculating loss...:  72%|███████▏  | 18/25 [00:14<00:05,  1.23it/s]
Calculating loss...:  76%|███████▌  | 19/25 [00:15<00:04,  1.23it/s]
Calculating loss...:  80%|████████  | 20/25 [00:16<00:04,  1.23it/s]
Calculating loss...:  84%|████████▍ | 21/25 [00:17<00:03,  1.23it/s]
Calculating loss...:  88%|████████▊ | 22/25 [00:18<00:02,  1.23it/s]
Calculating loss...:  92%|█████████▏| 23/25 [00:18<00:01,  1.22it/s]
Calculating loss...:  96%|█████████▌| 24/25 [00:19<00:00,  1.20it/s]
Calculating loss...: 100%|██████████| 25/25 [00:20<00:00,  1.18it/s]
Calculating loss...: 100%|██████████| 25/25 [00:20<00:00,  1.21it/s]

Calculating loss...:   0%|          | 0/25 [00:00<?, ?it/s]
Calculating loss...:   4%|▍         | 1/25 [00:00<00:19,  1.22it/s]
Calculating loss...:   8%|▊         | 2/25 [00:01<00:19,  1.17it/s]
Calculating loss...:  12%|█▏        | 3/25 [00:02<00:18,  1.19it/s]
Calculating loss...:  16%|█▌        | 4/25 [00:03<00:17,  1.17it/s]
Calculating loss...:  20%|██        | 5/25 [00:04<00:16,  1.19it/s]
Calculating loss...:  24%|██▍       | 6/25 [00:05<00:15,  1.20it/s]
Calculating loss...:  28%|██▊       | 7/25 [00:05<00:14,  1.21it/s]
Calculating loss...:  32%|███▏      | 8/25 [00:06<00:14,  1.19it/s]
Calculating loss...:  36%|███▌      | 9/25 [00:07<00:13,  1.20it/s]
Calculating loss...:  40%|████      | 10/25 [00:08<00:12,  1.18it/s]
Calculating loss...:  44%|████▍     | 11/25 [00:09<00:11,  1.19it/s]
Calculating loss...:  48%|████▊     | 12/25 [00:10<00:10,  1.20it/s]
Calculating loss...:  52%|█████▏    | 13/25 [00:10<00:10,  1.18it/s]
Calculating loss...:  56%|█████▌    | 14/25 [00:11<00:09,  1.19it/s]
Calculating loss...:  60%|██████    | 15/25 [00:12<00:08,  1.20it/s]
Calculating loss...:  64%|██████▍   | 16/25 [00:13<00:07,  1.21it/s]
Calculating loss...:  68%|██████▊   | 17/25 [00:14<00:06,  1.22it/s]
Calculating loss...:  72%|███████▏  | 18/25 [00:15<00:05,  1.22it/s]
Calculating loss...:  76%|███████▌  | 19/25 [00:15<00:05,  1.20it/s]
Calculating loss...:  80%|████████  | 20/25 [00:16<00:04,  1.20it/s]
Calculating loss...:  84%|████████▍ | 21/25 [00:17<00:03,  1.18it/s]
Calculating loss...:  88%|████████▊ | 22/25 [00:18<00:02,  1.19it/s]
Calculating loss...:  92%|█████████▏| 23/25 [00:19<00:01,  1.20it/s]
Calculating loss...:  96%|█████████▌| 24/25 [00:20<00:00,  1.18it/s]
Calculating loss...: 100%|██████████| 25/25 [00:20<00:00,  1.19it/s]
Calculating loss...: 100%|██████████| 25/25 [00:20<00:00,  1.20it/s]

Calculating loss...:   0%|          | 0/25 [00:00<?, ?it/s]
Calculating loss...:   4%|▍         | 1/25 [00:01<00:24,  1.01s/it]
Calculating loss...:   8%|▊         | 2/25 [00:01<00:20,  1.11it/s]
Calculating loss...:  12%|█▏        | 3/25 [00:02<00:19,  1.15it/s]
Calculating loss...:  16%|█▌        | 4/25 [00:03<00:17,  1.18it/s]
Calculating loss...:  20%|██        | 5/25 [00:04<00:16,  1.20it/s]
Calculating loss...:  24%|██▍       | 6/25 [00:05<00:15,  1.21it/s]
Calculating loss...:  28%|██▊       | 7/25 [00:05<00:14,  1.22it/s]
Calculating loss...:  32%|███▏      | 8/25 [00:06<00:13,  1.22it/s]
Calculating loss...:  36%|███▌      | 9/25 [00:07<00:13,  1.19it/s]
Calculating loss...:  40%|████      | 10/25 [00:08<00:12,  1.20it/s]
Calculating loss...:  44%|████▍     | 11/25 [00:09<00:11,  1.21it/s]
Calculating loss...:  48%|████▊     | 12/25 [00:10<00:10,  1.22it/s]
Calculating loss...:  52%|█████▏    | 13/25 [00:10<00:10,  1.19it/s]
Calculating loss...:  56%|█████▌    | 14/25 [00:11<00:09,  1.17it/s]
Calculating loss...:  60%|██████    | 15/25 [00:12<00:08,  1.19it/s]
Calculating loss...:  64%|██████▍   | 16/25 [00:13<00:07,  1.20it/s]
Calculating loss...:  68%|██████▊   | 17/25 [00:14<00:06,  1.21it/s]
Calculating loss...:  72%|███████▏  | 18/25 [00:15<00:05,  1.21it/s]
Calculating loss...:  76%|███████▌  | 19/25 [00:15<00:04,  1.22it/s]
Calculating loss...:  80%|████████  | 20/25 [00:16<00:04,  1.19it/s]
Calculating loss...:  84%|████████▍ | 21/25 [00:17<00:03,  1.19it/s]
Calculating loss...:  88%|████████▊ | 22/25 [00:18<00:02,  1.20it/s]
Calculating loss...:  92%|█████████▏| 23/25 [00:19<00:01,  1.21it/s]
Calculating loss...:  96%|█████████▌| 24/25 [00:20<00:00,  1.22it/s]
Calculating loss...: 100%|██████████| 25/25 [00:20<00:00,  1.22it/s]
Calculating loss...: 100%|██████████| 25/25 [00:20<00:00,  1.20it/s]
