Loading configuration file /Users/jayeshsuryavanshi/github-updates/ftquant/runs/week3/olmo1-lora/train.yaml
Loading pretrained model
Loading datasets
Training
Trainable parameters: 0.406% (6.029M/1484.917M)
Starting training..., iters: 500
Iter 1: Val loss 2.213, Val took 38.276s
Iter 50: Train loss 1.326, Learning Rate 1.000e-04, It/sec 0.228, Tokens/sec 5.783, Trained Tokens 1270, Peak mem 5.417 GB
Iter 100: Val loss 0.657, Val took 38.154s
Iter 100: Train loss 0.793, Learning Rate 1.000e-04, It/sec 0.227, Tokens/sec 5.634, Trained Tokens 2512, Peak mem 5.472 GB
Iter 100: Saved adapter weights to /Users/jayeshsuryavanshi/github-updates/ftquant/runs/week3/olmo1-lora/adapter/adapters.safetensors and /Users/jayeshsuryavanshi/github-updates/ftquant/runs/week3/olmo1-lora/adapter/0000100_adapters.safetensors.
Iter 150: Train loss 0.513, Learning Rate 1.000e-04, It/sec 0.228, Tokens/sec 5.574, Trained Tokens 3737, Peak mem 5.472 GB
Iter 200: Val loss 0.278, Val took 38.121s
Iter 200: Train loss 0.466, Learning Rate 1.000e-04, It/sec 0.228, Tokens/sec 5.334, Trained Tokens 4907, Peak mem 5.496 GB
Iter 200: Saved adapter weights to /Users/jayeshsuryavanshi/github-updates/ftquant/runs/week3/olmo1-lora/adapter/adapters.safetensors and /Users/jayeshsuryavanshi/github-updates/ftquant/runs/week3/olmo1-lora/adapter/0000200_adapters.safetensors.
Iter 250: Train loss 0.294, Learning Rate 1.000e-04, It/sec 0.228, Tokens/sec 5.752, Trained Tokens 6167, Peak mem 5.496 GB
Iter 300: Val loss 0.204, Val took 38.024s
Iter 300: Train loss 0.252, Learning Rate 1.000e-04, It/sec 0.228, Tokens/sec 5.565, Trained Tokens 7386, Peak mem 5.496 GB
Iter 300: Saved adapter weights to /Users/jayeshsuryavanshi/github-updates/ftquant/runs/week3/olmo1-lora/adapter/adapters.safetensors and /Users/jayeshsuryavanshi/github-updates/ftquant/runs/week3/olmo1-lora/adapter/0000300_adapters.safetensors.
Iter 350: Train loss 0.193, Learning Rate 1.000e-04, It/sec 0.229, Tokens/sec 5.676, Trained Tokens 8623, Peak mem 5.496 GB
Iter 400: Val loss 0.158, Val took 38.008s
Iter 400: Train loss 0.178, Learning Rate 1.000e-04, It/sec 0.230, Tokens/sec 5.657, Trained Tokens 9854, Peak mem 5.496 GB
Iter 400: Saved adapter weights to /Users/jayeshsuryavanshi/github-updates/ftquant/runs/week3/olmo1-lora/adapter/adapters.safetensors and /Users/jayeshsuryavanshi/github-updates/ftquant/runs/week3/olmo1-lora/adapter/0000400_adapters.safetensors.
Iter 450: Train loss 0.175, Learning Rate 1.000e-04, It/sec 0.226, Tokens/sec 5.612, Trained Tokens 11093, Peak mem 5.496 GB
Iter 500: Val loss 0.134, Val took 38.262s
Iter 500: Train loss 0.149, Learning Rate 1.000e-04, It/sec 0.226, Tokens/sec 5.481, Trained Tokens 12303, Peak mem 5.496 GB
Iter 500: Saved adapter weights to /Users/jayeshsuryavanshi/github-updates/ftquant/runs/week3/olmo1-lora/adapter/adapters.safetensors and /Users/jayeshsuryavanshi/github-updates/ftquant/runs/week3/olmo1-lora/adapter/0000500_adapters.safetensors.
Saved final weights to /Users/jayeshsuryavanshi/github-updates/ftquant/runs/week3/olmo1-lora/adapter/adapters.safetensors.

Fetching 8 files:   0%|          | 0/8 [00:00<?, ?it/s]
Fetching 8 files: 100%|██████████| 8/8 [00:00<00:00, 1834.38it/s]

Calculating loss...:   0%|          | 0/25 [00:00<?, ?it/s]
Calculating loss...:   4%|▍         | 1/25 [00:01<00:39,  1.64s/it]
Calculating loss...:   8%|▊         | 2/25 [00:03<00:35,  1.56s/it]
Calculating loss...:  12%|█▏        | 3/25 [00:04<00:34,  1.59s/it]
Calculating loss...:  16%|█▌        | 4/25 [00:06<00:32,  1.55s/it]
Calculating loss...:  20%|██        | 5/25 [00:07<00:30,  1.54s/it]
Calculating loss...:  24%|██▍       | 6/25 [00:09<00:28,  1.52s/it]
Calculating loss...:  28%|██▊       | 7/25 [00:10<00:27,  1.52s/it]
Calculating loss...:  32%|███▏      | 8/25 [00:12<00:25,  1.51s/it]
Calculating loss...:  36%|███▌      | 9/25 [00:13<00:24,  1.51s/it]
Calculating loss...:  40%|████      | 10/25 [00:15<00:22,  1.51s/it]
Calculating loss...:  44%|████▍     | 11/25 [00:16<00:21,  1.50s/it]
Calculating loss...:  48%|████▊     | 12/25 [00:18<00:19,  1.50s/it]
Calculating loss...:  52%|█████▏    | 13/25 [00:19<00:18,  1.54s/it]
Calculating loss...:  56%|█████▌    | 14/25 [00:21<00:16,  1.53s/it]
Calculating loss...:  60%|██████    | 15/25 [00:22<00:15,  1.52s/it]
Calculating loss...:  64%|██████▍   | 16/25 [00:24<00:13,  1.51s/it]
Calculating loss...:  68%|██████▊   | 17/25 [00:25<00:12,  1.51s/it]
Calculating loss...:  72%|███████▏  | 18/25 [00:27<00:10,  1.54s/it]
Calculating loss...:  76%|███████▌  | 19/25 [00:29<00:09,  1.53s/it]
Calculating loss...:  80%|████████  | 20/25 [00:30<00:07,  1.52s/it]
Calculating loss...:  84%|████████▍ | 21/25 [00:32<00:06,  1.59s/it]
Calculating loss...:  88%|████████▊ | 22/25 [00:33<00:04,  1.56s/it]
Calculating loss...:  92%|█████████▏| 23/25 [00:35<00:03,  1.54s/it]
Calculating loss...:  96%|█████████▌| 24/25 [00:36<00:01,  1.53s/it]
Calculating loss...: 100%|██████████| 25/25 [00:38<00:00,  1.52s/it]
Calculating loss...: 100%|██████████| 25/25 [00:38<00:00,  1.53s/it]

Calculating loss...:   0%|          | 0/25 [00:00<?, ?it/s]
Calculating loss...:   4%|▍         | 1/25 [00:01<00:36,  1.50s/it]
Calculating loss...:   8%|▊         | 2/25 [00:03<00:34,  1.50s/it]
Calculating loss...:  12%|█▏        | 3/25 [00:04<00:33,  1.50s/it]
Calculating loss...:  16%|█▌        | 4/25 [00:06<00:31,  1.50s/it]
Calculating loss...:  20%|██        | 5/25 [00:07<00:30,  1.50s/it]
Calculating loss...:  24%|██▍       | 6/25 [00:09<00:28,  1.50s/it]
Calculating loss...:  28%|██▊       | 7/25 [00:10<00:27,  1.54s/it]
Calculating loss...:  32%|███▏      | 8/25 [00:12<00:25,  1.53s/it]
Calculating loss...:  36%|███▌      | 9/25 [00:13<00:24,  1.52s/it]
Calculating loss...:  40%|████      | 10/25 [00:15<00:22,  1.51s/it]
Calculating loss...:  44%|████▍     | 11/25 [00:16<00:21,  1.51s/it]
Calculating loss...:  48%|████▊     | 12/25 [00:18<00:19,  1.51s/it]
Calculating loss...:  52%|█████▏    | 13/25 [00:19<00:18,  1.51s/it]
Calculating loss...:  56%|█████▌    | 14/25 [00:21<00:16,  1.54s/it]
Calculating loss...:  60%|██████    | 15/25 [00:22<00:15,  1.53s/it]
Calculating loss...:  64%|██████▍   | 16/25 [00:24<00:13,  1.52s/it]
Calculating loss...:  68%|██████▊   | 17/25 [00:25<00:12,  1.51s/it]
Calculating loss...:  72%|███████▏  | 18/25 [00:27<00:10,  1.51s/it]
Calculating loss...:  76%|███████▌  | 19/25 [00:28<00:09,  1.51s/it]
Calculating loss...:  80%|████████  | 20/25 [00:30<00:07,  1.54s/it]
Calculating loss...:  84%|████████▍ | 21/25 [00:32<00:06,  1.56s/it]
Calculating loss...:  88%|████████▊ | 22/25 [00:33<00:04,  1.58s/it]
Calculating loss...:  92%|█████████▏| 23/25 [00:35<00:03,  1.56s/it]
Calculating loss...:  96%|█████████▌| 24/25 [00:36<00:01,  1.54s/it]
Calculating loss...: 100%|██████████| 25/25 [00:38<00:00,  1.53s/it]
Calculating loss...: 100%|██████████| 25/25 [00:38<00:00,  1.53s/it]

Calculating loss...:   0%|          | 0/25 [00:00<?, ?it/s]
Calculating loss...:   4%|▍         | 1/25 [00:01<00:36,  1.50s/it]
Calculating loss...:   8%|▊         | 2/25 [00:03<00:36,  1.57s/it]
Calculating loss...:  12%|█▏        | 3/25 [00:04<00:33,  1.54s/it]
Calculating loss...:  16%|█▌        | 4/25 [00:06<00:32,  1.52s/it]
Calculating loss...:  20%|██        | 5/25 [00:07<00:30,  1.52s/it]
Calculating loss...:  24%|██▍       | 6/25 [00:09<00:28,  1.51s/it]
Calculating loss...:  28%|██▊       | 7/25 [00:10<00:27,  1.51s/it]
Calculating loss...:  32%|███▏      | 8/25 [00:12<00:25,  1.51s/it]
Calculating loss...:  36%|███▌      | 9/25 [00:13<00:24,  1.51s/it]
Calculating loss...:  40%|████      | 10/25 [00:15<00:22,  1.51s/it]
Calculating loss...:  44%|████▍     | 11/25 [00:16<00:21,  1.50s/it]
Calculating loss...:  48%|████▊     | 12/25 [00:18<00:19,  1.50s/it]
Calculating loss...:  52%|█████▏    | 13/25 [00:19<00:18,  1.50s/it]
Calculating loss...:  56%|█████▌    | 14/25 [00:21<00:16,  1.50s/it]
Calculating loss...:  60%|██████    | 15/25 [00:22<00:15,  1.50s/it]
Calculating loss...:  64%|██████▍   | 16/25 [00:24<00:13,  1.54s/it]
Calculating loss...:  68%|██████▊   | 17/25 [00:25<00:12,  1.56s/it]
Calculating loss...:  72%|███████▏  | 18/25 [00:27<00:10,  1.54s/it]
Calculating loss...:  76%|███████▌  | 19/25 [00:28<00:09,  1.53s/it]
Calculating loss...:  80%|████████  | 20/25 [00:30<00:07,  1.56s/it]
Calculating loss...:  84%|████████▍ | 21/25 [00:32<00:06,  1.57s/it]
Calculating loss...:  88%|████████▊ | 22/25 [00:33<00:04,  1.55s/it]
Calculating loss...:  92%|█████████▏| 23/25 [00:35<00:03,  1.54s/it]
Calculating loss...:  96%|█████████▌| 24/25 [00:36<00:01,  1.53s/it]
Calculating loss...: 100%|██████████| 25/25 [00:38<00:00,  1.52s/it]
Calculating loss...: 100%|██████████| 25/25 [00:38<00:00,  1.52s/it]

Calculating loss...:   0%|          | 0/25 [00:00<?, ?it/s]
Calculating loss...:   4%|▍         | 1/25 [00:01<00:36,  1.51s/it]
Calculating loss...:   8%|▊         | 2/25 [00:03<00:34,  1.50s/it]
Calculating loss...:  12%|█▏        | 3/25 [00:04<00:33,  1.50s/it]
Calculating loss...:  16%|█▌        | 4/25 [00:06<00:32,  1.55s/it]
Calculating loss...:  20%|██        | 5/25 [00:07<00:31,  1.57s/it]
Calculating loss...:  24%|██▍       | 6/25 [00:09<00:29,  1.55s/it]
Calculating loss...:  28%|██▊       | 7/25 [00:10<00:27,  1.53s/it]
Calculating loss...:  32%|███▏      | 8/25 [00:12<00:25,  1.52s/it]
Calculating loss...:  36%|███▌      | 9/25 [00:13<00:24,  1.52s/it]
Calculating loss...:  40%|████      | 10/25 [00:15<00:22,  1.51s/it]
Calculating loss...:  44%|████▍     | 11/25 [00:16<00:21,  1.51s/it]
Calculating loss...:  48%|████▊     | 12/25 [00:18<00:19,  1.51s/it]
Calculating loss...:  52%|█████▏    | 13/25 [00:19<00:18,  1.51s/it]
Calculating loss...:  56%|█████▌    | 14/25 [00:21<00:16,  1.50s/it]
Calculating loss...:  60%|██████    | 15/25 [00:22<00:15,  1.50s/it]
Calculating loss...:  64%|██████▍   | 16/25 [00:24<00:13,  1.54s/it]
Calculating loss...:  68%|██████▊   | 17/25 [00:25<00:12,  1.53s/it]
Calculating loss...:  72%|███████▏  | 18/25 [00:27<00:10,  1.52s/it]
Calculating loss...:  76%|███████▌  | 19/25 [00:28<00:09,  1.51s/it]
Calculating loss...:  80%|████████  | 20/25 [00:30<00:07,  1.51s/it]
Calculating loss...:  84%|████████▍ | 21/25 [00:31<00:06,  1.51s/it]
Calculating loss...:  88%|████████▊ | 22/25 [00:33<00:04,  1.54s/it]
Calculating loss...:  92%|█████████▏| 23/25 [00:35<00:03,  1.53s/it]
Calculating loss...:  96%|█████████▌| 24/25 [00:36<00:01,  1.52s/it]
Calculating loss...: 100%|██████████| 25/25 [00:38<00:00,  1.52s/it]
Calculating loss...: 100%|██████████| 25/25 [00:38<00:00,  1.52s/it]

Calculating loss...:   0%|          | 0/25 [00:00<?, ?it/s]
Calculating loss...:   4%|▍         | 1/25 [00:01<00:36,  1.50s/it]
Calculating loss...:   8%|▊         | 2/25 [00:03<00:34,  1.50s/it]
Calculating loss...:  12%|█▏        | 3/25 [00:04<00:32,  1.50s/it]
Calculating loss...:  16%|█▌        | 4/25 [00:06<00:31,  1.50s/it]
Calculating loss...:  20%|██        | 5/25 [00:07<00:30,  1.50s/it]
Calculating loss...:  24%|██▍       | 6/25 [00:09<00:28,  1.50s/it]
Calculating loss...:  28%|██▊       | 7/25 [00:10<00:27,  1.50s/it]
Calculating loss...:  32%|███▏      | 8/25 [00:12<00:25,  1.50s/it]
Calculating loss...:  36%|███▌      | 9/25 [00:13<00:24,  1.50s/it]
Calculating loss...:  40%|████      | 10/25 [00:15<00:22,  1.50s/it]
Calculating loss...:  44%|████▍     | 11/25 [00:16<00:21,  1.50s/it]
Calculating loss...:  48%|████▊     | 12/25 [00:18<00:19,  1.54s/it]
Calculating loss...:  52%|█████▏    | 13/25 [00:19<00:18,  1.53s/it]
Calculating loss...:  56%|█████▌    | 14/25 [00:21<00:17,  1.56s/it]
Calculating loss...:  60%|██████    | 15/25 [00:22<00:15,  1.54s/it]
Calculating loss...:  64%|██████▍   | 16/25 [00:24<00:13,  1.53s/it]
Calculating loss...:  68%|██████▊   | 17/25 [00:25<00:12,  1.52s/it]
Calculating loss...:  72%|███████▏  | 18/25 [00:27<00:10,  1.55s/it]
Calculating loss...:  76%|███████▌  | 19/25 [00:28<00:09,  1.54s/it]
Calculating loss...:  80%|████████  | 20/25 [00:30<00:07,  1.56s/it]
Calculating loss...:  84%|████████▍ | 21/25 [00:32<00:06,  1.54s/it]
Calculating loss...:  88%|████████▊ | 22/25 [00:33<00:04,  1.53s/it]
Calculating loss...:  92%|█████████▏| 23/25 [00:35<00:03,  1.52s/it]
Calculating loss...:  96%|█████████▌| 24/25 [00:36<00:01,  1.51s/it]
Calculating loss...: 100%|██████████| 25/25 [00:38<00:00,  1.51s/it]
Calculating loss...: 100%|██████████| 25/25 [00:38<00:00,  1.52s/it]

Calculating loss...:   0%|          | 0/25 [00:00<?, ?it/s]
Calculating loss...:   4%|▍         | 1/25 [00:01<00:36,  1.50s/it]
Calculating loss...:   8%|▊         | 2/25 [00:03<00:34,  1.50s/it]
Calculating loss...:  12%|█▏        | 3/25 [00:04<00:33,  1.50s/it]
Calculating loss...:  16%|█▌        | 4/25 [00:06<00:31,  1.50s/it]
Calculating loss...:  20%|██        | 5/25 [00:07<00:30,  1.50s/it]
Calculating loss...:  24%|██▍       | 6/25 [00:09<00:29,  1.54s/it]
Calculating loss...:  28%|██▊       | 7/25 [00:10<00:27,  1.53s/it]
Calculating loss...:  32%|███▏      | 8/25 [00:12<00:25,  1.52s/it]
Calculating loss...:  36%|███▌      | 9/25 [00:13<00:24,  1.55s/it]
Calculating loss...:  40%|████      | 10/25 [00:15<00:23,  1.57s/it]
Calculating loss...:  44%|████▍     | 11/25 [00:16<00:21,  1.55s/it]
Calculating loss...:  48%|████▊     | 12/25 [00:18<00:19,  1.54s/it]
Calculating loss...:  52%|█████▏    | 13/25 [00:19<00:18,  1.53s/it]
Calculating loss...:  56%|█████▌    | 14/25 [00:21<00:16,  1.52s/it]
Calculating loss...:  60%|██████    | 15/25 [00:23<00:15,  1.55s/it]
Calculating loss...:  64%|██████▍   | 16/25 [00:24<00:13,  1.53s/it]
Calculating loss...:  68%|██████▊   | 17/25 [00:26<00:12,  1.53s/it]
Calculating loss...:  72%|███████▏  | 18/25 [00:27<00:10,  1.52s/it]
Calculating loss...:  76%|███████▌  | 19/25 [00:29<00:09,  1.51s/it]
Calculating loss...:  80%|████████  | 20/25 [00:30<00:07,  1.58s/it]
Calculating loss...:  84%|████████▍ | 21/25 [00:32<00:06,  1.56s/it]
Calculating loss...:  88%|████████▊ | 22/25 [00:33<00:04,  1.54s/it]
Calculating loss...:  92%|█████████▏| 23/25 [00:35<00:03,  1.53s/it]
Calculating loss...:  96%|█████████▌| 24/25 [00:36<00:01,  1.52s/it]
Calculating loss...: 100%|██████████| 25/25 [00:38<00:00,  1.51s/it]
Calculating loss...: 100%|██████████| 25/25 [00:38<00:00,  1.53s/it]
