Loading configuration file /Users/jayeshsuryavanshi/github-updates/ftquant/runs/week4/mas06-lora-s1/train.yaml
Loading pretrained model
Loading datasets
Training
Trainable parameters: 0.847% (5.046M/596.050M)
Starting training..., iters: 500
Iter 1: Val loss 4.430, Val took 21.880s
Iter 50: Train loss 0.579, Learning Rate 1.000e-04, It/sec 0.518, Tokens/sec 38.800, Trained Tokens 3744, Peak mem 5.577 GB
Iter 100: Val loss 0.199, Val took 23.793s
Iter 100: Train loss 0.353, Learning Rate 1.000e-04, It/sec 0.496, Tokens/sec 37.337, Trained Tokens 7511, Peak mem 5.577 GB
Iter 100: Saved adapter weights to /Users/jayeshsuryavanshi/github-updates/ftquant/runs/week4/mas06-lora-s1/adapter/adapters.safetensors and /Users/jayeshsuryavanshi/github-updates/ftquant/runs/week4/mas06-lora-s1/adapter/0000100_adapters.safetensors.
Iter 150: Train loss 0.175, Learning Rate 1.000e-04, It/sec 0.503, Tokens/sec 36.740, Trained Tokens 11162, Peak mem 5.577 GB
Iter 200: Val loss 0.119, Val took 25.657s
Iter 200: Train loss 0.159, Learning Rate 1.000e-04, It/sec 0.478, Tokens/sec 35.740, Trained Tokens 14904, Peak mem 5.597 GB
Iter 200: Saved adapter weights to /Users/jayeshsuryavanshi/github-updates/ftquant/runs/week4/mas06-lora-s1/adapter/adapters.safetensors and /Users/jayeshsuryavanshi/github-updates/ftquant/runs/week4/mas06-lora-s1/adapter/0000200_adapters.safetensors.
Iter 250: Train loss 0.130, Learning Rate 1.000e-04, It/sec 0.561, Tokens/sec 42.566, Trained Tokens 18695, Peak mem 5.597 GB
Iter 300: Val loss 0.131, Val took 11.906s
Iter 300: Train loss 0.109, Learning Rate 1.000e-04, It/sec 0.919, Tokens/sec 72.877, Trained Tokens 22659, Peak mem 5.597 GB
Iter 300: Saved adapter weights to /Users/jayeshsuryavanshi/github-updates/ftquant/runs/week4/mas06-lora-s1/adapter/adapters.safetensors and /Users/jayeshsuryavanshi/github-updates/ftquant/runs/week4/mas06-lora-s1/adapter/0000300_adapters.safetensors.
Iter 350: Train loss 0.123, Learning Rate 1.000e-04, It/sec 0.938, Tokens/sec 70.212, Trained Tokens 26403, Peak mem 5.597 GB
Iter 400: Val loss 0.107, Val took 12.365s
Iter 400: Train loss 0.100, Learning Rate 1.000e-04, It/sec 0.923, Tokens/sec 65.906, Trained Tokens 29974, Peak mem 5.597 GB
Iter 400: Saved adapter weights to /Users/jayeshsuryavanshi/github-updates/ftquant/runs/week4/mas06-lora-s1/adapter/adapters.safetensors and /Users/jayeshsuryavanshi/github-updates/ftquant/runs/week4/mas06-lora-s1/adapter/0000400_adapters.safetensors.
Iter 450: Train loss 0.118, Learning Rate 1.000e-04, It/sec 0.486, Tokens/sec 35.347, Trained Tokens 33612, Peak mem 5.597 GB
Iter 500: Val loss 0.133, Val took 12.041s
Iter 500: Train loss 0.112, Learning Rate 1.000e-04, It/sec 0.510, Tokens/sec 38.196, Trained Tokens 37354, Peak mem 5.597 GB
Iter 500: Saved adapter weights to /Users/jayeshsuryavanshi/github-updates/ftquant/runs/week4/mas06-lora-s1/adapter/adapters.safetensors and /Users/jayeshsuryavanshi/github-updates/ftquant/runs/week4/mas06-lora-s1/adapter/0000500_adapters.safetensors.
Saved final weights to /Users/jayeshsuryavanshi/github-updates/ftquant/runs/week4/mas06-lora-s1/adapter/adapters.safetensors.

Fetching 7 files:   0%|          | 0/7 [00:00<?, ?it/s]
Fetching 7 files: 100%|██████████| 7/7 [00:00<00:00, 2659.67it/s]

Calculating loss...:   0%|          | 0/25 [00:00<?, ?it/s]
Calculating loss...:   4%|▍         | 1/25 [00:00<00:21,  1.10it/s]
Calculating loss...:   8%|▊         | 2/25 [00:01<00:20,  1.13it/s]
Calculating loss...:  12%|█▏        | 3/25 [00:02<00:19,  1.15it/s]
Calculating loss...:  16%|█▌        | 4/25 [00:03<00:18,  1.16it/s]
Calculating loss...:  20%|██        | 5/25 [00:04<00:17,  1.15it/s]
Calculating loss...:  24%|██▍       | 6/25 [00:05<00:16,  1.15it/s]
Calculating loss...:  28%|██▊       | 7/25 [00:06<00:15,  1.14it/s]
Calculating loss...:  32%|███▏      | 8/25 [00:06<00:14,  1.16it/s]
Calculating loss...:  36%|███▌      | 9/25 [00:07<00:14,  1.14it/s]
Calculating loss...:  40%|████      | 10/25 [00:08<00:13,  1.13it/s]
Calculating loss...:  44%|████▍     | 11/25 [00:09<00:12,  1.14it/s]
Calculating loss...:  48%|████▊     | 12/25 [00:10<00:11,  1.14it/s]
Calculating loss...:  52%|█████▏    | 13/25 [00:11<00:10,  1.15it/s]
Calculating loss...:  56%|█████▌    | 14/25 [00:12<00:09,  1.15it/s]
Calculating loss...:  60%|██████    | 15/25 [00:13<00:08,  1.15it/s]
Calculating loss...:  64%|██████▍   | 16/25 [00:13<00:07,  1.14it/s]
Calculating loss...:  68%|██████▊   | 17/25 [00:14<00:07,  1.13it/s]
Calculating loss...:  72%|███████▏  | 18/25 [00:15<00:06,  1.13it/s]
Calculating loss...:  76%|███████▌  | 19/25 [00:16<00:05,  1.14it/s]
Calculating loss...:  80%|████████  | 20/25 [00:17<00:04,  1.14it/s]
Calculating loss...:  84%|████████▍ | 21/25 [00:18<00:03,  1.14it/s]
Calculating loss...:  88%|████████▊ | 22/25 [00:19<00:02,  1.14it/s]
Calculating loss...:  92%|█████████▏| 23/25 [00:20<00:01,  1.15it/s]
Calculating loss...:  96%|█████████▌| 24/25 [00:21<00:00,  1.13it/s]
Calculating loss...: 100%|██████████| 25/25 [00:21<00:00,  1.15it/s]
Calculating loss...: 100%|██████████| 25/25 [00:21<00:00,  1.14it/s]

Calculating loss...:   0%|          | 0/25 [00:00<?, ?it/s]
Calculating loss...:   4%|▍         | 1/25 [00:00<00:22,  1.06it/s]
Calculating loss...:   8%|▊         | 2/25 [00:01<00:21,  1.05it/s]
Calculating loss...:  12%|█▏        | 3/25 [00:02<00:20,  1.06it/s]
Calculating loss...:  16%|█▌        | 4/25 [00:03<00:19,  1.05it/s]
Calculating loss...:  20%|██        | 5/25 [00:04<00:18,  1.06it/s]
Calculating loss...:  24%|██▍       | 6/25 [00:05<00:18,  1.06it/s]
Calculating loss...:  28%|██▊       | 7/25 [00:06<00:17,  1.05it/s]
Calculating loss...:  32%|███▏      | 8/25 [00:07<00:16,  1.05it/s]
Calculating loss...:  36%|███▌      | 9/25 [00:08<00:15,  1.06it/s]
Calculating loss...:  40%|████      | 10/25 [00:09<00:14,  1.07it/s]
Calculating loss...:  44%|████▍     | 11/25 [00:10<00:13,  1.07it/s]
Calculating loss...:  48%|████▊     | 12/25 [00:11<00:12,  1.07it/s]
Calculating loss...:  52%|█████▏    | 13/25 [00:12<00:11,  1.02it/s]
Calculating loss...:  56%|█████▌    | 14/25 [00:13<00:10,  1.02it/s]
Calculating loss...:  60%|██████    | 15/25 [00:14<00:09,  1.04it/s]
Calculating loss...:  64%|██████▍   | 16/25 [00:15<00:08,  1.06it/s]
Calculating loss...:  68%|██████▊   | 17/25 [00:16<00:07,  1.03it/s]
Calculating loss...:  72%|███████▏  | 18/25 [00:17<00:06,  1.05it/s]
Calculating loss...:  76%|███████▌  | 19/25 [00:18<00:05,  1.05it/s]
Calculating loss...:  80%|████████  | 20/25 [00:19<00:04,  1.04it/s]
Calculating loss...:  84%|████████▍ | 21/25 [00:20<00:03,  1.05it/s]
Calculating loss...:  88%|████████▊ | 22/25 [00:20<00:02,  1.05it/s]
Calculating loss...:  92%|█████████▏| 23/25 [00:21<00:01,  1.05it/s]
Calculating loss...:  96%|█████████▌| 24/25 [00:22<00:00,  1.06it/s]
Calculating loss...: 100%|██████████| 25/25 [00:23<00:00,  1.06it/s]
Calculating loss...: 100%|██████████| 25/25 [00:23<00:00,  1.05it/s]

Calculating loss...:   0%|          | 0/25 [00:00<?, ?it/s]
Calculating loss...:   4%|▍         | 1/25 [00:01<00:24,  1.02s/it]
Calculating loss...:   8%|▊         | 2/25 [00:02<00:23,  1.00s/it]
Calculating loss...:  12%|█▏        | 3/25 [00:03<00:22,  1.01s/it]
Calculating loss...:  16%|█▌        | 4/25 [00:04<00:21,  1.03s/it]
Calculating loss...:  20%|██        | 5/25 [00:05<00:20,  1.03s/it]
Calculating loss...:  24%|██▍       | 6/25 [00:06<00:19,  1.03s/it]
Calculating loss...:  28%|██▊       | 7/25 [00:07<00:18,  1.02s/it]
Calculating loss...:  32%|███▏      | 8/25 [00:08<00:17,  1.04s/it]
Calculating loss...:  36%|███▌      | 9/25 [00:09<00:16,  1.03s/it]
Calculating loss...:  40%|████      | 10/25 [00:10<00:15,  1.04s/it]
Calculating loss...:  44%|████▍     | 11/25 [00:11<00:15,  1.08s/it]
Calculating loss...:  48%|████▊     | 12/25 [00:12<00:13,  1.07s/it]
Calculating loss...:  52%|█████▏    | 13/25 [00:13<00:12,  1.05s/it]
Calculating loss...:  56%|█████▌    | 14/25 [00:14<00:11,  1.03s/it]
Calculating loss...:  60%|██████    | 15/25 [00:15<00:10,  1.02s/it]
Calculating loss...:  64%|██████▍   | 16/25 [00:16<00:09,  1.04s/it]
Calculating loss...:  68%|██████▊   | 17/25 [00:17<00:07,  1.01it/s]
Calculating loss...:  72%|███████▏  | 18/25 [00:18<00:06,  1.00it/s]
Calculating loss...:  76%|███████▌  | 19/25 [00:19<00:06,  1.01s/it]
Calculating loss...:  80%|████████  | 20/25 [00:20<00:05,  1.02s/it]
Calculating loss...:  84%|████████▍ | 21/25 [00:21<00:04,  1.01s/it]
Calculating loss...:  88%|████████▊ | 22/25 [00:22<00:03,  1.02s/it]
Calculating loss...:  92%|█████████▏| 23/25 [00:23<00:02,  1.01s/it]
Calculating loss...:  96%|█████████▌| 24/25 [00:24<00:01,  1.02s/it]
Calculating loss...: 100%|██████████| 25/25 [00:25<00:00,  1.02s/it]
Calculating loss...: 100%|██████████| 25/25 [00:25<00:00,  1.03s/it]

Calculating loss...:   0%|          | 0/25 [00:00<?, ?it/s]
Calculating loss...:   4%|▍         | 1/25 [00:00<00:11,  2.11it/s]
Calculating loss...:   8%|▊         | 2/25 [00:00<00:10,  2.11it/s]
Calculating loss...:  12%|█▏        | 3/25 [00:01<00:10,  2.01it/s]
Calculating loss...:  16%|█▌        | 4/25 [00:01<00:10,  2.05it/s]
Calculating loss...:  20%|██        | 5/25 [00:02<00:09,  2.08it/s]
Calculating loss...:  24%|██▍       | 6/25 [00:02<00:09,  2.09it/s]
Calculating loss...:  28%|██▊       | 7/25 [00:03<00:08,  2.10it/s]
Calculating loss...:  32%|███▏      | 8/25 [00:03<00:08,  2.10it/s]
Calculating loss...:  36%|███▌      | 9/25 [00:04<00:07,  2.10it/s]
Calculating loss...:  40%|████      | 10/25 [00:04<00:07,  2.11it/s]
Calculating loss...:  44%|████▍     | 11/25 [00:05<00:06,  2.11it/s]
Calculating loss...:  48%|████▊     | 12/25 [00:05<00:06,  2.11it/s]
Calculating loss...:  52%|█████▏    | 13/25 [00:06<00:05,  2.11it/s]
Calculating loss...:  56%|█████▌    | 14/25 [00:06<00:05,  2.09it/s]
Calculating loss...:  60%|██████    | 15/25 [00:07<00:04,  2.10it/s]
Calculating loss...:  64%|██████▍   | 16/25 [00:07<00:04,  2.11it/s]
Calculating loss...:  68%|██████▊   | 17/25 [00:08<00:03,  2.11it/s]
Calculating loss...:  72%|███████▏  | 18/25 [00:08<00:03,  2.11it/s]
Calculating loss...:  76%|███████▌  | 19/25 [00:09<00:02,  2.11it/s]
Calculating loss...:  80%|████████  | 20/25 [00:09<00:02,  2.11it/s]
Calculating loss...:  84%|████████▍ | 21/25 [00:10<00:01,  2.11it/s]
Calculating loss...:  88%|████████▊ | 22/25 [00:10<00:01,  2.11it/s]
Calculating loss...:  92%|█████████▏| 23/25 [00:10<00:00,  2.11it/s]
Calculating loss...:  96%|█████████▌| 24/25 [00:11<00:00,  2.11it/s]
Calculating loss...: 100%|██████████| 25/25 [00:11<00:00,  2.10it/s]
Calculating loss...: 100%|██████████| 25/25 [00:11<00:00,  2.10it/s]

Calculating loss...:   0%|          | 0/25 [00:00<?, ?it/s]
Calculating loss...:   4%|▍         | 1/25 [00:00<00:12,  1.85it/s]
Calculating loss...:   8%|▊         | 2/25 [00:01<00:12,  1.83it/s]
Calculating loss...:  12%|█▏        | 3/25 [00:01<00:11,  1.93it/s]
Calculating loss...:  16%|█▌        | 4/25 [00:02<00:10,  2.00it/s]
Calculating loss...:  20%|██        | 5/25 [00:02<00:09,  2.04it/s]
Calculating loss...:  24%|██▍       | 6/25 [00:02<00:09,  2.06it/s]
Calculating loss...:  28%|██▊       | 7/25 [00:03<00:08,  2.08it/s]
Calculating loss...:  32%|███▏      | 8/25 [00:03<00:08,  2.08it/s]
Calculating loss...:  36%|███▌      | 9/25 [00:04<00:08,  1.97it/s]
Calculating loss...:  40%|████      | 10/25 [00:04<00:07,  2.01it/s]
Calculating loss...:  44%|████▍     | 11/25 [00:05<00:07,  1.96it/s]
Calculating loss...:  48%|████▊     | 12/25 [00:06<00:06,  1.92it/s]
Calculating loss...:  52%|█████▏    | 13/25 [00:06<00:06,  1.96it/s]
Calculating loss...:  56%|█████▌    | 14/25 [00:07<00:05,  2.00it/s]
Calculating loss...:  60%|██████    | 15/25 [00:07<00:04,  2.03it/s]
Calculating loss...:  64%|██████▍   | 16/25 [00:07<00:04,  2.04it/s]
Calculating loss...:  68%|██████▊   | 17/25 [00:08<00:03,  2.01it/s]
Calculating loss...:  72%|███████▏  | 18/25 [00:08<00:03,  2.04it/s]
Calculating loss...:  76%|███████▌  | 19/25 [00:09<00:02,  2.07it/s]
Calculating loss...:  80%|████████  | 20/25 [00:09<00:02,  2.08it/s]
Calculating loss...:  84%|████████▍ | 21/25 [00:10<00:01,  2.09it/s]
Calculating loss...:  88%|████████▊ | 22/25 [00:10<00:01,  2.03it/s]
Calculating loss...:  92%|█████████▏| 23/25 [00:11<00:00,  2.04it/s]
Calculating loss...:  96%|█████████▌| 24/25 [00:11<00:00,  2.06it/s]
Calculating loss...: 100%|██████████| 25/25 [00:12<00:00,  2.07it/s]
Calculating loss...: 100%|██████████| 25/25 [00:12<00:00,  2.02it/s]

Calculating loss...:   0%|          | 0/25 [00:00<?, ?it/s]
Calculating loss...:   4%|▍         | 1/25 [00:00<00:12,  1.89it/s]
Calculating loss...:   8%|▊         | 2/25 [00:01<00:11,  2.02it/s]
Calculating loss...:  12%|█▏        | 3/25 [00:01<00:10,  2.06it/s]
Calculating loss...:  16%|█▌        | 4/25 [00:01<00:10,  2.08it/s]
Calculating loss...:  20%|██        | 5/25 [00:02<00:09,  2.09it/s]
Calculating loss...:  24%|██▍       | 6/25 [00:02<00:09,  2.10it/s]
Calculating loss...:  28%|██▊       | 7/25 [00:03<00:08,  2.03it/s]
Calculating loss...:  32%|███▏      | 8/25 [00:03<00:08,  2.05it/s]
Calculating loss...:  36%|███▌      | 9/25 [00:04<00:07,  2.07it/s]
Calculating loss...:  40%|████      | 10/25 [00:04<00:07,  2.08it/s]
Calculating loss...:  44%|████▍     | 11/25 [00:05<00:06,  2.09it/s]
Calculating loss...:  48%|████▊     | 12/25 [00:05<00:06,  2.10it/s]
Calculating loss...:  52%|█████▏    | 13/25 [00:06<00:05,  2.09it/s]
Calculating loss...:  56%|█████▌    | 14/25 [00:06<00:05,  2.03it/s]
Calculating loss...:  60%|██████    | 15/25 [00:07<00:04,  2.05it/s]
Calculating loss...:  64%|██████▍   | 16/25 [00:07<00:04,  2.07it/s]
Calculating loss...:  68%|██████▊   | 17/25 [00:08<00:03,  2.07it/s]
Calculating loss...:  72%|███████▏  | 18/25 [00:08<00:03,  2.08it/s]
Calculating loss...:  76%|███████▌  | 19/25 [00:09<00:02,  2.09it/s]
Calculating loss...:  80%|████████  | 20/25 [00:09<00:02,  2.10it/s]
Calculating loss...:  84%|████████▍ | 21/25 [00:10<00:01,  2.11it/s]
Calculating loss...:  88%|████████▊ | 22/25 [00:10<00:01,  2.11it/s]
Calculating loss...:  92%|█████████▏| 23/25 [00:11<00:00,  2.11it/s]
Calculating loss...:  96%|█████████▌| 24/25 [00:11<00:00,  2.09it/s]
Calculating loss...: 100%|██████████| 25/25 [00:12<00:00,  2.10it/s]
Calculating loss...: 100%|██████████| 25/25 [00:12<00:00,  2.08it/s]
