Loading configuration file /Users/jayeshsuryavanshi/github-updates/ftquant/runs/week5/q06q3-lora/train.yaml
Loading pretrained model
Loading datasets
Training
Trainable parameters: 0.847% (5.046M/596.050M)
Starting training..., iters: 500
Iter 1: Val loss 6.851, Val took 33.457s
Iter 50: Train loss 1.349, Learning Rate 1.000e-04, It/sec 0.334, Tokens/sec 15.154, Trained Tokens 2270, Peak mem 7.662 GB
Iter 100: Val loss 0.462, Val took 32.791s
Iter 100: Train loss 0.576, Learning Rate 1.000e-04, It/sec 0.332, Tokens/sec 14.893, Trained Tokens 4512, Peak mem 8.176 GB
Iter 100: Saved adapter weights to /Users/jayeshsuryavanshi/github-updates/ftquant/runs/week5/q06q3-lora/adapter/adapters.safetensors and /Users/jayeshsuryavanshi/github-updates/ftquant/runs/week5/q06q3-lora/adapter/0000100_adapters.safetensors.
Iter 150: Train loss 0.406, Learning Rate 1.000e-04, It/sec 0.340, Tokens/sec 15.120, Trained Tokens 6737, Peak mem 8.176 GB
Iter 200: Val loss 0.266, Val took 29.623s
Iter 200: Train loss 0.342, Learning Rate 1.000e-04, It/sec 0.382, Tokens/sec 16.581, Trained Tokens 8907, Peak mem 8.176 GB

Calculating loss...:   0%|          | 0/25 [00:00<?, ?it/s]
Calculating loss...:   4%|▍         | 1/25 [00:01<00:34,  1.46s/it]
Calculating loss...:   8%|▊         | 2/25 [00:02<00:32,  1.43s/it]
Calculating loss...:  12%|█▏        | 3/25 [00:04<00:31,  1.42s/it]
Calculating loss...:  16%|█▌        | 4/25 [00:05<00:28,  1.37s/it]
Calculating loss...:  20%|██        | 5/25 [00:06<00:26,  1.35s/it]
Calculating loss...:  24%|██▍       | 6/25 [00:08<00:25,  1.33s/it]
Calculating loss...:  28%|██▊       | 7/25 [00:09<00:23,  1.32s/it]
Calculating loss...:  32%|███▏      | 8/25 [00:10<00:22,  1.32s/it]
Calculating loss...:  36%|███▌      | 9/25 [00:12<00:21,  1.32s/it]
Calculating loss...:  40%|████      | 10/25 [00:13<00:19,  1.31s/it]
Calculating loss...:  44%|████▍     | 11/25 [00:14<00:18,  1.31s/it]
Calculating loss...:  48%|████▊     | 12/25 [00:16<00:17,  1.31s/it]
Calculating loss...:  52%|█████▏    | 13/25 [00:17<00:16,  1.34s/it]
Calculating loss...:  56%|█████▌    | 14/25 [00:18<00:14,  1.33s/it]
Calculating loss...:  60%|██████    | 15/25 [00:20<00:13,  1.33s/it]
Calculating loss...:  64%|██████▍   | 16/25 [00:21<00:11,  1.32s/it]
Calculating loss...:  68%|██████▊   | 17/25 [00:22<00:10,  1.32s/it]
Calculating loss...:  72%|███████▏  | 18/25 [00:24<00:09,  1.34s/it]
Calculating loss...:  76%|███████▌  | 19/25 [00:25<00:07,  1.33s/it]
Calculating loss...:  80%|████████  | 20/25 [00:26<00:06,  1.32s/it]
Calculating loss...:  84%|████████▍ | 21/25 [00:28<00:05,  1.38s/it]
Calculating loss...:  88%|████████▊ | 22/25 [00:29<00:04,  1.37s/it]
Calculating loss...:  92%|█████████▏| 23/25 [00:30<00:02,  1.35s/it]
Calculating loss...:  96%|█████████▌| 24/25 [00:32<00:01,  1.34s/it]
Calculating loss...: 100%|██████████| 25/25 [00:33<00:00,  1.32s/it]
Calculating loss...: 100%|██████████| 25/25 [00:33<00:00,  1.34s/it]

Calculating loss...:   0%|          | 0/25 [00:00<?, ?it/s]
Calculating loss...:   4%|▍         | 1/25 [00:01<00:31,  1.31s/it]
Calculating loss...:   8%|▊         | 2/25 [00:02<00:29,  1.30s/it]
Calculating loss...:  12%|█▏        | 3/25 [00:03<00:28,  1.30s/it]
Calculating loss...:  16%|█▌        | 4/25 [00:05<00:28,  1.33s/it]
Calculating loss...:  20%|██        | 5/25 [00:06<00:26,  1.32s/it]
Calculating loss...:  24%|██▍       | 6/25 [00:07<00:24,  1.31s/it]
Calculating loss...:  28%|██▊       | 7/25 [00:09<00:24,  1.34s/it]
Calculating loss...:  32%|███▏      | 8/25 [00:10<00:22,  1.33s/it]
Calculating loss...:  36%|███▌      | 9/25 [00:11<00:21,  1.31s/it]
Calculating loss...:  40%|████      | 10/25 [00:13<00:19,  1.30s/it]
Calculating loss...:  44%|████▍     | 11/25 [00:14<00:18,  1.30s/it]
Calculating loss...:  48%|████▊     | 12/25 [00:15<00:16,  1.29s/it]
Calculating loss...:  52%|█████▏    | 13/25 [00:16<00:15,  1.29s/it]
Calculating loss...:  56%|█████▌    | 14/25 [00:18<00:14,  1.31s/it]
Calculating loss...:  60%|██████    | 15/25 [00:19<00:13,  1.31s/it]
Calculating loss...:  64%|██████▍   | 16/25 [00:20<00:11,  1.30s/it]
Calculating loss...:  68%|██████▊   | 17/25 [00:22<00:10,  1.30s/it]
Calculating loss...:  72%|███████▏  | 18/25 [00:23<00:09,  1.30s/it]
Calculating loss...:  76%|███████▌  | 19/25 [00:24<00:07,  1.29s/it]
Calculating loss...:  80%|████████  | 20/25 [00:26<00:06,  1.32s/it]
Calculating loss...:  84%|████████▍ | 21/25 [00:27<00:05,  1.34s/it]
Calculating loss...:  88%|████████▊ | 22/25 [00:28<00:04,  1.35s/it]
Calculating loss...:  92%|█████████▏| 23/25 [00:30<00:02,  1.33s/it]
Calculating loss...:  96%|█████████▌| 24/25 [00:31<00:01,  1.31s/it]
Calculating loss...: 100%|██████████| 25/25 [00:32<00:00,  1.30s/it]
Calculating loss...: 100%|██████████| 25/25 [00:32<00:00,  1.31s/it]

Calculating loss...:   0%|          | 0/25 [00:00<?, ?it/s]
Calculating loss...:   4%|▍         | 1/25 [00:01<00:28,  1.18s/it]
Calculating loss...:   8%|▊         | 2/25 [00:02<00:27,  1.20s/it]
Calculating loss...:  12%|█▏        | 3/25 [00:03<00:25,  1.17s/it]
Calculating loss...:  16%|█▌        | 4/25 [00:04<00:24,  1.15s/it]
Calculating loss...:  20%|██        | 5/25 [00:05<00:22,  1.15s/it]
Calculating loss...:  24%|██▍       | 6/25 [00:06<00:21,  1.14s/it]
Calculating loss...:  28%|██▊       | 7/25 [00:08<00:20,  1.14s/it]
Calculating loss...:  32%|███▏      | 8/25 [00:09<00:19,  1.14s/it]
Calculating loss...:  36%|███▌      | 9/25 [00:10<00:18,  1.14s/it]
Calculating loss...:  40%|████      | 10/25 [00:11<00:17,  1.14s/it]
Calculating loss...:  44%|████▍     | 11/25 [00:12<00:15,  1.14s/it]
Calculating loss...:  48%|████▊     | 12/25 [00:13<00:14,  1.14s/it]
Calculating loss...:  52%|█████▏    | 13/25 [16:37<59:46, 298.84s/it]
Calculating loss...:  56%|█████▌    | 14/25 [16:38<38:18, 208.94s/it]
Calculating loss...:  60%|██████    | 15/25 [16:39<24:23, 146.31s/it]
Calculating loss...:  64%|██████▍   | 16/25 [16:41<15:23, 102.63s/it]
Calculating loss...:  68%|██████▊   | 17/25 [16:42<09:37, 72.14s/it] 
Calculating loss...:  72%|███████▏  | 18/25 [16:43<05:55, 50.80s/it]
Calculating loss...:  76%|███████▌  | 19/25 [16:44<03:35, 35.88s/it]
Calculating loss...:  80%|████████  | 20/25 [16:45<02:07, 25.48s/it]
Calculating loss...:  84%|████████▍ | 21/25 [16:47<01:12, 18.20s/it]
Calculating loss...:  88%|████████▊ | 22/25 [16:48<00:39, 13.08s/it]
Calculating loss...:  92%|█████████▏| 23/25 [16:49<00:19,  9.52s/it]
Calculating loss...:  96%|█████████▌| 24/25 [16:50<00:07,  7.01s/it]
Calculating loss...: 100%|██████████| 25/25 [16:51<00:00,  5.25s/it]
Calculating loss...: 100%|██████████| 25/25 [16:51<00:00, 40.47s/it]
/Users/jayeshsuryavanshi/miniconda3/lib/python3.13/multiprocessing/resource_tracker.py:324: UserWarning: resource_tracker: There appear to be 1 leaked semaphore objects to clean up at shutdown: {'/mp-hu4zjw6b'}
  warnings.warn(
