Loading configuration file /Users/jayeshsuryavanshi/github-updates/ftquant/runs/week4/q4b-lora/train.yaml
Loading pretrained model
Loading datasets
Training
Trainable parameters: 0.411% (16.515M/4022.468M)
Starting training..., iters: 1000
Iter 1: Val loss 5.165, Val took 123.160s
Iter 100: Train loss 0.943, Learning Rate 1.000e-04, It/sec 0.142, Tokens/sec 3.164, Trained Tokens 2232, Peak mem 10.272 GB
Iter 100: Saved adapter weights to /Users/jayeshsuryavanshi/github-updates/ftquant/runs/week4/q4b-lora/adapter/adapters.safetensors and /Users/jayeshsuryavanshi/github-updates/ftquant/runs/week4/q4b-lora/adapter/0000100_adapters.safetensors.
Iter 200: Val loss 0.309, Val took 128.214s
Iter 200: Train loss 0.715, Learning Rate 1.000e-04, It/sec 0.141, Tokens/sec 3.159, Trained Tokens 4478, Peak mem 10.339 GB
Iter 200: Saved adapter weights to /Users/jayeshsuryavanshi/github-updates/ftquant/runs/week4/q4b-lora/adapter/adapters.safetensors and /Users/jayeshsuryavanshi/github-updates/ftquant/runs/week4/q4b-lora/adapter/0000200_adapters.safetensors.
Iter 300: Train loss 0.291, Learning Rate 1.000e-04, It/sec 0.141, Tokens/sec 3.140, Trained Tokens 6701, Peak mem 10.339 GB
Iter 300: Saved adapter weights to /Users/jayeshsuryavanshi/github-updates/ftquant/runs/week4/q4b-lora/adapter/adapters.safetensors and /Users/jayeshsuryavanshi/github-updates/ftquant/runs/week4/q4b-lora/adapter/0000300_adapters.safetensors.
Iter 400: Val loss 0.154, Val took 133.467s
Iter 400: Train loss 0.185, Learning Rate 1.000e-04, It/sec 0.142, Tokens/sec 3.138, Trained Tokens 8913, Peak mem 10.339 GB
Iter 400: Saved adapter weights to /Users/jayeshsuryavanshi/github-updates/ftquant/runs/week4/q4b-lora/adapter/adapters.safetensors and /Users/jayeshsuryavanshi/github-updates/ftquant/runs/week4/q4b-lora/adapter/0000400_adapters.safetensors.
Iter 500: Train loss 0.165, Learning Rate 1.000e-04, It/sec 0.151, Tokens/sec 3.351, Trained Tokens 11129, Peak mem 10.339 GB
Iter 500: Saved adapter weights to /Users/jayeshsuryavanshi/github-updates/ftquant/runs/week4/q4b-lora/adapter/adapters.safetensors and /Users/jayeshsuryavanshi/github-updates/ftquant/runs/week4/q4b-lora/adapter/0000500_adapters.safetensors.
Iter 600: Val loss 0.105, Val took 119.295s
Iter 600: Train loss 0.126, Learning Rate 1.000e-04, It/sec 0.146, Tokens/sec 3.240, Trained Tokens 13341, Peak mem 10.339 GB
Iter 600: Saved adapter weights to /Users/jayeshsuryavanshi/github-updates/ftquant/runs/week4/q4b-lora/adapter/adapters.safetensors and /Users/jayeshsuryavanshi/github-updates/ftquant/runs/week4/q4b-lora/adapter/0000600_adapters.safetensors.
Iter 700: Train loss 0.117, Learning Rate 1.000e-04, It/sec 0.150, Tokens/sec 3.340, Trained Tokens 15567, Peak mem 10.339 GB
Iter 700: Saved adapter weights to /Users/jayeshsuryavanshi/github-updates/ftquant/runs/week4/q4b-lora/adapter/adapters.safetensors and /Users/jayeshsuryavanshi/github-updates/ftquant/runs/week4/q4b-lora/adapter/0000700_adapters.safetensors.
Iter 800: Val loss 0.118, Val took 118.738s
Iter 800: Train loss 0.116, Learning Rate 1.000e-04, It/sec 0.151, Tokens/sec 3.407, Trained Tokens 17827, Peak mem 10.339 GB
Iter 800: Saved adapter weights to /Users/jayeshsuryavanshi/github-updates/ftquant/runs/week4/q4b-lora/adapter/adapters.safetensors and /Users/jayeshsuryavanshi/github-updates/ftquant/runs/week4/q4b-lora/adapter/0000800_adapters.safetensors.
Iter 900: Train loss 0.094, Learning Rate 1.000e-04, It/sec 0.151, Tokens/sec 3.338, Trained Tokens 20037, Peak mem 10.339 GB
Iter 900: Saved adapter weights to /Users/jayeshsuryavanshi/github-updates/ftquant/runs/week4/q4b-lora/adapter/adapters.safetensors and /Users/jayeshsuryavanshi/github-updates/ftquant/runs/week4/q4b-lora/adapter/0000900_adapters.safetensors.
Iter 1000: Val loss 0.083, Val took 124.873s
Iter 1000: Train loss 0.083, Learning Rate 1.000e-04, It/sec 0.139, Tokens/sec 3.060, Trained Tokens 22242, Peak mem 10.339 GB
Iter 1000: Saved adapter weights to /Users/jayeshsuryavanshi/github-updates/ftquant/runs/week4/q4b-lora/adapter/adapters.safetensors and /Users/jayeshsuryavanshi/github-updates/ftquant/runs/week4/q4b-lora/adapter/0001000_adapters.safetensors.
Saved final weights to /Users/jayeshsuryavanshi/github-updates/ftquant/runs/week4/q4b-lora/adapter/adapters.safetensors.

Fetching 10 files:   0%|          | 0/10 [00:00<?, ?it/s]
Fetching 10 files: 100%|██████████| 10/10 [00:00<00:00, 3274.24it/s]

Calculating loss...:   0%|          | 0/50 [00:00<?, ?it/s]
Calculating loss...:   2%|▏         | 1/50 [00:03<02:28,  3.03s/it]
Calculating loss...:   4%|▍         | 2/50 [00:05<02:08,  2.69s/it]
Calculating loss...:   6%|▌         | 3/50 [00:07<02:00,  2.57s/it]
Calculating loss...:   8%|▊         | 4/50 [00:10<01:55,  2.52s/it]
Calculating loss...:  10%|█         | 5/50 [00:12<01:52,  2.49s/it]
Calculating loss...:  12%|█▏        | 6/50 [00:15<01:48,  2.47s/it]
Calculating loss...:  14%|█▍        | 7/50 [00:17<01:45,  2.46s/it]
Calculating loss...:  16%|█▌        | 8/50 [00:20<01:43,  2.46s/it]
Calculating loss...:  18%|█▊        | 9/50 [00:22<01:40,  2.46s/it]
Calculating loss...:  20%|██        | 10/50 [00:25<01:38,  2.45s/it]
Calculating loss...:  22%|██▏       | 11/50 [00:27<01:35,  2.45s/it]
Calculating loss...:  24%|██▍       | 12/50 [00:29<01:32,  2.44s/it]
Calculating loss...:  26%|██▌       | 13/50 [00:32<01:30,  2.44s/it]
Calculating loss...:  28%|██▊       | 14/50 [00:34<01:27,  2.44s/it]
Calculating loss...:  30%|███       | 15/50 [00:37<01:27,  2.49s/it]
Calculating loss...:  32%|███▏      | 16/50 [00:39<01:23,  2.47s/it]
Calculating loss...:  34%|███▍      | 17/50 [00:42<01:21,  2.46s/it]
Calculating loss...:  36%|███▌      | 18/50 [00:44<01:18,  2.46s/it]
Calculating loss...:  38%|███▊      | 19/50 [00:47<01:15,  2.45s/it]
Calculating loss...:  40%|████      | 20/50 [00:49<01:13,  2.45s/it]
Calculating loss...:  42%|████▏     | 21/50 [00:51<01:10,  2.44s/it]
Calculating loss...:  44%|████▍     | 22/50 [00:54<01:08,  2.44s/it]
Calculating loss...:  46%|████▌     | 23/50 [00:56<01:05,  2.43s/it]
Calculating loss...:  48%|████▊     | 24/50 [00:59<01:03,  2.43s/it]
Calculating loss...:  50%|█████     | 25/50 [01:01<01:00,  2.43s/it]
Calculating loss...:  52%|█████▏    | 26/50 [01:04<00:58,  2.43s/it]
Calculating loss...:  54%|█████▍    | 27/50 [01:06<00:55,  2.43s/it]
Calculating loss...:  56%|█████▌    | 28/50 [01:08<00:53,  2.43s/it]
Calculating loss...:  58%|█████▊    | 29/50 [01:11<00:51,  2.43s/it]
Calculating loss...:  60%|██████    | 30/50 [01:13<00:48,  2.43s/it]
Calculating loss...:  62%|██████▏   | 31/50 [01:16<00:46,  2.43s/it]
Calculating loss...:  64%|██████▍   | 32/50 [01:18<00:43,  2.44s/it]
Calculating loss...:  66%|██████▌   | 33/50 [01:21<00:41,  2.43s/it]
Calculating loss...:  68%|██████▊   | 34/50 [01:23<00:38,  2.44s/it]
Calculating loss...:  70%|███████   | 35/50 [01:26<00:36,  2.43s/it]
Calculating loss...:  72%|███████▏  | 36/50 [01:28<00:34,  2.44s/it]
Calculating loss...:  74%|███████▍  | 37/50 [01:31<00:32,  2.49s/it]
Calculating loss...:  76%|███████▌  | 38/50 [01:33<00:29,  2.48s/it]
Calculating loss...:  78%|███████▊  | 39/50 [01:35<00:27,  2.46s/it]
Calculating loss...:  80%|████████  | 40/50 [01:38<00:25,  2.50s/it]
Calculating loss...:  82%|████████▏ | 41/50 [01:40<00:22,  2.48s/it]
Calculating loss...:  84%|████████▍ | 42/50 [01:43<00:20,  2.51s/it]
Calculating loss...:  86%|████████▌ | 43/50 [01:45<00:17,  2.49s/it]
Calculating loss...:  88%|████████▊ | 44/50 [01:48<00:14,  2.46s/it]
Calculating loss...:  90%|█████████ | 45/50 [01:50<00:12,  2.46s/it]
Calculating loss...:  92%|█████████▏| 46/50 [01:53<00:09,  2.45s/it]
Calculating loss...:  94%|█████████▍| 47/50 [01:55<00:07,  2.44s/it]
Calculating loss...:  96%|█████████▌| 48/50 [01:58<00:04,  2.44s/it]
Calculating loss...:  98%|█████████▊| 49/50 [02:00<00:02,  2.49s/it]
Calculating loss...: 100%|██████████| 50/50 [02:03<00:00,  2.47s/it]
Calculating loss...: 100%|██████████| 50/50 [02:03<00:00,  2.46s/it]

Calculating loss...:   0%|          | 0/50 [00:00<?, ?it/s]
Calculating loss...:   2%|▏         | 1/50 [00:02<02:06,  2.59s/it]
Calculating loss...:   4%|▍         | 2/50 [00:05<02:03,  2.56s/it]
Calculating loss...:   6%|▌         | 3/50 [00:07<02:00,  2.56s/it]
Calculating loss...:   8%|▊         | 4/50 [00:10<01:57,  2.56s/it]
Calculating loss...:  10%|█         | 5/50 [00:12<01:54,  2.55s/it]
Calculating loss...:  12%|█▏        | 6/50 [00:15<01:52,  2.55s/it]
Calculating loss...:  14%|█▍        | 7/50 [00:17<01:49,  2.56s/it]
Calculating loss...:  16%|█▌        | 8/50 [00:20<01:47,  2.55s/it]
Calculating loss...:  18%|█▊        | 9/50 [00:23<01:47,  2.61s/it]
Calculating loss...:  20%|██        | 10/50 [00:25<01:43,  2.60s/it]
Calculating loss...:  22%|██▏       | 11/50 [00:28<01:40,  2.58s/it]
Calculating loss...:  24%|██▍       | 12/50 [00:30<01:37,  2.57s/it]
Calculating loss...:  26%|██▌       | 13/50 [00:33<01:35,  2.57s/it]
Calculating loss...:  28%|██▊       | 14/50 [00:35<01:32,  2.56s/it]
Calculating loss...:  30%|███       | 15/50 [00:38<01:29,  2.56s/it]
Calculating loss...:  32%|███▏      | 16/50 [00:41<01:27,  2.56s/it]
Calculating loss...:  34%|███▍      | 17/50 [00:43<01:24,  2.55s/it]
Calculating loss...:  36%|███▌      | 18/50 [00:46<01:21,  2.55s/it]
Calculating loss...:  38%|███▊      | 19/50 [00:48<01:18,  2.55s/it]
Calculating loss...:  40%|████      | 20/50 [00:51<01:15,  2.53s/it]
Calculating loss...:  42%|████▏     | 21/50 [00:53<01:13,  2.53s/it]
Calculating loss...:  44%|████▍     | 22/50 [00:56<01:10,  2.52s/it]
Calculating loss...:  46%|████▌     | 23/50 [00:58<01:08,  2.54s/it]
Calculating loss...:  48%|████▊     | 24/50 [01:01<01:05,  2.54s/it]
Calculating loss...:  50%|█████     | 25/50 [01:03<01:03,  2.54s/it]
Calculating loss...:  52%|█████▏    | 26/50 [01:06<01:00,  2.54s/it]
Calculating loss...:  54%|█████▍    | 27/50 [01:08<00:58,  2.53s/it]
Calculating loss...:  56%|█████▌    | 28/50 [01:11<00:55,  2.52s/it]
Calculating loss...:  58%|█████▊    | 29/50 [01:13<00:53,  2.53s/it]
Calculating loss...:  60%|██████    | 30/50 [01:16<00:50,  2.53s/it]
Calculating loss...:  62%|██████▏   | 31/50 [01:19<00:49,  2.59s/it]
Calculating loss...:  64%|██████▍   | 32/50 [01:21<00:46,  2.58s/it]
Calculating loss...:  66%|██████▌   | 33/50 [01:24<00:43,  2.57s/it]
Calculating loss...:  68%|██████▊   | 34/50 [01:26<00:41,  2.56s/it]
Calculating loss...:  70%|███████   | 35/50 [01:29<00:39,  2.61s/it]
Calculating loss...:  72%|███████▏  | 36/50 [01:32<00:36,  2.59s/it]
Calculating loss...:  74%|███████▍  | 37/50 [01:34<00:33,  2.56s/it]
Calculating loss...:  76%|███████▌  | 38/50 [01:37<00:30,  2.55s/it]
Calculating loss...:  78%|███████▊  | 39/50 [01:39<00:28,  2.56s/it]
Calculating loss...:  80%|████████  | 40/50 [01:42<00:25,  2.55s/it]
Calculating loss...:  82%|████████▏ | 41/50 [01:44<00:22,  2.53s/it]
Calculating loss...:  84%|████████▍ | 42/50 [01:47<00:20,  2.53s/it]
Calculating loss...:  86%|████████▌ | 43/50 [01:49<00:17,  2.55s/it]
Calculating loss...:  88%|████████▊ | 44/50 [01:52<00:15,  2.56s/it]
Calculating loss...:  90%|█████████ | 45/50 [01:55<00:12,  2.57s/it]
Calculating loss...:  92%|█████████▏| 46/50 [01:57<00:10,  2.62s/it]
Calculating loss...:  94%|█████████▍| 47/50 [02:00<00:07,  2.60s/it]
Calculating loss...:  96%|█████████▌| 48/50 [02:02<00:05,  2.58s/it]
Calculating loss...:  98%|█████████▊| 49/50 [02:05<00:02,  2.58s/it]
Calculating loss...: 100%|██████████| 50/50 [02:08<00:00,  2.63s/it]
Calculating loss...: 100%|██████████| 50/50 [02:08<00:00,  2.56s/it]

Calculating loss...:   0%|          | 0/50 [00:00<?, ?it/s]
Calculating loss...:   2%|▏         | 1/50 [00:02<02:18,  2.82s/it]
Calculating loss...:   4%|▍         | 2/50 [00:05<02:14,  2.80s/it]
Calculating loss...:   6%|▌         | 3/50 [00:08<02:06,  2.70s/it]
Calculating loss...:   8%|▊         | 4/50 [00:10<02:02,  2.65s/it]
Calculating loss...:  10%|█         | 5/50 [00:13<01:57,  2.62s/it]
Calculating loss...:  12%|█▏        | 6/50 [00:15<01:54,  2.61s/it]
Calculating loss...:  14%|█▍        | 7/50 [00:18<01:51,  2.60s/it]
Calculating loss...:  16%|█▌        | 8/50 [00:21<01:48,  2.59s/it]
Calculating loss...:  18%|█▊        | 9/50 [00:23<01:46,  2.59s/it]
Calculating loss...:  20%|██        | 10/50 [00:26<01:43,  2.59s/it]
Calculating loss...:  22%|██▏       | 11/50 [00:29<01:42,  2.64s/it]
Calculating loss...:  24%|██▍       | 12/50 [00:31<01:39,  2.62s/it]
Calculating loss...:  26%|██▌       | 13/50 [00:34<01:36,  2.62s/it]
Calculating loss...:  28%|██▊       | 14/50 [00:36<01:34,  2.62s/it]
Calculating loss...:  30%|███       | 15/50 [00:39<01:35,  2.73s/it]
Calculating loss...:  32%|███▏      | 16/50 [00:42<01:36,  2.84s/it]
Calculating loss...:  34%|███▍      | 17/50 [00:45<01:34,  2.87s/it]
Calculating loss...:  36%|███▌      | 18/50 [00:48<01:31,  2.87s/it]
Calculating loss...:  38%|███▊      | 19/50 [00:51<01:27,  2.82s/it]
Calculating loss...:  40%|████      | 20/50 [00:54<01:27,  2.92s/it]
Calculating loss...:  42%|████▏     | 21/50 [00:57<01:23,  2.88s/it]
Calculating loss...:  44%|████▍     | 22/50 [01:00<01:19,  2.84s/it]
Calculating loss...:  46%|████▌     | 23/50 [01:02<01:14,  2.76s/it]
Calculating loss...:  48%|████▊     | 24/50 [01:05<01:10,  2.73s/it]
Calculating loss...:  50%|█████     | 25/50 [01:07<01:06,  2.68s/it]
Calculating loss...:  52%|█████▏    | 26/50 [01:10<01:03,  2.65s/it]
Calculating loss...:  54%|█████▍    | 27/50 [01:13<01:01,  2.69s/it]
Calculating loss...:  56%|█████▌    | 28/50 [01:15<00:58,  2.66s/it]
Calculating loss...:  58%|█████▊    | 29/50 [01:18<00:55,  2.64s/it]
Calculating loss...:  60%|██████    | 30/50 [01:21<00:53,  2.69s/it]
Calculating loss...:  62%|██████▏   | 31/50 [01:23<00:50,  2.65s/it]
Calculating loss...:  64%|██████▍   | 32/50 [01:26<00:47,  2.62s/it]
Calculating loss...:  66%|██████▌   | 33/50 [01:29<00:45,  2.67s/it]
Calculating loss...:  68%|██████▊   | 34/50 [01:31<00:42,  2.64s/it]
Calculating loss...:  70%|███████   | 35/50 [01:34<00:39,  2.62s/it]
Calculating loss...:  72%|███████▏  | 36/50 [01:37<00:37,  2.65s/it]
Calculating loss...:  74%|███████▍  | 37/50 [01:39<00:34,  2.67s/it]
Calculating loss...:  76%|███████▌  | 38/50 [01:42<00:31,  2.65s/it]
Calculating loss...:  78%|███████▊  | 39/50 [01:44<00:28,  2.62s/it]
Calculating loss...:  80%|████████  | 40/50 [01:47<00:25,  2.60s/it]
Calculating loss...:  82%|████████▏ | 41/50 [01:49<00:23,  2.58s/it]
Calculating loss...:  84%|████████▍ | 42/50 [01:52<00:20,  2.58s/it]
Calculating loss...:  86%|████████▌ | 43/50 [01:55<00:18,  2.57s/it]
Calculating loss...:  88%|████████▊ | 44/50 [01:57<00:15,  2.57s/it]
Calculating loss...:  90%|█████████ | 45/50 [02:00<00:13,  2.68s/it]
Calculating loss...:  92%|█████████▏| 46/50 [02:03<00:10,  2.65s/it]
Calculating loss...:  94%|█████████▍| 47/50 [02:05<00:07,  2.63s/it]
Calculating loss...:  96%|█████████▌| 48/50 [02:08<00:05,  2.60s/it]
Calculating loss...:  98%|█████████▊| 49/50 [02:10<00:02,  2.59s/it]
Calculating loss...: 100%|██████████| 50/50 [02:13<00:00,  2.58s/it]
Calculating loss...: 100%|██████████| 50/50 [02:13<00:00,  2.67s/it]

Calculating loss...:   0%|          | 0/50 [00:00<?, ?it/s]
Calculating loss...:   2%|▏         | 1/50 [00:02<01:57,  2.41s/it]
Calculating loss...:   4%|▍         | 2/50 [00:04<01:54,  2.38s/it]
Calculating loss...:   6%|▌         | 3/50 [00:07<01:51,  2.38s/it]
Calculating loss...:   8%|▊         | 4/50 [00:09<01:49,  2.37s/it]
Calculating loss...:  10%|█         | 5/50 [00:12<01:49,  2.43s/it]
Calculating loss...:  12%|█▏        | 6/50 [00:14<01:45,  2.41s/it]
Calculating loss...:  14%|█▍        | 7/50 [00:16<01:42,  2.39s/it]
Calculating loss...:  16%|█▌        | 8/50 [00:19<01:40,  2.38s/it]
Calculating loss...:  18%|█▊        | 9/50 [00:21<01:37,  2.37s/it]
Calculating loss...:  20%|██        | 10/50 [00:23<01:34,  2.37s/it]
Calculating loss...:  22%|██▏       | 11/50 [00:26<01:32,  2.36s/it]
Calculating loss...:  24%|██▍       | 12/50 [00:28<01:30,  2.37s/it]
Calculating loss...:  26%|██▌       | 13/50 [00:30<01:27,  2.36s/it]
Calculating loss...:  28%|██▊       | 14/50 [00:33<01:24,  2.36s/it]
Calculating loss...:  30%|███       | 15/50 [00:35<01:24,  2.41s/it]
Calculating loss...:  32%|███▏      | 16/50 [00:38<01:21,  2.40s/it]
Calculating loss...:  34%|███▍      | 17/50 [00:40<01:18,  2.38s/it]
Calculating loss...:  36%|███▌      | 18/50 [00:43<01:17,  2.43s/it]
Calculating loss...:  38%|███▊      | 19/50 [00:45<01:15,  2.42s/it]
Calculating loss...:  40%|████      | 20/50 [00:47<01:12,  2.40s/it]
Calculating loss...:  42%|████▏     | 21/50 [00:50<01:10,  2.44s/it]
Calculating loss...:  44%|████▍     | 22/50 [00:52<01:07,  2.42s/it]
Calculating loss...:  46%|████▌     | 23/50 [00:55<01:04,  2.40s/it]
Calculating loss...:  48%|████▊     | 24/50 [00:57<01:02,  2.39s/it]
Calculating loss...:  50%|█████     | 25/50 [00:59<01:00,  2.44s/it]
Calculating loss...:  52%|█████▏    | 26/50 [01:02<00:57,  2.41s/it]
Calculating loss...:  54%|█████▍    | 27/50 [01:04<00:55,  2.39s/it]
Calculating loss...:  56%|█████▌    | 28/50 [01:07<00:52,  2.39s/it]
Calculating loss...:  58%|█████▊    | 29/50 [01:09<00:50,  2.38s/it]
Calculating loss...:  60%|██████    | 30/50 [01:11<00:47,  2.38s/it]
Calculating loss...:  62%|██████▏   | 31/50 [01:14<00:45,  2.37s/it]
Calculating loss...:  64%|██████▍   | 32/50 [01:16<00:42,  2.36s/it]
Calculating loss...:  66%|██████▌   | 33/50 [01:18<00:40,  2.36s/it]
Calculating loss...:  68%|██████▊   | 34/50 [01:21<00:37,  2.36s/it]
Calculating loss...:  70%|███████   | 35/50 [01:23<00:36,  2.41s/it]
Calculating loss...:  72%|███████▏  | 36/50 [01:26<00:33,  2.39s/it]
Calculating loss...:  74%|███████▍  | 37/50 [01:28<00:31,  2.39s/it]
Calculating loss...:  76%|███████▌  | 38/50 [01:30<00:28,  2.38s/it]
Calculating loss...:  78%|███████▊  | 39/50 [01:33<00:26,  2.37s/it]
Calculating loss...:  80%|████████  | 40/50 [01:35<00:23,  2.37s/it]
Calculating loss...:  82%|████████▏ | 41/50 [01:37<00:21,  2.36s/it]
Calculating loss...:  84%|████████▍ | 42/50 [01:40<00:18,  2.36s/it]
Calculating loss...:  86%|████████▌ | 43/50 [01:42<00:16,  2.41s/it]
Calculating loss...:  88%|████████▊ | 44/50 [01:45<00:14,  2.40s/it]
Calculating loss...:  90%|█████████ | 45/50 [01:47<00:11,  2.38s/it]
Calculating loss...:  92%|█████████▏| 46/50 [01:49<00:09,  2.38s/it]
Calculating loss...:  94%|█████████▍| 47/50 [01:52<00:07,  2.37s/it]
Calculating loss...:  96%|█████████▌| 48/50 [01:54<00:04,  2.36s/it]
Calculating loss...:  98%|█████████▊| 49/50 [01:56<00:02,  2.36s/it]
Calculating loss...: 100%|██████████| 50/50 [01:59<00:00,  2.36s/it]
Calculating loss...: 100%|██████████| 50/50 [01:59<00:00,  2.39s/it]

Calculating loss...:   0%|          | 0/50 [00:00<?, ?it/s]
Calculating loss...:   2%|▏         | 1/50 [00:02<01:56,  2.39s/it]
Calculating loss...:   4%|▍         | 2/50 [00:04<01:53,  2.37s/it]
Calculating loss...:   6%|▌         | 3/50 [00:07<01:50,  2.36s/it]
Calculating loss...:   8%|▊         | 4/50 [00:09<01:48,  2.36s/it]
Calculating loss...:  10%|█         | 5/50 [00:11<01:46,  2.36s/it]
Calculating loss...:  12%|█▏        | 6/50 [00:14<01:43,  2.36s/it]
Calculating loss...:  14%|█▍        | 7/50 [00:16<01:41,  2.36s/it]
Calculating loss...:  16%|█▌        | 8/50 [00:18<01:38,  2.35s/it]
Calculating loss...:  18%|█▊        | 9/50 [00:21<01:36,  2.35s/it]
Calculating loss...:  20%|██        | 10/50 [00:23<01:34,  2.35s/it]
Calculating loss...:  22%|██▏       | 11/50 [00:25<01:31,  2.35s/it]
Calculating loss...:  24%|██▍       | 12/50 [00:28<01:29,  2.35s/it]
Calculating loss...:  26%|██▌       | 13/50 [00:30<01:27,  2.35s/it]
Calculating loss...:  28%|██▊       | 14/50 [00:32<01:24,  2.35s/it]
Calculating loss...:  30%|███       | 15/50 [00:35<01:22,  2.36s/it]
Calculating loss...:  32%|███▏      | 16/50 [00:37<01:20,  2.36s/it]
Calculating loss...:  34%|███▍      | 17/50 [00:40<01:19,  2.41s/it]
Calculating loss...:  36%|███▌      | 18/50 [00:42<01:16,  2.39s/it]
Calculating loss...:  38%|███▊      | 19/50 [00:44<01:13,  2.38s/it]
Calculating loss...:  40%|████      | 20/50 [00:47<01:11,  2.37s/it]
Calculating loss...:  42%|████▏     | 21/50 [00:49<01:08,  2.37s/it]
Calculating loss...:  44%|████▍     | 22/50 [00:52<01:06,  2.36s/it]
Calculating loss...:  46%|████▌     | 23/50 [00:54<01:03,  2.36s/it]
Calculating loss...:  48%|████▊     | 24/50 [00:56<01:01,  2.36s/it]
Calculating loss...:  50%|█████     | 25/50 [00:59<00:58,  2.36s/it]
Calculating loss...:  52%|█████▏    | 26/50 [01:01<00:56,  2.36s/it]
Calculating loss...:  54%|█████▍    | 27/50 [01:03<00:55,  2.41s/it]
Calculating loss...:  56%|█████▌    | 28/50 [01:06<00:52,  2.39s/it]
Calculating loss...:  58%|█████▊    | 29/50 [01:08<00:50,  2.38s/it]
Calculating loss...:  60%|██████    | 30/50 [01:11<00:47,  2.37s/it]
Calculating loss...:  62%|██████▏   | 31/50 [01:13<00:44,  2.37s/it]
Calculating loss...:  64%|██████▍   | 32/50 [01:15<00:43,  2.42s/it]
Calculating loss...:  66%|██████▌   | 33/50 [01:18<00:41,  2.45s/it]
Calculating loss...:  68%|██████▊   | 34/50 [01:20<00:38,  2.42s/it]
Calculating loss...:  70%|███████   | 35/50 [01:23<00:36,  2.40s/it]
Calculating loss...:  72%|███████▏  | 36/50 [01:25<00:33,  2.39s/it]
Calculating loss...:  74%|███████▍  | 37/50 [01:27<00:31,  2.39s/it]
Calculating loss...:  76%|███████▌  | 38/50 [01:30<00:28,  2.38s/it]
Calculating loss...:  78%|███████▊  | 39/50 [01:32<00:26,  2.37s/it]
Calculating loss...:  80%|████████  | 40/50 [01:34<00:23,  2.37s/it]
Calculating loss...:  82%|████████▏ | 41/50 [01:37<00:21,  2.37s/it]
Calculating loss...:  84%|████████▍ | 42/50 [01:39<00:19,  2.42s/it]
Calculating loss...:  86%|████████▌ | 43/50 [01:42<00:16,  2.40s/it]
Calculating loss...:  88%|████████▊ | 44/50 [01:44<00:14,  2.39s/it]
Calculating loss...:  90%|█████████ | 45/50 [01:46<00:11,  2.38s/it]
Calculating loss...:  92%|█████████▏| 46/50 [01:49<00:09,  2.37s/it]
Calculating loss...:  94%|█████████▍| 47/50 [01:51<00:07,  2.36s/it]
Calculating loss...:  96%|█████████▌| 48/50 [01:54<00:04,  2.36s/it]
Calculating loss...:  98%|█████████▊| 49/50 [01:56<00:02,  2.36s/it]
Calculating loss...: 100%|██████████| 50/50 [01:58<00:00,  2.36s/it]
Calculating loss...: 100%|██████████| 50/50 [01:58<00:00,  2.37s/it]

Calculating loss...:   0%|          | 0/50 [00:00<?, ?it/s]
Calculating loss...:   2%|▏         | 1/50 [00:02<02:04,  2.53s/it]
Calculating loss...:   4%|▍         | 2/50 [00:05<02:00,  2.50s/it]
Calculating loss...:   6%|▌         | 3/50 [00:07<01:56,  2.48s/it]
Calculating loss...:   8%|▊         | 4/50 [00:09<01:54,  2.48s/it]
Calculating loss...:  10%|█         | 5/50 [00:12<01:51,  2.47s/it]
Calculating loss...:  12%|█▏        | 6/50 [00:14<01:48,  2.47s/it]
Calculating loss...:  14%|█▍        | 7/50 [00:17<01:45,  2.46s/it]
Calculating loss...:  16%|█▌        | 8/50 [00:19<01:43,  2.46s/it]
Calculating loss...:  18%|█▊        | 9/50 [00:22<01:40,  2.46s/it]
Calculating loss...:  20%|██        | 10/50 [00:24<01:38,  2.46s/it]
Calculating loss...:  22%|██▏       | 11/50 [00:27<01:36,  2.46s/it]
Calculating loss...:  24%|██▍       | 12/50 [00:29<01:33,  2.46s/it]
Calculating loss...:  26%|██▌       | 13/50 [00:32<01:30,  2.46s/it]
Calculating loss...:  28%|██▊       | 14/50 [00:34<01:28,  2.46s/it]
Calculating loss...:  30%|███       | 15/50 [00:36<01:25,  2.46s/it]
Calculating loss...:  32%|███▏      | 16/50 [00:39<01:23,  2.47s/it]
Calculating loss...:  34%|███▍      | 17/50 [00:41<01:21,  2.48s/it]
Calculating loss...:  36%|███▌      | 18/50 [00:44<01:19,  2.48s/it]
Calculating loss...:  38%|███▊      | 19/50 [00:46<01:17,  2.49s/it]
Calculating loss...:  40%|████      | 20/50 [00:49<01:14,  2.49s/it]
Calculating loss...:  42%|████▏     | 21/50 [00:52<01:13,  2.54s/it]
Calculating loss...:  44%|████▍     | 22/50 [00:54<01:10,  2.52s/it]
Calculating loss...:  46%|████▌     | 23/50 [00:57<01:07,  2.51s/it]
Calculating loss...:  48%|████▊     | 24/50 [00:59<01:04,  2.50s/it]
Calculating loss...:  50%|█████     | 25/50 [01:02<01:02,  2.49s/it]
Calculating loss...:  52%|█████▏    | 26/50 [01:04<00:59,  2.48s/it]
Calculating loss...:  54%|█████▍    | 27/50 [01:06<00:56,  2.47s/it]
Calculating loss...:  56%|█████▌    | 28/50 [01:09<00:55,  2.54s/it]
Calculating loss...:  58%|█████▊    | 29/50 [01:12<00:52,  2.52s/it]
Calculating loss...:  60%|██████    | 30/50 [01:14<00:51,  2.56s/it]
Calculating loss...:  62%|██████▏   | 31/50 [01:17<00:48,  2.53s/it]
Calculating loss...:  64%|██████▍   | 32/50 [01:19<00:45,  2.52s/it]
Calculating loss...:  66%|██████▌   | 33/50 [01:22<00:42,  2.51s/it]
Calculating loss...:  68%|██████▊   | 34/50 [01:24<00:39,  2.49s/it]
Calculating loss...:  70%|███████   | 35/50 [01:27<00:37,  2.49s/it]
Calculating loss...:  72%|███████▏  | 36/50 [01:29<00:34,  2.48s/it]
Calculating loss...:  74%|███████▍  | 37/50 [01:32<00:32,  2.48s/it]
Calculating loss...:  76%|███████▌  | 38/50 [01:34<00:29,  2.47s/it]
Calculating loss...:  78%|███████▊  | 39/50 [01:36<00:27,  2.47s/it]
Calculating loss...:  80%|████████  | 40/50 [01:39<00:24,  2.47s/it]
Calculating loss...:  82%|████████▏ | 41/50 [01:42<00:23,  2.58s/it]
Calculating loss...:  84%|████████▍ | 42/50 [01:44<00:20,  2.55s/it]
Calculating loss...:  86%|████████▌ | 43/50 [01:47<00:17,  2.53s/it]
Calculating loss...:  88%|████████▊ | 44/50 [01:49<00:15,  2.53s/it]
Calculating loss...:  90%|█████████ | 45/50 [01:52<00:12,  2.52s/it]
Calculating loss...:  92%|█████████▏| 46/50 [01:54<00:10,  2.52s/it]
Calculating loss...:  94%|█████████▍| 47/50 [01:57<00:07,  2.52s/it]
Calculating loss...:  96%|█████████▌| 48/50 [01:59<00:05,  2.54s/it]
Calculating loss...:  98%|█████████▊| 49/50 [02:02<00:02,  2.53s/it]
Calculating loss...: 100%|██████████| 50/50 [02:04<00:00,  2.51s/it]
Calculating loss...: 100%|██████████| 50/50 [02:04<00:00,  2.50s/it]
