2026-09-28 18:31:55 sweep start: ['olmo1-lora-lowlr-s1', 'olmo1-lora-s1', 'mas06-lora-lowlr-s1', 'mas06-lora-s1', 'q4b-base', 'q4b-lora-lowlr', 'q4b-lora']
2026-09-28 19:14:11 trained olmo1-lora-lowlr-s1 in 2535s
2026-09-28 19:21:07 eval olmo1-lora-lowlr-s1/mlx-bf16: acc 0.7942 n=3080 (406s)
2026-09-28 19:26:21 eval olmo1-lora-lowlr-s1/mlx-q6: acc 0.7903 n=3080 (308s)
2026-09-28 19:30:51 eval olmo1-lora-lowlr-s1/mlx-q4: acc 0.7403 n=3080 (263s)
2026-09-28 19:35:19 eval olmo1-lora-lowlr-s1/mlx-q3: acc 0.5958 n=3080 (262s)
2026-09-28 19:46:30 eval olmo1-lora-lowlr-s1/gguf-bf16: acc 0.7964 n=3080 (649s)
2026-09-28 19:56:10 eval olmo1-lora-lowlr-s1/gguf-Q6_K: acc 0.7971 n=3080 (570s)
2026-09-28 20:02:22 eval olmo1-lora-lowlr-s1/gguf-Q4_K_M: acc 0.7744 n=3080 (356s)
2026-09-28 20:09:39 eval olmo1-lora-lowlr-s1/gguf-Q3_K_M: acc 0.7503 n=3080 (429s)
2026-09-28 20:14:15 eval olmo1-lora-lowlr-s1/gguf-Q2_K: acc 0.4175 n=3080 (265s)
2026-09-28 20:14:17 done olmo1-lora-lowlr-s1
2026-09-28 21:07:01 trained olmo1-lora-s1 in 3165s
2026-09-28 21:13:28 eval olmo1-lora-s1/mlx-bf16: acc 0.7727 n=3080 (378s)
2026-09-28 21:18:05 eval olmo1-lora-s1/mlx-q6: acc 0.7701 n=3080 (271s)
2026-09-28 21:22:16 eval olmo1-lora-s1/mlx-q4: acc 0.7721 n=3080 (245s)
2026-09-28 21:26:36 eval olmo1-lora-s1/mlx-q3: acc 0.7614 n=3080 (255s)
2026-09-28 21:37:40 eval olmo1-lora-s1/gguf-bf16: acc 0.7711 n=3080 (640s)
2026-09-28 21:46:37 eval olmo1-lora-s1/gguf-Q6_K: acc 0.7701 n=3080 (528s)
2026-09-28 21:54:54 eval olmo1-lora-s1/gguf-Q4_K_M: acc 0.7627 n=3080 (481s)
2026-09-28 21:59:53 eval olmo1-lora-s1/gguf-Q3_K_M: acc 0.7633 n=3080 (290s)
2026-09-28 22:03:59 eval olmo1-lora-s1/gguf-Q2_K: acc 0.7575 n=3080 (235s)
2026-09-28 22:04:00 done olmo1-lora-s1
2026-09-28 22:15:17 trained mas06-lora-lowlr-s1 in 677s
2026-09-28 22:24:38 eval mas06-lora-lowlr-s1/mlx-bf16: acc 0.6231 n=2974 (555s)
2026-09-28 22:31:01 eval mas06-lora-lowlr-s1/mlx-q6: acc 0.6241 n=2974 (379s)
2026-09-28 22:36:31 eval mas06-lora-lowlr-s1/mlx-q4: acc 0.5999 n=2974 (325s)
2026-09-28 22:48:34 eval mas06-lora-lowlr-s1/mlx-q3: acc 0.0326 n=2974 (719s)
2026-09-28 22:53:05 eval mas06-lora-lowlr-s1/gguf-bf16: acc 0.6271 n=2974 (261s)
2026-09-28 22:57:32 eval mas06-lora-lowlr-s1/gguf-Q6_K: acc 0.6221 n=2974 (263s)
2026-09-28 23:01:49 eval mas06-lora-lowlr-s1/gguf-Q4_K_M: acc 0.6177 n=2974 (252s)
2026-09-28 23:08:07 eval mas06-lora-lowlr-s1/gguf-Q3_K_M: acc 0.4879 n=2974 (374s)
2026-09-28 23:20:56 eval mas06-lora-lowlr-s1/gguf-Q2_K: acc 0.0000 n=2974 (765s)
2026-09-28 23:20:57 done mas06-lora-lowlr-s1
2026-09-28 23:37:05 trained mas06-lora-s1 in 969s
2026-09-28 23:45:26 eval mas06-lora-s1/mlx-bf16: acc 0.5491 n=2974 (495s)
2026-09-28 23:51:34 eval mas06-lora-s1/mlx-q6: acc 0.5538 n=2974 (364s)
2026-09-28 23:57:00 eval mas06-lora-s1/mlx-q4: acc 0.5693 n=2974 (322s)
2026-09-29 00:11:34 eval mas06-lora-s1/mlx-q3: acc 0.3763 n=2974 (871s)
2026-09-29 00:35:30 eval mas06-lora-s1/gguf-bf16: acc 0.5551 n=2974 (601s)
2026-09-29 00:40:27 eval mas06-lora-s1/gguf-Q6_K: acc 0.5484 n=2974 (293s)
2026-09-29 00:45:07 eval mas06-lora-s1/gguf-Q4_K_M: acc 0.5484 n=2974 (274s)
2026-09-29 00:50:20 eval mas06-lora-s1/gguf-Q3_K_M: acc 0.5087 n=2974 (309s)
2026-09-29 00:57:19 eval mas06-lora-s1/gguf-Q2_K: acc 0.2562 n=2974 (414s)
2026-09-29 00:57:19 done mas06-lora-s1
2026-09-29 01:20:06 eval q4b-base/mlx-bf16: acc 0.5753 n=3080 (1366s)
2026-09-29 01:32:52 eval q4b-base/mlx-q6: acc 0.5744 n=3080 (757s)
2026-09-29 01:46:49 eval q4b-base/mlx-q4: acc 0.5529 n=3080 (831s)
2026-09-29 02:00:39 eval q4b-base/mlx-q3: acc 0.4286 n=3080 (820s)
2026-09-29 02:24:24 eval q4b-base/gguf-bf16: acc 0.5740 n=3080 (1376s)
2026-09-29 02:43:50 eval q4b-base/gguf-Q6_K: acc 0.5744 n=3080 (1138s)
2026-09-29 03:02:10 eval q4b-base/gguf-Q4_K_M: acc 0.5666 n=3080 (1056s)
2026-09-29 03:16:16 eval q4b-base/gguf-Q3_K_M: acc 0.5516 n=3080 (823s)
2026-09-29 03:33:04 eval q4b-base/gguf-Q2_K: acc 0.1584 n=3080 (982s)
2026-09-29 03:33:05 done q4b-base
2026-09-29 05:14:38 TRAIN FAILED q4b-lora-lowlr
:  76%|███████▌  | 19/25 [01:45<00:33,  5.61s/it]
Calculating loss...:  80%|████████  | 20/25 [01:50<00:28,  5.67s/it]
Calculating loss...:  84%|████████▍ | 21/25 [01:56<00:22,  5.71s/it]
Calculating loss...:  88%|████████▊ | 22/25 [02:02<00:16,  5.63s/it]
Calculating loss...:  92%|█████████▏| 23/25 [02:07<00:11,  5.66s/it]
Calculating loss...:  96%|█████████▌| 24/25 [02:13<00:05,  5.59s/it]
Calculating loss...: 100%|██████████| 25/25 [02:18<00:00,  5.54s/it]
Calculating loss...: 100%|██████████| 25/25 [02:18<00:00,  5.55s/it]

Calculating loss...:   0%|          | 0/25 [00:00<?, ?it/s]
Calculating loss...:   4%|▍         | 1/25 [00:05<02:12,  5.53s/it]
Calculating loss...:   8%|▊         | 2/25 [00:10<02:05,  5.46s/it]
Calculating loss...:  12%|█▏        | 3/25 [00:16<01:59,  5.44s/it]
Calculating loss...:  16%|█▌        | 4/25 [00:22<01:57,  5.57s/it]
Calculating loss...:  20%|██        | 5/25 [00:27<01:53,  5.66s/it]
Calculating loss...:  24%|██▍       | 6/25 [00:33<01:45,  5.57s/it]
Calculating loss...:  28%|██▊       | 7/25 [00:38<01:39,  5.52s/it]
Calculating loss...:  32%|███▏      | 8/25 [00:44<01:33,  5.51s/it]
Calculating loss...:  36%|███▌      | 9/25 [00:49<01:27,  5.47s/it]
Calculating loss...:  40%|████      | 10/25 [00:54<01:21,  5.44s/it]
Calculating loss...:  44%|████▍     | 11/25 [01:00<01:15,  5.42s/it]
Calculating loss...:  48%|████▊     | 12/25 [01:05<01:10,  5.41s/it]
Calculating loss...:  52%|█████▏    | 13/25 [01:11<01:04,  5.41s/it]
Calculating loss...:  56%|█████▌    | 14/25 [01:16<00:59,  5.40s/it]
Calculating loss...:  60%|██████    | 15/25 [01:21<00:53,  5.39s/it]
Calculating loss...:  64%|██████▍   | 16/25 [01:27<00:49,  5.50s/it]
Calculating loss...:  68%|██████▊   | 17/25 [01:33<00:43,  5.47s/it]
Calculating loss...:  72%|███████▏  | 18/25 [01:38<00:38,  5.43s/it]
Calculating loss...:  76%|███████▌  | 19/25 [01:43<00:32,  5.46s/it]
Calculating loss...:  80%|████████  | 20/25 [01:49<00:27,  5.44s/it]
Calculating loss...:  84%|████████▍ | 21/25 [01:54<00:21,  5.42s/it]
Calculating loss...:  88%|████████▊ | 22/25 [02:00<00:16,  5.53s/it]
Calculating loss...:  92%|█████████▏| 23/25 [02:05<00:11,  5.51s/it]
Calculating loss...:  96%|█████████▌| 24/25 [02:11<00:05,  5.49s/it]
Calculating loss...: 100%|██████████| 25/25 [02:16<00:00,  5.47s/it]
Calculating loss...: 100%|██████████| 25/25 [02:16<00:00,  5.47s/it]
Traceback (most recent call last):
  File "<frozen runpy>", line 198, in _run_module_as_main
  File "<frozen runpy>", line 88, in _run_code
  File "/Users/jayeshsuryavanshi/github-updates/ftquant/.venv/lib/python3.13/site-packages/mlx_lm/__main__.py", line 6, in <module>
    cli.main()
    ~~~~~~~~^^
  File "/Users/jayeshsuryavanshi/github-updates/ftquant/.venv/lib/python3.13/site-packages/mlx_lm/cli.py", line 40, in main
    submodule.main()
    ~~~~~~~~~~~~~~^^
  File "/Users/jayeshsuryavanshi/github-updates/ftquant/.venv/lib/python3.13/site-packages/mlx_lm/lora.py", line 369, in main
    run(types.SimpleNamespace(**args))
    ~~~^^^^^^^^^^^^^^^^^^^^^^^^^^^^^^^
  File "/Users/jayeshsuryavanshi/github-updates/ftquant/.venv/lib/python3.13/site-packages/mlx_lm/lora.py", line 341, in run
    train_model(args, model, train_set, valid_set, training_callback)
    ~~~~~~~~~~~^^^^^^^^^^^^^^^^^^^^^^^^^^^^^^^^^^^^^^^^^^^^^^^^^^^^^^
  File "/Users/jayeshsuryavanshi/github-updates/ftquant/.venv/lib/python3.13/site-packages/mlx_lm/lora.py", line 295, in train_model
    train(
    ~~~~~^
        model=model,
        ^^^^^^^^^^^^
    ...<4 lines>...
        training_callback=training_callback,
        ^^^^^^^^^^^^^^^^^^^^^^^^^^^^^^^^^^^^
    )
    ^
  File "/Users/jayeshsuryavanshi/github-updates/ftquant/.venv/lib/python3.13/site-packages/mlx_lm/tuner/trainer.py", line 328, in train
    mx.eval(state, losses, n_tokens, grad_accum)
    ~~~~~~~^^^^^^^^^^^^^^^^^^^^^^^^^^^^^^^^^^^^^
RuntimeError: [METAL] Command buffer execution failed: Insufficient Memory (00000008:kIOGPUCommandBufferCallbackErrorOutOfMemory).

2026-09-29 05:16:30 sweep start: ['olmo1-lora-lowlr-s1', 'olmo1-lora-s1', 'mas06-lora-lowlr-s1', 'mas06-lora-s1', 'q4b-base', 'q4b-lora-lowlr', 'q4b-lora']
2026-09-29 05:16:38 done olmo1-lora-lowlr-s1
2026-09-29 05:16:44 done olmo1-lora-s1
2026-09-29 05:16:49 done mas06-lora-lowlr-s1
2026-09-29 05:16:53 done mas06-lora-s1
2026-09-29 05:16:54 done q4b-base
2026-09-29 07:40:41 trained q4b-lora-lowlr in 8627s
2026-09-29 08:04:05 eval q4b-lora-lowlr/mlx-bf16: acc 0.8464 n=3080 (1375s)
2026-09-29 08:19:14 eval q4b-lora-lowlr/mlx-q6: acc 0.8455 n=3080 (899s)
2026-09-29 08:32:57 eval q4b-lora-lowlr/mlx-q4: acc 0.7938 n=3080 (817s)
2026-09-29 08:47:08 eval q4b-lora-lowlr/mlx-q3: acc 0.6792 n=3080 (844s)
2026-09-29 09:13:23 eval q4b-lora-lowlr/gguf-bf16: acc 0.8487 n=3080 (1515s)
2026-09-29 09:37:21 eval q4b-lora-lowlr/gguf-Q6_K: acc 0.8432 n=3080 (1410s)
2026-09-29 09:55:54 eval q4b-lora-lowlr/gguf-Q4_K_M: acc 0.8318 n=3080 (1071s)
2026-09-29 10:16:09 eval q4b-lora-lowlr/gguf-Q3_K_M: acc 0.7909 n=3080 (1189s)
2026-09-29 10:33:16 eval q4b-lora-lowlr/gguf-Q2_K: acc 0.5097 n=3080 (997s)
2026-09-29 10:33:19 done q4b-lora-lowlr
2026-09-29 12:41:06 trained q4b-lora in 7666s
