Loading configuration file /Users/jayeshsuryavanshi/github-updates/ftquant/runs/week4/olmo1-lora-lowlr-s1/train.yaml
Loading pretrained model
Loading datasets
Training
Trainable parameters: 0.406% (6.029M/1484.917M)
Starting training..., iters: 500
Iter 1: Val loss 2.332, Val took 41.370s
Iter 50: Train loss 0.650, Learning Rate 1.000e-05, It/sec 0.214, Tokens/sec 5.217, Trained Tokens 1218, Peak mem 5.417 GB
Iter 100: Val loss 0.260, Val took 39.974s
Iter 100: Train loss 0.356, Learning Rate 1.000e-05, It/sec 0.221, Tokens/sec 5.500, Trained Tokens 2462, Peak mem 5.417 GB
Iter 100: Saved adapter weights to /Users/jayeshsuryavanshi/github-updates/ftquant/runs/week4/olmo1-lora-lowlr-s1/adapter/adapters.safetensors and /Users/jayeshsuryavanshi/github-updates/ftquant/runs/week4/olmo1-lora-lowlr-s1/adapter/0000100_adapters.safetensors.
Iter 150: Train loss 0.259, Learning Rate 1.000e-05, It/sec 0.219, Tokens/sec 5.289, Trained Tokens 3667, Peak mem 5.441 GB
Iter 200: Val loss 0.165, Val took 38.785s
Iter 200: Train loss 0.216, Learning Rate 1.000e-05, It/sec 0.220, Tokens/sec 5.454, Trained Tokens 4906, Peak mem 5.492 GB
Iter 200: Saved adapter weights to /Users/jayeshsuryavanshi/github-updates/ftquant/runs/week4/olmo1-lora-lowlr-s1/adapter/adapters.safetensors and /Users/jayeshsuryavanshi/github-updates/ftquant/runs/week4/olmo1-lora-lowlr-s1/adapter/0000200_adapters.safetensors.
Iter 250: Train loss 0.192, Learning Rate 1.000e-05, It/sec 0.222, Tokens/sec 5.359, Trained Tokens 6115, Peak mem 5.492 GB
Iter 300: Val loss 0.198, Val took 39.461s
Iter 300: Train loss 0.218, Learning Rate 1.000e-05, It/sec 0.220, Tokens/sec 5.367, Trained Tokens 7337, Peak mem 5.492 GB
Iter 300: Saved adapter weights to /Users/jayeshsuryavanshi/github-updates/ftquant/runs/week4/olmo1-lora-lowlr-s1/adapter/adapters.safetensors and /Users/jayeshsuryavanshi/github-updates/ftquant/runs/week4/olmo1-lora-lowlr-s1/adapter/0000300_adapters.safetensors.
Iter 350: Train loss 0.188, Learning Rate 1.000e-05, It/sec 0.216, Tokens/sec 5.308, Trained Tokens 8563, Peak mem 5.496 GB
Iter 400: Val loss 0.145, Val took 39.811s
Iter 400: Train loss 0.156, Learning Rate 1.000e-05, It/sec 0.217, Tokens/sec 5.359, Trained Tokens 9798, Peak mem 5.496 GB
Iter 400: Saved adapter weights to /Users/jayeshsuryavanshi/github-updates/ftquant/runs/week4/olmo1-lora-lowlr-s1/adapter/adapters.safetensors and /Users/jayeshsuryavanshi/github-updates/ftquant/runs/week4/olmo1-lora-lowlr-s1/adapter/0000400_adapters.safetensors.
Iter 450: Train loss 0.144, Learning Rate 1.000e-05, It/sec 0.219, Tokens/sec 5.457, Trained Tokens 11046, Peak mem 5.496 GB
Iter 500: Val loss 0.115, Val took 38.885s
Iter 500: Train loss 0.135, Learning Rate 1.000e-05, It/sec 0.219, Tokens/sec 5.146, Trained Tokens 12223, Peak mem 5.496 GB
Iter 500: Saved adapter weights to /Users/jayeshsuryavanshi/github-updates/ftquant/runs/week4/olmo1-lora-lowlr-s1/adapter/adapters.safetensors and /Users/jayeshsuryavanshi/github-updates/ftquant/runs/week4/olmo1-lora-lowlr-s1/adapter/0000500_adapters.safetensors.
Saved final weights to /Users/jayeshsuryavanshi/github-updates/ftquant/runs/week4/olmo1-lora-lowlr-s1/adapter/adapters.safetensors.

Fetching 8 files:   0%|          | 0/8 [00:00<?, ?it/s]
Fetching 8 files: 100%|██████████| 8/8 [00:00<00:00, 1672.29it/s]

Calculating loss...:   0%|          | 0/25 [00:00<?, ?it/s]
Calculating loss...:   4%|▍         | 1/25 [00:01<00:40,  1.67s/it]
Calculating loss...:   8%|▊         | 2/25 [00:03<00:37,  1.65s/it]
Calculating loss...:  12%|█▏        | 3/25 [00:05<00:37,  1.71s/it]
Calculating loss...:  16%|█▌        | 4/25 [00:06<00:35,  1.68s/it]
Calculating loss...:  20%|██        | 5/25 [00:08<00:33,  1.66s/it]
Calculating loss...:  24%|██▍       | 6/25 [00:09<00:31,  1.64s/it]
Calculating loss...:  28%|██▊       | 7/25 [00:11<00:29,  1.63s/it]
Calculating loss...:  32%|███▏      | 8/25 [00:13<00:27,  1.64s/it]
Calculating loss...:  36%|███▌      | 9/25 [00:14<00:26,  1.65s/it]
Calculating loss...:  40%|████      | 10/25 [00:16<00:24,  1.64s/it]
Calculating loss...:  44%|████▍     | 11/25 [00:18<00:23,  1.66s/it]
Calculating loss...:  48%|████▊     | 12/25 [00:19<00:21,  1.64s/it]
Calculating loss...:  52%|█████▏    | 13/25 [00:21<00:19,  1.62s/it]
Calculating loss...:  56%|█████▌    | 14/25 [00:23<00:17,  1.62s/it]
Calculating loss...:  60%|██████    | 15/25 [00:24<00:16,  1.61s/it]
Calculating loss...:  64%|██████▍   | 16/25 [00:26<00:14,  1.61s/it]
Calculating loss...:  68%|██████▊   | 17/25 [00:27<00:12,  1.60s/it]
Calculating loss...:  72%|███████▏  | 18/25 [00:29<00:11,  1.65s/it]
Calculating loss...:  76%|███████▌  | 19/25 [00:31<00:09,  1.63s/it]
Calculating loss...:  80%|████████  | 20/25 [00:32<00:08,  1.67s/it]
Calculating loss...:  84%|████████▍ | 21/25 [00:34<00:06,  1.68s/it]
Calculating loss...:  88%|████████▊ | 22/25 [00:36<00:05,  1.70s/it]
Calculating loss...:  92%|█████████▏| 23/25 [00:37<00:03,  1.68s/it]
Calculating loss...:  96%|█████████▌| 24/25 [00:39<00:01,  1.68s/it]
Calculating loss...: 100%|██████████| 25/25 [00:41<00:00,  1.68s/it]
Calculating loss...: 100%|██████████| 25/25 [00:41<00:00,  1.65s/it]

Calculating loss...:   0%|          | 0/25 [00:00<?, ?it/s]
Calculating loss...:   4%|▍         | 1/25 [00:01<00:37,  1.57s/it]
Calculating loss...:   8%|▊         | 2/25 [00:03<00:36,  1.57s/it]
Calculating loss...:  12%|█▏        | 3/25 [00:04<00:34,  1.57s/it]
Calculating loss...:  16%|█▌        | 4/25 [00:06<00:33,  1.59s/it]
Calculating loss...:  20%|██        | 5/25 [00:08<00:32,  1.65s/it]
Calculating loss...:  24%|██▍       | 6/25 [00:09<00:31,  1.66s/it]
Calculating loss...:  28%|██▊       | 7/25 [00:11<00:29,  1.63s/it]
Calculating loss...:  32%|███▏      | 8/25 [00:12<00:27,  1.61s/it]
Calculating loss...:  36%|███▌      | 9/25 [00:14<00:25,  1.60s/it]
Calculating loss...:  40%|████      | 10/25 [00:16<00:24,  1.63s/it]
Calculating loss...:  44%|████▍     | 11/25 [00:17<00:22,  1.62s/it]
Calculating loss...:  48%|████▊     | 12/25 [00:19<00:20,  1.60s/it]
Calculating loss...:  52%|█████▏    | 13/25 [00:20<00:19,  1.60s/it]
Calculating loss...:  56%|█████▌    | 14/25 [00:22<00:17,  1.60s/it]
Calculating loss...:  60%|██████    | 15/25 [00:24<00:15,  1.59s/it]
Calculating loss...:  64%|██████▍   | 16/25 [00:25<00:14,  1.58s/it]
Calculating loss...:  68%|██████▊   | 17/25 [00:27<00:12,  1.58s/it]
Calculating loss...:  72%|███████▏  | 18/25 [00:28<00:11,  1.57s/it]
Calculating loss...:  76%|███████▌  | 19/25 [00:30<00:09,  1.56s/it]
Calculating loss...:  80%|████████  | 20/25 [00:31<00:07,  1.56s/it]
Calculating loss...:  84%|████████▍ | 21/25 [00:33<00:06,  1.55s/it]
Calculating loss...:  88%|████████▊ | 22/25 [00:35<00:04,  1.58s/it]
Calculating loss...:  92%|█████████▏| 23/25 [00:36<00:03,  1.58s/it]
Calculating loss...:  96%|█████████▌| 24/25 [00:38<00:01,  1.60s/it]
Calculating loss...: 100%|██████████| 25/25 [00:39<00:00,  1.62s/it]
Calculating loss...: 100%|██████████| 25/25 [00:39<00:00,  1.60s/it]

Calculating loss...:   0%|          | 0/25 [00:00<?, ?it/s]
Calculating loss...:   4%|▍         | 1/25 [00:01<00:39,  1.66s/it]
Calculating loss...:   8%|▊         | 2/25 [00:03<00:36,  1.59s/it]
Calculating loss...:  12%|█▏        | 3/25 [00:04<00:34,  1.56s/it]
Calculating loss...:  16%|█▌        | 4/25 [00:06<00:32,  1.55s/it]
Calculating loss...:  20%|██        | 5/25 [00:07<00:30,  1.55s/it]
Calculating loss...:  24%|██▍       | 6/25 [00:09<00:29,  1.54s/it]
Calculating loss...:  28%|██▊       | 7/25 [00:10<00:27,  1.54s/it]
Calculating loss...:  32%|███▏      | 8/25 [00:12<00:26,  1.54s/it]
Calculating loss...:  36%|███▌      | 9/25 [00:14<00:25,  1.57s/it]
Calculating loss...:  40%|████      | 10/25 [00:15<00:23,  1.56s/it]
Calculating loss...:  44%|████▍     | 11/25 [00:17<00:21,  1.56s/it]
Calculating loss...:  48%|████▊     | 12/25 [00:18<00:20,  1.59s/it]
Calculating loss...:  52%|█████▏    | 13/25 [00:20<00:18,  1.57s/it]
Calculating loss...:  56%|█████▌    | 14/25 [00:21<00:17,  1.56s/it]
Calculating loss...:  60%|██████    | 15/25 [00:23<00:15,  1.55s/it]
Calculating loss...:  64%|██████▍   | 16/25 [00:24<00:13,  1.55s/it]
Calculating loss...:  68%|██████▊   | 17/25 [00:26<00:12,  1.55s/it]
Calculating loss...:  72%|███████▏  | 18/25 [00:28<00:10,  1.55s/it]
Calculating loss...:  76%|███████▌  | 19/25 [00:29<00:09,  1.55s/it]
Calculating loss...:  80%|████████  | 20/25 [00:31<00:07,  1.54s/it]
Calculating loss...:  84%|████████▍ | 21/25 [00:32<00:06,  1.54s/it]
Calculating loss...:  88%|████████▊ | 22/25 [00:34<00:04,  1.54s/it]
Calculating loss...:  92%|█████████▏| 23/25 [00:35<00:03,  1.54s/it]
Calculating loss...:  96%|█████████▌| 24/25 [00:37<00:01,  1.53s/it]
Calculating loss...: 100%|██████████| 25/25 [00:38<00:00,  1.53s/it]
Calculating loss...: 100%|██████████| 25/25 [00:38<00:00,  1.55s/it]

Calculating loss...:   0%|          | 0/25 [00:00<?, ?it/s]
Calculating loss...:   4%|▍         | 1/25 [00:01<00:37,  1.57s/it]
Calculating loss...:   8%|▊         | 2/25 [00:03<00:35,  1.56s/it]
Calculating loss...:  12%|█▏        | 3/25 [00:04<00:34,  1.55s/it]
Calculating loss...:  16%|█▌        | 4/25 [00:06<00:32,  1.55s/it]
Calculating loss...:  20%|██        | 5/25 [00:07<00:31,  1.60s/it]
Calculating loss...:  24%|██▍       | 6/25 [00:09<00:31,  1.64s/it]
Calculating loss...:  28%|██▊       | 7/25 [00:11<00:29,  1.66s/it]
Calculating loss...:  32%|███▏      | 8/25 [00:12<00:28,  1.66s/it]
Calculating loss...:  36%|███▌      | 9/25 [00:14<00:26,  1.65s/it]
Calculating loss...:  40%|████      | 10/25 [00:16<00:24,  1.64s/it]
Calculating loss...:  44%|████▍     | 11/25 [00:17<00:22,  1.64s/it]
Calculating loss...:  48%|████▊     | 12/25 [00:19<00:20,  1.60s/it]
Calculating loss...:  52%|█████▏    | 13/25 [00:20<00:18,  1.58s/it]
Calculating loss...:  56%|█████▌    | 14/25 [00:22<00:17,  1.57s/it]
Calculating loss...:  60%|██████    | 15/25 [00:24<00:15,  1.57s/it]
Calculating loss...:  64%|██████▍   | 16/25 [00:25<00:14,  1.56s/it]
Calculating loss...:  68%|██████▊   | 17/25 [00:27<00:12,  1.55s/it]
Calculating loss...:  72%|███████▏  | 18/25 [00:28<00:10,  1.56s/it]
Calculating loss...:  76%|███████▌  | 19/25 [00:30<00:09,  1.55s/it]
Calculating loss...:  80%|████████  | 20/25 [00:31<00:07,  1.55s/it]
Calculating loss...:  84%|████████▍ | 21/25 [00:33<00:06,  1.54s/it]
Calculating loss...:  88%|████████▊ | 22/25 [00:34<00:04,  1.53s/it]
Calculating loss...:  92%|█████████▏| 23/25 [00:36<00:03,  1.53s/it]
Calculating loss...:  96%|█████████▌| 24/25 [00:37<00:01,  1.53s/it]
Calculating loss...: 100%|██████████| 25/25 [00:39<00:00,  1.56s/it]
Calculating loss...: 100%|██████████| 25/25 [00:39<00:00,  1.58s/it]

Calculating loss...:   0%|          | 0/25 [00:00<?, ?it/s]
Calculating loss...:   4%|▍         | 1/25 [00:01<00:37,  1.56s/it]
Calculating loss...:   8%|▊         | 2/25 [00:03<00:37,  1.63s/it]
Calculating loss...:  12%|█▏        | 3/25 [00:04<00:35,  1.61s/it]
Calculating loss...:  16%|█▌        | 4/25 [00:06<00:34,  1.62s/it]
Calculating loss...:  20%|██        | 5/25 [00:07<00:31,  1.59s/it]
Calculating loss...:  24%|██▍       | 6/25 [00:09<00:29,  1.57s/it]
Calculating loss...:  28%|██▊       | 7/25 [00:11<00:28,  1.56s/it]
Calculating loss...:  32%|███▏      | 8/25 [00:12<00:26,  1.59s/it]
Calculating loss...:  36%|███▌      | 9/25 [00:14<00:25,  1.57s/it]
Calculating loss...:  40%|████      | 10/25 [00:15<00:24,  1.61s/it]
Calculating loss...:  44%|████▍     | 11/25 [00:17<00:22,  1.59s/it]
Calculating loss...:  48%|████▊     | 12/25 [00:19<00:20,  1.58s/it]
Calculating loss...:  52%|█████▏    | 13/25 [00:20<00:19,  1.62s/it]
Calculating loss...:  56%|█████▌    | 14/25 [00:22<00:17,  1.60s/it]
Calculating loss...:  60%|██████    | 15/25 [00:23<00:15,  1.60s/it]
Calculating loss...:  64%|██████▍   | 16/25 [00:25<00:14,  1.59s/it]
Calculating loss...:  68%|██████▊   | 17/25 [00:27<00:12,  1.58s/it]
Calculating loss...:  72%|███████▏  | 18/25 [00:28<00:10,  1.56s/it]
Calculating loss...:  76%|███████▌  | 19/25 [00:30<00:09,  1.59s/it]
Calculating loss...:  80%|████████  | 20/25 [00:31<00:07,  1.58s/it]
Calculating loss...:  84%|████████▍ | 21/25 [00:33<00:06,  1.61s/it]
Calculating loss...:  88%|████████▊ | 22/25 [00:34<00:04,  1.58s/it]
Calculating loss...:  92%|█████████▏| 23/25 [00:36<00:03,  1.57s/it]
Calculating loss...:  96%|█████████▌| 24/25 [00:38<00:01,  1.62s/it]
Calculating loss...: 100%|██████████| 25/25 [00:39<00:00,  1.61s/it]
Calculating loss...: 100%|██████████| 25/25 [00:39<00:00,  1.59s/it]

Calculating loss...:   0%|          | 0/25 [00:00<?, ?it/s]
Calculating loss...:   4%|▍         | 1/25 [00:01<00:43,  1.81s/it]
Calculating loss...:   8%|▊         | 2/25 [00:03<00:37,  1.65s/it]
Calculating loss...:  12%|█▏        | 3/25 [00:04<00:35,  1.60s/it]
Calculating loss...:  16%|█▌        | 4/25 [00:06<00:32,  1.57s/it]
Calculating loss...:  20%|██        | 5/25 [00:07<00:30,  1.55s/it]
Calculating loss...:  24%|██▍       | 6/25 [00:09<00:29,  1.54s/it]
Calculating loss...:  28%|██▊       | 7/25 [00:10<00:27,  1.53s/it]
Calculating loss...:  32%|███▏      | 8/25 [00:12<00:25,  1.53s/it]
Calculating loss...:  36%|███▌      | 9/25 [00:14<00:25,  1.57s/it]
Calculating loss...:  40%|████      | 10/25 [00:15<00:23,  1.55s/it]
Calculating loss...:  44%|████▍     | 11/25 [00:17<00:21,  1.54s/it]
Calculating loss...:  48%|████▊     | 12/25 [00:18<00:20,  1.54s/it]
Calculating loss...:  52%|█████▏    | 13/25 [00:20<00:18,  1.57s/it]
Calculating loss...:  56%|█████▌    | 14/25 [00:21<00:17,  1.60s/it]
Calculating loss...:  60%|██████    | 15/25 [00:23<00:15,  1.58s/it]
Calculating loss...:  64%|██████▍   | 16/25 [00:25<00:14,  1.57s/it]
Calculating loss...:  68%|██████▊   | 17/25 [00:26<00:12,  1.56s/it]
Calculating loss...:  72%|███████▏  | 18/25 [00:28<00:10,  1.55s/it]
Calculating loss...:  76%|███████▌  | 19/25 [00:29<00:09,  1.54s/it]
Calculating loss...:  80%|████████  | 20/25 [00:31<00:07,  1.57s/it]
Calculating loss...:  84%|████████▍ | 21/25 [00:32<00:06,  1.55s/it]
Calculating loss...:  88%|████████▊ | 22/25 [00:34<00:04,  1.55s/it]
Calculating loss...:  92%|█████████▏| 23/25 [00:35<00:03,  1.54s/it]
Calculating loss...:  96%|█████████▌| 24/25 [00:37<00:01,  1.53s/it]
Calculating loss...: 100%|██████████| 25/25 [00:38<00:00,  1.53s/it]
Calculating loss...: 100%|██████████| 25/25 [00:38<00:00,  1.56s/it]
