Loading configuration file /Users/jayeshsuryavanshi/github-updates/ftquant/runs/week2/q06-lora-lr3e-4/train.yaml
Loading pretrained model
Loading datasets
Training
Trainable parameters: 0.847% (5.046M/596.050M)
Starting training..., iters: 500
Iter 1: Val loss 5.454, Val took 20.996s
Iter 50: Train loss 8.783, Learning Rate 3.000e-04, It/sec 0.524, Tokens/sec 23.806, Trained Tokens 2270, Peak mem 8.572 GB
Iter 100: Val loss 3.867, Val took 20.892s
Iter 100: Train loss 4.081, Learning Rate 3.000e-04, It/sec 0.519, Tokens/sec 23.251, Trained Tokens 4512, Peak mem 9.082 GB
Iter 100: Saved adapter weights to /Users/jayeshsuryavanshi/github-updates/ftquant/runs/week2/q06-lora-lr3e-4/adapter/adapters.safetensors and /Users/jayeshsuryavanshi/github-updates/ftquant/runs/week2/q06-lora-lr3e-4/adapter/0000100_adapters.safetensors.
Iter 150: Train loss 3.939, Learning Rate 3.000e-04, It/sec 0.527, Tokens/sec 23.448, Trained Tokens 6737, Peak mem 9.082 GB
Iter 200: Val loss 3.529, Val took 20.864s
Iter 200: Train loss 3.690, Learning Rate 3.000e-04, It/sec 0.528, Tokens/sec 22.930, Trained Tokens 8907, Peak mem 9.102 GB
Iter 200: Saved adapter weights to /Users/jayeshsuryavanshi/github-updates/ftquant/runs/week2/q06-lora-lr3e-4/adapter/adapters.safetensors and /Users/jayeshsuryavanshi/github-updates/ftquant/runs/week2/q06-lora-lr3e-4/adapter/0000200_adapters.safetensors.
Iter 250: Train loss 3.061, Learning Rate 3.000e-04, It/sec 0.525, Tokens/sec 23.714, Trained Tokens 11167, Peak mem 9.102 GB
Iter 300: Val loss 2.553, Val took 20.850s
Iter 300: Train loss 2.648, Learning Rate 3.000e-04, It/sec 0.527, Tokens/sec 23.401, Trained Tokens 13386, Peak mem 9.102 GB
Iter 300: Saved adapter weights to /Users/jayeshsuryavanshi/github-updates/ftquant/runs/week2/q06-lora-lr3e-4/adapter/adapters.safetensors and /Users/jayeshsuryavanshi/github-updates/ftquant/runs/week2/q06-lora-lr3e-4/adapter/0000300_adapters.safetensors.
Iter 350: Train loss 2.696, Learning Rate 3.000e-04, It/sec 0.525, Tokens/sec 23.490, Trained Tokens 15623, Peak mem 9.102 GB
Iter 400: Val loss 2.406, Val took 20.693s
Iter 400: Train loss 2.475, Learning Rate 3.000e-04, It/sec 0.531, Tokens/sec 23.709, Trained Tokens 17854, Peak mem 9.102 GB
Iter 400: Saved adapter weights to /Users/jayeshsuryavanshi/github-updates/ftquant/runs/week2/q06-lora-lr3e-4/adapter/adapters.safetensors and /Users/jayeshsuryavanshi/github-updates/ftquant/runs/week2/q06-lora-lr3e-4/adapter/0000400_adapters.safetensors.
Iter 450: Train loss 2.257, Learning Rate 3.000e-04, It/sec 0.521, Tokens/sec 23.308, Trained Tokens 20093, Peak mem 9.102 GB
Iter 500: Val loss 1.947, Val took 20.962s
Iter 500: Train loss 2.125, Learning Rate 3.000e-04, It/sec 0.521, Tokens/sec 23.039, Trained Tokens 22303, Peak mem 9.102 GB
Iter 500: Saved adapter weights to /Users/jayeshsuryavanshi/github-updates/ftquant/runs/week2/q06-lora-lr3e-4/adapter/adapters.safetensors and /Users/jayeshsuryavanshi/github-updates/ftquant/runs/week2/q06-lora-lr3e-4/adapter/0000500_adapters.safetensors.
Saved final weights to /Users/jayeshsuryavanshi/github-updates/ftquant/runs/week2/q06-lora-lr3e-4/adapter/adapters.safetensors.

Fetching 7 files:   0%|          | 0/7 [00:00<?, ?it/s]
Fetching 7 files: 100%|██████████| 7/7 [00:00<00:00, 3276.80it/s]

Calculating loss...:   0%|          | 0/25 [00:00<?, ?it/s]
Calculating loss...:   4%|▍         | 1/25 [00:00<00:21,  1.10it/s]
Calculating loss...:   8%|▊         | 2/25 [00:01<00:20,  1.12it/s]
Calculating loss...:  12%|█▏        | 3/25 [00:02<00:19,  1.12it/s]
Calculating loss...:  16%|█▌        | 4/25 [00:03<00:18,  1.16it/s]
Calculating loss...:  20%|██        | 5/25 [00:04<00:16,  1.18it/s]
Calculating loss...:  24%|██▍       | 6/25 [00:05<00:15,  1.20it/s]
Calculating loss...:  28%|██▊       | 7/25 [00:05<00:14,  1.21it/s]
Calculating loss...:  32%|███▏      | 8/25 [00:06<00:14,  1.20it/s]
Calculating loss...:  36%|███▌      | 9/25 [00:07<00:13,  1.21it/s]
Calculating loss...:  40%|████      | 10/25 [00:08<00:12,  1.21it/s]
Calculating loss...:  44%|████▍     | 11/25 [00:09<00:11,  1.22it/s]
Calculating loss...:  48%|████▊     | 12/25 [00:10<00:10,  1.22it/s]
Calculating loss...:  52%|█████▏    | 13/25 [00:10<00:10,  1.19it/s]
Calculating loss...:  56%|█████▌    | 14/25 [00:11<00:09,  1.20it/s]
Calculating loss...:  60%|██████    | 15/25 [00:12<00:08,  1.21it/s]
Calculating loss...:  64%|██████▍   | 16/25 [00:13<00:07,  1.21it/s]
Calculating loss...:  68%|██████▊   | 17/25 [00:14<00:06,  1.22it/s]
Calculating loss...:  72%|███████▏  | 18/25 [00:15<00:05,  1.19it/s]
Calculating loss...:  76%|███████▌  | 19/25 [00:15<00:05,  1.20it/s]
Calculating loss...:  80%|████████  | 20/25 [00:16<00:04,  1.20it/s]
Calculating loss...:  84%|████████▍ | 21/25 [00:17<00:03,  1.14it/s]
Calculating loss...:  88%|████████▊ | 22/25 [00:18<00:02,  1.17it/s]
Calculating loss...:  92%|█████████▏| 23/25 [00:19<00:01,  1.18it/s]
Calculating loss...:  96%|█████████▌| 24/25 [00:20<00:00,  1.19it/s]
Calculating loss...: 100%|██████████| 25/25 [00:20<00:00,  1.20it/s]
Calculating loss...: 100%|██████████| 25/25 [00:20<00:00,  1.19it/s]

Calculating loss...:   0%|          | 0/25 [00:00<?, ?it/s]
Calculating loss...:   4%|▍         | 1/25 [00:00<00:19,  1.22it/s]
Calculating loss...:   8%|▊         | 2/25 [00:01<00:18,  1.22it/s]
Calculating loss...:  12%|█▏        | 3/25 [00:02<00:17,  1.22it/s]
Calculating loss...:  16%|█▌        | 4/25 [00:03<00:17,  1.19it/s]
Calculating loss...:  20%|██        | 5/25 [00:04<00:16,  1.20it/s]
Calculating loss...:  24%|██▍       | 6/25 [00:04<00:15,  1.21it/s]
Calculating loss...:  28%|██▊       | 7/25 [00:05<00:15,  1.18it/s]
Calculating loss...:  32%|███▏      | 8/25 [00:06<00:14,  1.18it/s]
Calculating loss...:  36%|███▌      | 9/25 [00:07<00:13,  1.18it/s]
Calculating loss...:  40%|████      | 10/25 [00:08<00:12,  1.20it/s]
Calculating loss...:  44%|████▍     | 11/25 [00:09<00:11,  1.21it/s]
Calculating loss...:  48%|████▊     | 12/25 [00:09<00:10,  1.21it/s]
Calculating loss...:  52%|█████▏    | 13/25 [00:10<00:09,  1.21it/s]
Calculating loss...:  56%|█████▌    | 14/25 [00:11<00:09,  1.18it/s]
Calculating loss...:  60%|██████    | 15/25 [00:12<00:08,  1.20it/s]
Calculating loss...:  64%|██████▍   | 16/25 [00:13<00:07,  1.20it/s]
Calculating loss...:  68%|██████▊   | 17/25 [00:14<00:06,  1.21it/s]
Calculating loss...:  72%|███████▏  | 18/25 [00:14<00:05,  1.21it/s]
Calculating loss...:  76%|███████▌  | 19/25 [00:15<00:04,  1.22it/s]
Calculating loss...:  80%|████████  | 20/25 [00:16<00:04,  1.19it/s]
Calculating loss...:  84%|████████▍ | 21/25 [00:17<00:03,  1.17it/s]
Calculating loss...:  88%|████████▊ | 22/25 [00:18<00:02,  1.16it/s]
Calculating loss...:  92%|█████████▏| 23/25 [00:19<00:01,  1.18it/s]
Calculating loss...:  96%|█████████▌| 24/25 [00:20<00:00,  1.19it/s]
Calculating loss...: 100%|██████████| 25/25 [00:20<00:00,  1.20it/s]
Calculating loss...: 100%|██████████| 25/25 [00:20<00:00,  1.20it/s]

Calculating loss...:   0%|          | 0/25 [00:00<?, ?it/s]
Calculating loss...:   4%|▍         | 1/25 [00:00<00:19,  1.21it/s]
Calculating loss...:   8%|▊         | 2/25 [00:01<00:19,  1.17it/s]
Calculating loss...:  12%|█▏        | 3/25 [00:02<00:18,  1.19it/s]
Calculating loss...:  16%|█▌        | 4/25 [00:03<00:17,  1.21it/s]
Calculating loss...:  20%|██        | 5/25 [00:04<00:16,  1.22it/s]
Calculating loss...:  24%|██▍       | 6/25 [00:04<00:15,  1.22it/s]
Calculating loss...:  28%|██▊       | 7/25 [00:05<00:14,  1.23it/s]
Calculating loss...:  32%|███▏      | 8/25 [00:06<00:13,  1.23it/s]
Calculating loss...:  36%|███▌      | 9/25 [00:07<00:13,  1.23it/s]
Calculating loss...:  40%|████      | 10/25 [00:08<00:12,  1.23it/s]
Calculating loss...:  44%|████▍     | 11/25 [00:09<00:11,  1.23it/s]
Calculating loss...:  48%|████▊     | 12/25 [00:09<00:10,  1.23it/s]
Calculating loss...:  52%|█████▏    | 13/25 [00:10<00:09,  1.23it/s]
Calculating loss...:  56%|█████▌    | 14/25 [00:11<00:09,  1.20it/s]
Calculating loss...:  60%|██████    | 15/25 [00:12<00:08,  1.21it/s]
Calculating loss...:  64%|██████▍   | 16/25 [00:13<00:07,  1.18it/s]
Calculating loss...:  68%|██████▊   | 17/25 [00:14<00:06,  1.17it/s]
Calculating loss...:  72%|███████▏  | 18/25 [00:14<00:05,  1.18it/s]
Calculating loss...:  76%|███████▌  | 19/25 [00:15<00:05,  1.19it/s]
Calculating loss...:  80%|████████  | 20/25 [00:16<00:04,  1.18it/s]
Calculating loss...:  84%|████████▍ | 21/25 [00:17<00:03,  1.16it/s]
Calculating loss...:  88%|████████▊ | 22/25 [00:18<00:02,  1.18it/s]
Calculating loss...:  92%|█████████▏| 23/25 [00:19<00:01,  1.17it/s]
Calculating loss...:  96%|█████████▌| 24/25 [00:20<00:00,  1.18it/s]
Calculating loss...: 100%|██████████| 25/25 [00:20<00:00,  1.19it/s]
Calculating loss...: 100%|██████████| 25/25 [00:20<00:00,  1.20it/s]

Calculating loss...:   0%|          | 0/25 [00:00<?, ?it/s]
Calculating loss...:   4%|▍         | 1/25 [00:00<00:19,  1.20it/s]
Calculating loss...:   8%|▊         | 2/25 [00:01<00:18,  1.21it/s]
Calculating loss...:  12%|█▏        | 3/25 [00:02<00:17,  1.22it/s]
Calculating loss...:  16%|█▌        | 4/25 [00:03<00:17,  1.19it/s]
Calculating loss...:  20%|██        | 5/25 [00:04<00:17,  1.17it/s]
Calculating loss...:  24%|██▍       | 6/25 [00:05<00:16,  1.16it/s]
Calculating loss...:  28%|██▊       | 7/25 [00:05<00:15,  1.18it/s]
Calculating loss...:  32%|███▏      | 8/25 [00:06<00:14,  1.18it/s]
Calculating loss...:  36%|███▌      | 9/25 [00:07<00:13,  1.20it/s]
Calculating loss...:  40%|████      | 10/25 [00:08<00:12,  1.19it/s]
Calculating loss...:  44%|████▍     | 11/25 [00:09<00:11,  1.19it/s]
Calculating loss...:  48%|████▊     | 12/25 [00:10<00:10,  1.20it/s]
Calculating loss...:  52%|█████▏    | 13/25 [00:10<00:09,  1.20it/s]
Calculating loss...:  56%|█████▌    | 14/25 [00:11<00:09,  1.21it/s]
Calculating loss...:  60%|██████    | 15/25 [00:12<00:08,  1.21it/s]
Calculating loss...:  64%|██████▍   | 16/25 [00:13<00:07,  1.19it/s]
Calculating loss...:  68%|██████▊   | 17/25 [00:14<00:06,  1.20it/s]
Calculating loss...:  72%|███████▏  | 18/25 [00:15<00:05,  1.21it/s]
Calculating loss...:  76%|███████▌  | 19/25 [00:15<00:04,  1.21it/s]
Calculating loss...:  80%|████████  | 20/25 [00:16<00:04,  1.22it/s]
Calculating loss...:  84%|████████▍ | 21/25 [00:17<00:03,  1.22it/s]
Calculating loss...:  88%|████████▊ | 22/25 [00:18<00:02,  1.19it/s]
Calculating loss...:  92%|█████████▏| 23/25 [00:19<00:01,  1.20it/s]
Calculating loss...:  96%|█████████▌| 24/25 [00:20<00:00,  1.20it/s]
Calculating loss...: 100%|██████████| 25/25 [00:20<00:00,  1.21it/s]
Calculating loss...: 100%|██████████| 25/25 [00:20<00:00,  1.20it/s]

Calculating loss...:   0%|          | 0/25 [00:00<?, ?it/s]
Calculating loss...:   4%|▍         | 1/25 [00:00<00:19,  1.22it/s]
Calculating loss...:   8%|▊         | 2/25 [00:01<00:18,  1.23it/s]
Calculating loss...:  12%|█▏        | 3/25 [00:02<00:17,  1.23it/s]
Calculating loss...:  16%|█▌        | 4/25 [00:03<00:17,  1.23it/s]
Calculating loss...:  20%|██        | 5/25 [00:04<00:16,  1.23it/s]
Calculating loss...:  24%|██▍       | 6/25 [00:04<00:15,  1.23it/s]
Calculating loss...:  28%|██▊       | 7/25 [00:05<00:14,  1.23it/s]
Calculating loss...:  32%|███▏      | 8/25 [00:06<00:13,  1.23it/s]
Calculating loss...:  36%|███▌      | 9/25 [00:07<00:12,  1.23it/s]
Calculating loss...:  40%|████      | 10/25 [00:08<00:12,  1.23it/s]
Calculating loss...:  44%|████▍     | 11/25 [00:08<00:11,  1.23it/s]
Calculating loss...:  48%|████▊     | 12/25 [00:09<00:10,  1.20it/s]
Calculating loss...:  52%|█████▏    | 13/25 [00:10<00:09,  1.21it/s]
Calculating loss...:  56%|█████▌    | 14/25 [00:11<00:09,  1.19it/s]
Calculating loss...:  60%|██████    | 15/25 [00:12<00:08,  1.18it/s]
Calculating loss...:  64%|██████▍   | 16/25 [00:13<00:07,  1.18it/s]
Calculating loss...:  68%|██████▊   | 17/25 [00:14<00:06,  1.20it/s]
Calculating loss...:  72%|███████▏  | 18/25 [00:14<00:05,  1.18it/s]
Calculating loss...:  76%|███████▌  | 19/25 [00:15<00:05,  1.19it/s]
Calculating loss...:  80%|████████  | 20/25 [00:16<00:04,  1.17it/s]
Calculating loss...:  84%|████████▍ | 21/25 [00:17<00:03,  1.19it/s]
Calculating loss...:  88%|████████▊ | 22/25 [00:18<00:02,  1.20it/s]
Calculating loss...:  92%|█████████▏| 23/25 [00:19<00:01,  1.21it/s]
Calculating loss...:  96%|█████████▌| 24/25 [00:19<00:00,  1.21it/s]
Calculating loss...: 100%|██████████| 25/25 [00:20<00:00,  1.22it/s]
Calculating loss...: 100%|██████████| 25/25 [00:20<00:00,  1.21it/s]

Calculating loss...:   0%|          | 0/25 [00:00<?, ?it/s]
Calculating loss...:   4%|▍         | 1/25 [00:00<00:19,  1.21it/s]
Calculating loss...:   8%|▊         | 2/25 [00:01<00:18,  1.22it/s]
Calculating loss...:  12%|█▏        | 3/25 [00:02<00:18,  1.22it/s]
Calculating loss...:  16%|█▌        | 4/25 [00:03<00:17,  1.22it/s]
Calculating loss...:  20%|██        | 5/25 [00:04<00:16,  1.21it/s]
Calculating loss...:  24%|██▍       | 6/25 [00:04<00:16,  1.19it/s]
Calculating loss...:  28%|██▊       | 7/25 [00:05<00:15,  1.17it/s]
Calculating loss...:  32%|███▏      | 8/25 [00:06<00:14,  1.19it/s]
Calculating loss...:  36%|███▌      | 9/25 [00:07<00:13,  1.17it/s]
Calculating loss...:  40%|████      | 10/25 [00:08<00:12,  1.16it/s]
Calculating loss...:  44%|████▍     | 11/25 [00:09<00:11,  1.18it/s]
Calculating loss...:  48%|████▊     | 12/25 [00:10<00:10,  1.20it/s]
Calculating loss...:  52%|█████▏    | 13/25 [00:10<00:09,  1.21it/s]
Calculating loss...:  56%|█████▌    | 14/25 [00:11<00:09,  1.21it/s]
Calculating loss...:  60%|██████    | 15/25 [00:12<00:08,  1.19it/s]
Calculating loss...:  64%|██████▍   | 16/25 [00:13<00:07,  1.20it/s]
Calculating loss...:  68%|██████▊   | 17/25 [00:14<00:06,  1.21it/s]
Calculating loss...:  72%|███████▏  | 18/25 [00:15<00:05,  1.20it/s]
Calculating loss...:  76%|███████▌  | 19/25 [00:15<00:05,  1.19it/s]
Calculating loss...:  80%|████████  | 20/25 [00:16<00:04,  1.15it/s]
Calculating loss...:  84%|████████▍ | 21/25 [00:17<00:03,  1.16it/s]
Calculating loss...:  88%|████████▊ | 22/25 [00:18<00:02,  1.18it/s]
Calculating loss...:  92%|█████████▏| 23/25 [00:19<00:01,  1.19it/s]
Calculating loss...:  96%|█████████▌| 24/25 [00:20<00:00,  1.21it/s]
Calculating loss...: 100%|██████████| 25/25 [00:20<00:00,  1.21it/s]
Calculating loss...: 100%|██████████| 25/25 [00:20<00:00,  1.19it/s]
