2026-09-27 12:45:48 sweep start: ['q06-base', 'q06-lora', 'q06-lora-lowlr', 'q06-full', 'q17-base', 'q17-lora']
2026-09-27 12:50:04 eval q06-base/mlx-bf16: acc 0.0744 n=3080 (256s)
2026-09-27 12:53:08 eval q06-base/mlx-q8: acc 0.0854 n=3080 (179s)
2026-09-27 12:56:33 eval q06-base/mlx-q6: acc 0.0630 n=3080 (201s)
2026-09-27 13:00:18 eval q06-base/mlx-q4: acc 0.0968 n=3080 (220s)
2026-09-27 13:10:20 eval q06-base/mlx-q3: acc 0.0000 n=3080 (598s)
2026-09-27 13:20:19 eval q06-base/mlx-q2: acc 0.0000 n=3080 (594s)
2026-09-27 13:24:09 eval q06-base/gguf-bf16: acc 0.0744 n=3080 (219s)
2026-09-27 13:26:30 eval q06-base/gguf-Q8_0: acc 0.0731 n=3080 (140s)
2026-09-27 13:29:13 eval q06-base/gguf-Q6_K: acc 0.0653 n=3080 (158s)
2026-09-27 13:31:57 eval q06-base/gguf-Q4_K_M: acc 0.0977 n=3080 (156s)
2026-09-27 13:36:13 eval q06-base/gguf-Q3_K_M: acc 0.0555 n=3080 (252s)
2026-09-27 13:42:26 eval q06-base/gguf-Q2_K: acc 0.0000 n=3080 (367s)
2026-09-27 13:42:26 done q06-base
2026-09-27 14:00:55 trained q06-lora in 1109s
2026-09-27 14:05:41 eval q06-lora/mlx-bf16: acc 0.7347 n=3080 (280s)
2026-09-27 14:09:31 eval q06-lora/mlx-q8: acc 0.7364 n=3080 (226s)
2026-09-27 14:13:23 eval q06-lora/mlx-q6: acc 0.7295 n=3080 (229s)
2026-09-27 14:17:03 eval q06-lora/mlx-q4: acc 0.7172 n=3080 (216s)
2026-09-27 14:20:48 eval q06-lora/mlx-q3: acc 0.6253 n=3080 (221s)
2026-09-27 14:30:44 eval q06-lora/mlx-q2: acc 0.0000 n=3080 (594s)
2026-09-27 14:36:13 eval q06-lora/mlx-q8-unfused: acc 0.7344 n=3080 (325s)
2026-09-27 14:41:37 eval q06-lora/mlx-q4-unfused: acc 0.7205 n=3080 (320s)
2026-09-27 14:47:05 eval q06-lora/mlx-q3-unfused: acc 0.6409 n=3080 (325s)
2026-09-27 14:50:20 eval q06-lora/gguf-bf16: acc 0.7334 n=3080 (185s)
2026-09-27 14:53:06 eval q06-lora/gguf-Q8_0: acc 0.7347 n=3080 (164s)
2026-09-27 14:56:01 eval q06-lora/gguf-Q6_K: acc 0.7357 n=3080 (172s)
2026-09-27 14:59:05 eval q06-lora/gguf-Q4_K_M: acc 0.7299 n=3080 (178s)
2026-09-27 15:02:04 eval q06-lora/gguf-Q3_K_M: acc 0.7221 n=3080 (174s)
2026-09-27 15:04:56 eval q06-lora/gguf-Q2_K: acc 0.5721 n=3080 (168s)
2026-09-27 15:04:56 done q06-lora
2026-09-27 15:23:02 trained q06-lora-lowlr in 1086s
2026-09-27 15:27:46 eval q06-lora-lowlr/mlx-bf16: acc 0.7847 n=3080 (278s)
2026-09-27 15:31:34 eval q06-lora-lowlr/mlx-q8: acc 0.7831 n=3080 (225s)
2026-09-27 15:35:27 eval q06-lora-lowlr/mlx-q6: acc 0.7847 n=3080 (229s)
2026-09-27 15:39:05 eval q06-lora-lowlr/mlx-q4: acc 0.6942 n=3080 (215s)
2026-09-27 15:44:53 eval q06-lora-lowlr/mlx-q3: acc 0.0432 n=3080 (344s)
2026-09-27 15:54:55 eval q06-lora-lowlr/mlx-q2: acc 0.0000 n=3080 (599s)
2026-09-27 16:00:21 eval q06-lora-lowlr/mlx-q8-unfused: acc 0.7857 n=3080 (326s)
2026-09-27 16:05:39 eval q06-lora-lowlr/mlx-q4-unfused: acc 0.6838 n=3080 (318s)
2026-09-27 16:17:12 eval q06-lora-lowlr/mlx-q3-unfused: acc 0.0130 n=3080 (693s)
2026-09-27 16:20:31 eval q06-lora-lowlr/gguf-bf16: acc 0.7847 n=3080 (190s)
2026-09-27 16:23:25 eval q06-lora-lowlr/gguf-Q8_0: acc 0.7838 n=3080 (173s)
2026-09-27 16:26:24 eval q06-lora-lowlr/gguf-Q6_K: acc 0.7818 n=3080 (175s)
2026-09-27 16:29:18 eval q06-lora-lowlr/gguf-Q4_K_M: acc 0.7464 n=3080 (169s)
2026-09-27 16:32:13 eval q06-lora-lowlr/gguf-Q3_K_M: acc 0.6211 n=3080 (171s)
2026-09-27 16:37:19 eval q06-lora-lowlr/gguf-Q2_K: acc 0.0000 n=3080 (302s)
2026-09-27 16:37:19 done q06-lora-lowlr
2026-09-27 17:01:16 trained q06-full in 1437s
2026-09-27 17:06:01 eval q06-full/mlx-bf16: acc 0.7659 n=3080 (278s)
2026-09-27 17:09:49 eval q06-full/mlx-q8: acc 0.7675 n=3080 (224s)
2026-09-27 17:13:40 eval q06-full/mlx-q6: acc 0.7669 n=3080 (228s)
2026-09-27 17:17:22 eval q06-full/mlx-q4: acc 0.6341 n=3080 (218s)
2026-09-27 17:21:32 eval q06-full/mlx-q3: acc 0.0977 n=3080 (246s)
2026-09-27 17:31:24 eval q06-full/mlx-q2: acc 0.0000 n=3080 (589s)
2026-09-27 17:39:33 eval q06-full/gguf-bf16: acc 0.7672 n=3080 (480s)
2026-09-27 17:45:43 eval q06-full/gguf-Q8_0: acc 0.7659 n=3080 (369s)
2026-09-27 17:54:58 eval q06-full/gguf-Q6_K: acc 0.7633 n=3080 (551s)
2026-09-27 18:00:29 eval q06-full/gguf-Q4_K_M: acc 0.7484 n=3080 (324s)
2026-09-27 18:08:02 eval q06-full/gguf-Q3_K_M: acc 0.5756 n=3080 (450s)
2026-09-27 18:14:36 eval q06-full/gguf-Q2_K: acc 0.0182 n=3080 (389s)
2026-09-27 18:14:36 done q06-full
2026-09-27 18:25:11 eval q17-base/mlx-bf16: acc 0.3792 n=3080 (634s)
2026-09-27 18:32:55 eval q17-base/mlx-q8: acc 0.3760 n=3080 (457s)
2026-09-27 18:40:36 eval q17-base/mlx-q6: acc 0.3649 n=3080 (455s)
2026-09-27 18:48:17 eval q17-base/mlx-q4: acc 0.2623 n=3080 (453s)
2026-09-27 18:57:43 eval q17-base/mlx-q3: acc 0.1036 n=3080 (559s)
2026-09-27 19:11:55 eval q17-base/mlx-q2: acc 0.0000 n=3080 (846s)
2026-09-27 19:23:33 eval q17-base/gguf-bf16: acc 0.3815 n=3080 (668s)
2026-09-27 19:33:40 eval q17-base/gguf-Q8_0: acc 0.3795 n=3080 (603s)
2026-09-27 19:45:01 eval q17-base/gguf-Q6_K: acc 0.3627 n=3080 (664s)
2026-09-27 19:56:15 eval q17-base/gguf-Q4_K_M: acc 0.3419 n=3080 (649s)
2026-09-27 20:07:55 eval q17-base/gguf-Q3_K_M: acc 0.1045 n=3080 (685s)
2026-09-27 20:20:29 eval q17-base/gguf-Q2_K: acc 0.0000 n=3080 (736s)
2026-09-27 20:20:30 done q17-base
2026-09-27 21:16:19 trained q17-lora in 3349s
2026-09-27 21:26:26 eval q17-lora/mlx-bf16: acc 0.7338 n=3080 (597s)
2026-09-27 21:33:59 eval q17-lora/mlx-q8: acc 0.7357 n=3080 (445s)
2026-09-27 21:40:59 eval q17-lora/mlx-q6: acc 0.7357 n=3080 (413s)
2026-09-27 21:47:30 eval q17-lora/mlx-q4: acc 0.7039 n=3080 (384s)
2026-09-27 21:54:43 eval q17-lora/mlx-q3: acc 0.6825 n=3080 (426s)
2026-09-27 22:08:43 eval q17-lora/mlx-q2: acc 0.0000 n=3080 (833s)
2026-09-27 22:19:26 eval q17-lora/mlx-q8-unfused: acc 0.7338 n=3080 (634s)
2026-09-27 22:28:44 eval q17-lora/mlx-q4-unfused: acc 0.7117 n=3080 (552s)
2026-09-27 22:38:15 eval q17-lora/mlx-q3-unfused: acc 0.6692 n=3080 (564s)
2026-09-27 22:50:00 eval q17-lora/gguf-bf16: acc 0.7338 n=3080 (677s)
2026-09-27 22:57:22 eval q17-lora/gguf-Q8_0: acc 0.7357 n=3080 (439s)
2026-09-27 23:05:39 eval q17-lora/gguf-Q6_K: acc 0.7406 n=3080 (486s)
2026-09-27 23:14:33 eval q17-lora/gguf-Q4_K_M: acc 0.7344 n=3080 (518s)
2026-09-27 23:24:08 eval q17-lora/gguf-Q3_K_M: acc 0.7198 n=3080 (564s)
2026-09-27 23:32:51 eval q17-lora/gguf-Q2_K: acc 0.6263 n=3080 (511s)
2026-09-27 23:32:52 done q17-lora
2026-09-27 23:32:52 sweep complete
