Loading configuration file /Users/jayeshsuryavanshi/github-updates/ftquant/runs/week5/q06q4-lora/train.yaml
Loading pretrained model
Loading datasets
Training
Trainable parameters: 0.847% (5.046M/596.050M)
Starting training..., iters: 500
Iter 1: Val loss 4.414, Val took 32.856s
Iter 50: Train loss 1.370, Learning Rate 1.000e-04, It/sec 0.340, Tokens/sec 15.431, Trained Tokens 2270, Peak mem 7.737 GB
Iter 100: Val loss 0.510, Val took 32.709s
Iter 100: Train loss 0.743, Learning Rate 1.000e-04, It/sec 0.332, Tokens/sec 14.895, Trained Tokens 4512, Peak mem 8.225 GB
Iter 100: Saved adapter weights to /Users/jayeshsuryavanshi/github-updates/ftquant/runs/week5/q06q4-lora/adapter/adapters.safetensors and /Users/jayeshsuryavanshi/github-updates/ftquant/runs/week5/q06q4-lora/adapter/0000100_adapters.safetensors.
Iter 150: Train loss 0.368, Learning Rate 1.000e-04, It/sec 0.341, Tokens/sec 15.195, Trained Tokens 6737, Peak mem 8.225 GB
Iter 200: Val loss 0.241, Val took 32.766s
Iter 200: Train loss 0.326, Learning Rate 1.000e-04, It/sec 0.342, Tokens/sec 14.827, Trained Tokens 8907, Peak mem 8.245 GB
Iter 200: Saved adapter weights to /Users/jayeshsuryavanshi/github-updates/ftquant/runs/week5/q06q4-lora/adapter/adapters.safetensors and /Users/jayeshsuryavanshi/github-updates/ftquant/runs/week5/q06q4-lora/adapter/0000200_adapters.safetensors.
Iter 250: Train loss 0.225, Learning Rate 1.000e-04, It/sec 0.341, Tokens/sec 15.421, Trained Tokens 11167, Peak mem 8.245 GB
Iter 300: Val loss 0.174, Val took 32.411s
Iter 300: Train loss 0.188, Learning Rate 1.000e-04, It/sec 0.342, Tokens/sec 15.183, Trained Tokens 13386, Peak mem 8.245 GB
Iter 300: Saved adapter weights to /Users/jayeshsuryavanshi/github-updates/ftquant/runs/week5/q06q4-lora/adapter/adapters.safetensors and /Users/jayeshsuryavanshi/github-updates/ftquant/runs/week5/q06q4-lora/adapter/0000300_adapters.safetensors.
Iter 350: Train loss 0.171, Learning Rate 1.000e-04, It/sec 0.341, Tokens/sec 15.244, Trained Tokens 15623, Peak mem 8.245 GB
Iter 400: Val loss 0.199, Val took 32.411s
Iter 400: Train loss 0.194, Learning Rate 1.000e-04, It/sec 0.343, Tokens/sec 15.301, Trained Tokens 17854, Peak mem 8.245 GB
Iter 400: Saved adapter weights to /Users/jayeshsuryavanshi/github-updates/ftquant/runs/week5/q06q4-lora/adapter/adapters.safetensors and /Users/jayeshsuryavanshi/github-updates/ftquant/runs/week5/q06q4-lora/adapter/0000400_adapters.safetensors.
Iter 450: Train loss 0.157, Learning Rate 1.000e-04, It/sec 0.337, Tokens/sec 15.087, Trained Tokens 20093, Peak mem 8.245 GB
Iter 500: Val loss 0.110, Val took 32.556s
Iter 500: Train loss 0.181, Learning Rate 1.000e-04, It/sec 0.339, Tokens/sec 14.973, Trained Tokens 22303, Peak mem 8.245 GB
Iter 500: Saved adapter weights to /Users/jayeshsuryavanshi/github-updates/ftquant/runs/week5/q06q4-lora/adapter/adapters.safetensors and /Users/jayeshsuryavanshi/github-updates/ftquant/runs/week5/q06q4-lora/adapter/0000500_adapters.safetensors.
Saved final weights to /Users/jayeshsuryavanshi/github-updates/ftquant/runs/week5/q06q4-lora/adapter/adapters.safetensors.

Calculating loss...:   0%|          | 0/25 [00:00<?, ?it/s]
Calculating loss...:   4%|▍         | 1/25 [00:01<00:34,  1.44s/it]
Calculating loss...:   8%|▊         | 2/25 [00:02<00:32,  1.42s/it]
Calculating loss...:  12%|█▏        | 3/25 [00:04<00:30,  1.41s/it]
Calculating loss...:  16%|█▌        | 4/25 [00:05<00:28,  1.37s/it]
Calculating loss...:  20%|██        | 5/25 [00:06<00:26,  1.35s/it]
Calculating loss...:  24%|██▍       | 6/25 [00:08<00:25,  1.33s/it]
Calculating loss...:  28%|██▊       | 7/25 [00:09<00:23,  1.32s/it]
Calculating loss...:  32%|███▏      | 8/25 [00:10<00:22,  1.31s/it]
Calculating loss...:  36%|███▌      | 9/25 [00:12<00:20,  1.30s/it]
Calculating loss...:  40%|████      | 10/25 [00:13<00:19,  1.30s/it]
Calculating loss...:  44%|████▍     | 11/25 [00:14<00:18,  1.30s/it]
Calculating loss...:  48%|████▊     | 12/25 [00:15<00:16,  1.29s/it]
Calculating loss...:  52%|█████▏    | 13/25 [00:17<00:15,  1.32s/it]
Calculating loss...:  56%|█████▌    | 14/25 [00:18<00:14,  1.31s/it]
Calculating loss...:  60%|██████    | 15/25 [00:19<00:12,  1.30s/it]
Calculating loss...:  64%|██████▍   | 16/25 [00:21<00:11,  1.29s/it]
Calculating loss...:  68%|██████▊   | 17/25 [00:22<00:10,  1.29s/it]
Calculating loss...:  72%|███████▏  | 18/25 [00:23<00:09,  1.31s/it]
Calculating loss...:  76%|███████▌  | 19/25 [00:25<00:07,  1.30s/it]
Calculating loss...:  80%|████████  | 20/25 [00:26<00:06,  1.29s/it]
Calculating loss...:  84%|████████▍ | 21/25 [00:27<00:05,  1.35s/it]
Calculating loss...:  88%|████████▊ | 22/25 [00:29<00:03,  1.33s/it]
Calculating loss...:  92%|█████████▏| 23/25 [00:30<00:02,  1.31s/it]
Calculating loss...:  96%|█████████▌| 24/25 [00:31<00:01,  1.30s/it]
Calculating loss...: 100%|██████████| 25/25 [00:32<00:00,  1.29s/it]
Calculating loss...: 100%|██████████| 25/25 [00:32<00:00,  1.31s/it]

Calculating loss...:   0%|          | 0/25 [00:00<?, ?it/s]
Calculating loss...:   4%|▍         | 1/25 [00:01<00:31,  1.30s/it]
Calculating loss...:   8%|▊         | 2/25 [00:02<00:29,  1.29s/it]
Calculating loss...:  12%|█▏        | 3/25 [00:03<00:28,  1.28s/it]
Calculating loss...:  16%|█▌        | 4/25 [00:05<00:27,  1.32s/it]
Calculating loss...:  20%|██        | 5/25 [00:06<00:26,  1.31s/it]
Calculating loss...:  24%|██▍       | 6/25 [00:07<00:24,  1.30s/it]
Calculating loss...:  28%|██▊       | 7/25 [00:09<00:23,  1.33s/it]
Calculating loss...:  32%|███▏      | 8/25 [00:10<00:22,  1.31s/it]
Calculating loss...:  36%|███▌      | 9/25 [00:11<00:20,  1.31s/it]
Calculating loss...:  40%|████      | 10/25 [00:13<00:19,  1.30s/it]
Calculating loss...:  44%|████▍     | 11/25 [00:14<00:18,  1.29s/it]
Calculating loss...:  48%|████▊     | 12/25 [00:15<00:16,  1.29s/it]
Calculating loss...:  52%|█████▏    | 13/25 [00:16<00:15,  1.29s/it]
Calculating loss...:  56%|█████▌    | 14/25 [00:18<00:14,  1.32s/it]
Calculating loss...:  60%|██████    | 15/25 [00:19<00:13,  1.31s/it]
Calculating loss...:  64%|██████▍   | 16/25 [00:20<00:11,  1.30s/it]
Calculating loss...:  68%|██████▊   | 17/25 [00:22<00:10,  1.30s/it]
Calculating loss...:  72%|███████▏  | 18/25 [00:23<00:09,  1.29s/it]
Calculating loss...:  76%|███████▌  | 19/25 [00:24<00:07,  1.29s/it]
Calculating loss...:  80%|████████  | 20/25 [00:26<00:06,  1.32s/it]
Calculating loss...:  84%|████████▍ | 21/25 [00:27<00:05,  1.34s/it]
Calculating loss...:  88%|████████▊ | 22/25 [00:28<00:04,  1.35s/it]
Calculating loss...:  92%|█████████▏| 23/25 [00:30<00:02,  1.33s/it]
Calculating loss...:  96%|█████████▌| 24/25 [00:31<00:01,  1.32s/it]
Calculating loss...: 100%|██████████| 25/25 [00:32<00:00,  1.31s/it]
Calculating loss...: 100%|██████████| 25/25 [00:32<00:00,  1.31s/it]

Calculating loss...:   0%|          | 0/25 [00:00<?, ?it/s]
Calculating loss...:   4%|▍         | 1/25 [00:01<00:30,  1.29s/it]
Calculating loss...:   8%|▊         | 2/25 [00:02<00:30,  1.34s/it]
Calculating loss...:  12%|█▏        | 3/25 [00:03<00:28,  1.31s/it]
Calculating loss...:  16%|█▌        | 4/25 [00:05<00:27,  1.30s/it]
Calculating loss...:  20%|██        | 5/25 [00:06<00:25,  1.29s/it]
Calculating loss...:  24%|██▍       | 6/25 [00:07<00:24,  1.29s/it]
Calculating loss...:  28%|██▊       | 7/25 [00:09<00:23,  1.29s/it]
Calculating loss...:  32%|███▏      | 8/25 [00:10<00:21,  1.29s/it]
Calculating loss...:  36%|███▌      | 9/25 [00:11<00:20,  1.29s/it]
Calculating loss...:  40%|████      | 10/25 [00:12<00:19,  1.29s/it]
Calculating loss...:  44%|████▍     | 11/25 [00:14<00:18,  1.29s/it]
Calculating loss...:  48%|████▊     | 12/25 [00:15<00:16,  1.29s/it]
Calculating loss...:  52%|█████▏    | 13/25 [00:16<00:15,  1.29s/it]
Calculating loss...:  56%|█████▌    | 14/25 [00:18<00:14,  1.31s/it]
Calculating loss...:  60%|██████    | 15/25 [00:19<00:13,  1.31s/it]
Calculating loss...:  64%|██████▍   | 16/25 [00:20<00:11,  1.33s/it]
Calculating loss...:  68%|██████▊   | 17/25 [00:22<00:10,  1.34s/it]
Calculating loss...:  72%|███████▏  | 18/25 [00:23<00:09,  1.32s/it]
Calculating loss...:  76%|███████▌  | 19/25 [00:24<00:07,  1.31s/it]
Calculating loss...:  80%|████████  | 20/25 [00:26<00:06,  1.33s/it]
Calculating loss...:  84%|████████▍ | 21/25 [00:27<00:05,  1.34s/it]
Calculating loss...:  88%|████████▊ | 22/25 [00:28<00:03,  1.32s/it]
Calculating loss...:  92%|█████████▏| 23/25 [00:30<00:02,  1.34s/it]
Calculating loss...:  96%|█████████▌| 24/25 [00:31<00:01,  1.33s/it]
Calculating loss...: 100%|██████████| 25/25 [00:32<00:00,  1.31s/it]
Calculating loss...: 100%|██████████| 25/25 [00:32<00:00,  1.31s/it]

Calculating loss...:   0%|          | 0/25 [00:00<?, ?it/s]
Calculating loss...:   4%|▍         | 1/25 [00:01<00:31,  1.30s/it]
Calculating loss...:   8%|▊         | 2/25 [00:02<00:29,  1.30s/it]
Calculating loss...:  12%|█▏        | 3/25 [00:03<00:28,  1.30s/it]
Calculating loss...:  16%|█▌        | 4/25 [00:05<00:27,  1.33s/it]
Calculating loss...:  20%|██        | 5/25 [00:06<00:26,  1.35s/it]
Calculating loss...:  24%|██▍       | 6/25 [00:07<00:25,  1.33s/it]
Calculating loss...:  28%|██▊       | 7/25 [00:09<00:23,  1.31s/it]
Calculating loss...:  32%|███▏      | 8/25 [00:10<00:22,  1.30s/it]
Calculating loss...:  36%|███▌      | 9/25 [00:11<00:20,  1.29s/it]
Calculating loss...:  40%|████      | 10/25 [00:13<00:19,  1.29s/it]
Calculating loss...:  44%|████▍     | 11/25 [00:14<00:18,  1.29s/it]
Calculating loss...:  48%|████▊     | 12/25 [00:15<00:16,  1.29s/it]
Calculating loss...:  52%|█████▏    | 13/25 [00:16<00:15,  1.29s/it]
Calculating loss...:  56%|█████▌    | 14/25 [00:18<00:14,  1.28s/it]
Calculating loss...:  60%|██████    | 15/25 [00:19<00:12,  1.28s/it]
Calculating loss...:  64%|██████▍   | 16/25 [00:20<00:11,  1.31s/it]
Calculating loss...:  68%|██████▊   | 17/25 [00:22<00:10,  1.30s/it]
Calculating loss...:  72%|███████▏  | 18/25 [00:23<00:09,  1.29s/it]
Calculating loss...:  76%|███████▌  | 19/25 [00:24<00:07,  1.28s/it]
Calculating loss...:  80%|████████  | 20/25 [00:25<00:06,  1.28s/it]
Calculating loss...:  84%|████████▍ | 21/25 [00:27<00:05,  1.28s/it]
Calculating loss...:  88%|████████▊ | 22/25 [00:28<00:03,  1.30s/it]
Calculating loss...:  92%|█████████▏| 23/25 [00:29<00:02,  1.29s/it]
Calculating loss...:  96%|█████████▌| 24/25 [00:31<00:01,  1.29s/it]
Calculating loss...: 100%|██████████| 25/25 [00:32<00:00,  1.29s/it]
Calculating loss...: 100%|██████████| 25/25 [00:32<00:00,  1.30s/it]

Calculating loss...:   0%|          | 0/25 [00:00<?, ?it/s]
Calculating loss...:   4%|▍         | 1/25 [00:01<00:30,  1.28s/it]
Calculating loss...:   8%|▊         | 2/25 [00:02<00:29,  1.28s/it]
Calculating loss...:  12%|█▏        | 3/25 [00:03<00:28,  1.28s/it]
Calculating loss...:  16%|█▌        | 4/25 [00:05<00:26,  1.28s/it]
Calculating loss...:  20%|██        | 5/25 [00:06<00:25,  1.28s/it]
Calculating loss...:  24%|██▍       | 6/25 [00:07<00:24,  1.28s/it]
Calculating loss...:  28%|██▊       | 7/25 [00:08<00:23,  1.28s/it]
Calculating loss...:  32%|███▏      | 8/25 [00:10<00:21,  1.28s/it]
Calculating loss...:  36%|███▌      | 9/25 [00:11<00:20,  1.28s/it]
Calculating loss...:  40%|████      | 10/25 [00:12<00:19,  1.28s/it]
Calculating loss...:  44%|████▍     | 11/25 [00:14<00:17,  1.28s/it]
Calculating loss...:  48%|████▊     | 12/25 [00:15<00:17,  1.31s/it]
Calculating loss...:  52%|█████▏    | 13/25 [00:16<00:15,  1.30s/it]
Calculating loss...:  56%|█████▌    | 14/25 [00:18<00:14,  1.33s/it]
Calculating loss...:  60%|██████    | 15/25 [00:19<00:13,  1.32s/it]
Calculating loss...:  64%|██████▍   | 16/25 [00:20<00:11,  1.31s/it]
Calculating loss...:  68%|██████▊   | 17/25 [00:21<00:10,  1.30s/it]
Calculating loss...:  72%|███████▏  | 18/25 [00:23<00:09,  1.32s/it]
Calculating loss...:  76%|███████▌  | 19/25 [00:24<00:07,  1.31s/it]
Calculating loss...:  80%|████████  | 20/25 [00:26<00:06,  1.34s/it]
Calculating loss...:  84%|████████▍ | 21/25 [00:27<00:05,  1.32s/it]
Calculating loss...:  88%|████████▊ | 22/25 [00:28<00:03,  1.31s/it]
Calculating loss...:  92%|█████████▏| 23/25 [00:29<00:02,  1.30s/it]
Calculating loss...:  96%|█████████▌| 24/25 [00:31<00:01,  1.29s/it]
Calculating loss...: 100%|██████████| 25/25 [00:32<00:00,  1.28s/it]
Calculating loss...: 100%|██████████| 25/25 [00:32<00:00,  1.30s/it]

Calculating loss...:   0%|          | 0/25 [00:00<?, ?it/s]
Calculating loss...:   4%|▍         | 1/25 [00:01<00:30,  1.27s/it]
Calculating loss...:   8%|▊         | 2/25 [00:02<00:28,  1.26s/it]
Calculating loss...:  12%|█▏        | 3/25 [00:03<00:27,  1.25s/it]
Calculating loss...:  16%|█▌        | 4/25 [00:05<00:26,  1.25s/it]
Calculating loss...:  20%|██        | 5/25 [00:06<00:25,  1.26s/it]
Calculating loss...:  24%|██▍       | 6/25 [00:07<00:24,  1.29s/it]
Calculating loss...:  28%|██▊       | 7/25 [00:09<00:23,  1.32s/it]
Calculating loss...:  32%|███▏      | 8/25 [00:10<00:22,  1.30s/it]
Calculating loss...:  36%|███▌      | 9/25 [00:11<00:21,  1.32s/it]
Calculating loss...:  40%|████      | 10/25 [00:13<00:20,  1.34s/it]
Calculating loss...:  44%|████▍     | 11/25 [00:14<00:18,  1.32s/it]
Calculating loss...:  48%|████▊     | 12/25 [00:15<00:17,  1.31s/it]
Calculating loss...:  52%|█████▏    | 13/25 [00:16<00:15,  1.30s/it]
Calculating loss...:  56%|█████▌    | 14/25 [00:18<00:14,  1.30s/it]
Calculating loss...:  60%|██████    | 15/25 [00:19<00:13,  1.32s/it]
Calculating loss...:  64%|██████▍   | 16/25 [00:20<00:11,  1.31s/it]
Calculating loss...:  68%|██████▊   | 17/25 [00:22<00:10,  1.30s/it]
Calculating loss...:  72%|███████▏  | 18/25 [00:23<00:09,  1.29s/it]
Calculating loss...:  76%|███████▌  | 19/25 [00:24<00:07,  1.29s/it]
Calculating loss...:  80%|████████  | 20/25 [00:26<00:06,  1.34s/it]
Calculating loss...:  84%|████████▍ | 21/25 [00:27<00:05,  1.32s/it]
Calculating loss...:  88%|████████▊ | 22/25 [00:28<00:03,  1.31s/it]
Calculating loss...:  92%|█████████▏| 23/25 [00:29<00:02,  1.30s/it]
Calculating loss...:  96%|█████████▌| 24/25 [00:31<00:01,  1.30s/it]
Calculating loss...: 100%|██████████| 25/25 [00:32<00:00,  1.29s/it]
Calculating loss...: 100%|██████████| 25/25 [00:32<00:00,  1.30s/it]
