Loading configuration file /Users/jayeshsuryavanshi/github-updates/ftquant/runs/week2/q17-lora-lowlr/train.yaml
Loading pretrained model
Loading datasets
Training
Trainable parameters: 0.507% (8.716M/1720.575M)
Starting training..., iters: 500
Iter 1: Val loss 6.990, Val took 52.109s
Iter 50: Train loss 0.765, Learning Rate 1.000e-05, It/sec 0.177, Tokens/sec 8.053, Trained Tokens 2270, Peak mem 6.764 GB
Iter 100: Val loss 0.156, Val took 51.916s
Iter 100: Train loss 0.141, Learning Rate 1.000e-05, It/sec 0.175, Tokens/sec 7.869, Trained Tokens 4512, Peak mem 6.874 GB
Iter 100: Saved adapter weights to /Users/jayeshsuryavanshi/github-updates/ftquant/runs/week2/q17-lora-lowlr/adapter/adapters.safetensors and /Users/jayeshsuryavanshi/github-updates/ftquant/runs/week2/q17-lora-lowlr/adapter/0000100_adapters.safetensors.
Iter 150: Train loss 0.133, Learning Rate 1.000e-05, It/sec 0.178, Tokens/sec 7.904, Trained Tokens 6737, Peak mem 6.874 GB
Iter 200: Val loss 0.110, Val took 52.023s
Iter 200: Train loss 0.131, Learning Rate 1.000e-05, It/sec 0.178, Tokens/sec 7.733, Trained Tokens 8907, Peak mem 6.909 GB
Iter 200: Saved adapter weights to /Users/jayeshsuryavanshi/github-updates/ftquant/runs/week2/q17-lora-lowlr/adapter/adapters.safetensors and /Users/jayeshsuryavanshi/github-updates/ftquant/runs/week2/q17-lora-lowlr/adapter/0000200_adapters.safetensors.
Iter 250: Train loss 0.105, Learning Rate 1.000e-05, It/sec 0.178, Tokens/sec 8.026, Trained Tokens 11167, Peak mem 6.909 GB
Iter 300: Val loss 0.119, Val took 51.584s
Iter 300: Train loss 0.100, Learning Rate 1.000e-05, It/sec 0.178, Tokens/sec 7.917, Trained Tokens 13386, Peak mem 6.909 GB
Iter 300: Saved adapter weights to /Users/jayeshsuryavanshi/github-updates/ftquant/runs/week2/q17-lora-lowlr/adapter/adapters.safetensors and /Users/jayeshsuryavanshi/github-updates/ftquant/runs/week2/q17-lora-lowlr/adapter/0000300_adapters.safetensors.
Iter 350: Train loss 0.113, Learning Rate 1.000e-05, It/sec 0.178, Tokens/sec 7.968, Trained Tokens 15623, Peak mem 6.909 GB
Iter 400: Val loss 0.113, Val took 51.547s
Iter 400: Train loss 0.097, Learning Rate 1.000e-05, It/sec 0.179, Tokens/sec 7.999, Trained Tokens 17854, Peak mem 6.909 GB
Iter 400: Saved adapter weights to /Users/jayeshsuryavanshi/github-updates/ftquant/runs/week2/q17-lora-lowlr/adapter/adapters.safetensors and /Users/jayeshsuryavanshi/github-updates/ftquant/runs/week2/q17-lora-lowlr/adapter/0000400_adapters.safetensors.
Iter 450: Train loss 0.080, Learning Rate 1.000e-05, It/sec 0.176, Tokens/sec 7.890, Trained Tokens 20093, Peak mem 6.909 GB
Iter 500: Val loss 0.064, Val took 52.033s
Iter 500: Train loss 0.081, Learning Rate 1.000e-05, It/sec 0.177, Tokens/sec 7.810, Trained Tokens 22303, Peak mem 6.909 GB
Iter 500: Saved adapter weights to /Users/jayeshsuryavanshi/github-updates/ftquant/runs/week2/q17-lora-lowlr/adapter/adapters.safetensors and /Users/jayeshsuryavanshi/github-updates/ftquant/runs/week2/q17-lora-lowlr/adapter/0000500_adapters.safetensors.
Saved final weights to /Users/jayeshsuryavanshi/github-updates/ftquant/runs/week2/q17-lora-lowlr/adapter/adapters.safetensors.

Fetching 9 files:   0%|          | 0/9 [00:00<?, ?it/s]
Fetching 9 files: 100%|██████████| 9/9 [00:00<00:00, 1885.93it/s]

Calculating loss...:   0%|          | 0/25 [00:00<?, ?it/s]
Calculating loss...:   4%|▍         | 1/25 [00:02<00:53,  2.21s/it]
Calculating loss...:   8%|▊         | 2/25 [00:04<00:50,  2.20s/it]
Calculating loss...:  12%|█▏        | 3/25 [00:06<00:48,  2.20s/it]
Calculating loss...:  16%|█▌        | 4/25 [00:08<00:44,  2.14s/it]
Calculating loss...:  20%|██        | 5/25 [00:10<00:42,  2.10s/it]
Calculating loss...:  24%|██▍       | 6/25 [00:12<00:39,  2.08s/it]
Calculating loss...:  28%|██▊       | 7/25 [00:14<00:37,  2.07s/it]
Calculating loss...:  32%|███▏      | 8/25 [00:16<00:34,  2.06s/it]
Calculating loss...:  36%|███▌      | 9/25 [00:18<00:32,  2.05s/it]
Calculating loss...:  40%|████      | 10/25 [00:20<00:30,  2.05s/it]
Calculating loss...:  44%|████▍     | 11/25 [00:22<00:28,  2.04s/it]
Calculating loss...:  48%|████▊     | 12/25 [00:24<00:26,  2.04s/it]
Calculating loss...:  52%|█████▏    | 13/25 [00:27<00:25,  2.09s/it]
Calculating loss...:  56%|█████▌    | 14/25 [00:29<00:22,  2.08s/it]
Calculating loss...:  60%|██████    | 15/25 [00:31<00:20,  2.07s/it]
Calculating loss...:  64%|██████▍   | 16/25 [00:33<00:18,  2.06s/it]
Calculating loss...:  68%|██████▊   | 17/25 [00:35<00:16,  2.05s/it]
Calculating loss...:  72%|███████▏  | 18/25 [00:37<00:14,  2.09s/it]
Calculating loss...:  76%|███████▌  | 19/25 [00:39<00:12,  2.08s/it]
Calculating loss...:  80%|████████  | 20/25 [00:41<00:10,  2.07s/it]
Calculating loss...:  84%|████████▍ | 21/25 [00:43<00:08,  2.15s/it]
Calculating loss...:  88%|████████▊ | 22/25 [00:45<00:06,  2.12s/it]
Calculating loss...:  92%|█████████▏| 23/25 [00:48<00:04,  2.10s/it]
Calculating loss...:  96%|█████████▌| 24/25 [00:50<00:02,  2.08s/it]
Calculating loss...: 100%|██████████| 25/25 [00:52<00:00,  2.07s/it]
Calculating loss...: 100%|██████████| 25/25 [00:52<00:00,  2.08s/it]

Calculating loss...:   0%|          | 0/25 [00:00<?, ?it/s]
Calculating loss...:   4%|▍         | 1/25 [00:02<00:49,  2.04s/it]
Calculating loss...:   8%|▊         | 2/25 [00:04<00:46,  2.04s/it]
Calculating loss...:  12%|█▏        | 3/25 [00:06<00:44,  2.04s/it]
Calculating loss...:  16%|█▌        | 4/25 [00:08<00:44,  2.10s/it]
Calculating loss...:  20%|██        | 5/25 [00:10<00:41,  2.08s/it]
Calculating loss...:  24%|██▍       | 6/25 [00:12<00:39,  2.06s/it]
Calculating loss...:  28%|██▊       | 7/25 [00:14<00:37,  2.11s/it]
Calculating loss...:  32%|███▏      | 8/25 [00:16<00:35,  2.09s/it]
Calculating loss...:  36%|███▌      | 9/25 [00:18<00:33,  2.07s/it]
Calculating loss...:  40%|████      | 10/25 [00:20<00:30,  2.06s/it]
Calculating loss...:  44%|████▍     | 11/25 [00:22<00:28,  2.06s/it]
Calculating loss...:  48%|████▊     | 12/25 [00:24<00:26,  2.05s/it]
Calculating loss...:  52%|█████▏    | 13/25 [00:26<00:24,  2.05s/it]
Calculating loss...:  56%|█████▌    | 14/25 [00:29<00:23,  2.09s/it]
Calculating loss...:  60%|██████    | 15/25 [00:31<00:20,  2.08s/it]
Calculating loss...:  64%|██████▍   | 16/25 [00:33<00:18,  2.07s/it]
Calculating loss...:  68%|██████▊   | 17/25 [00:35<00:16,  2.06s/it]
Calculating loss...:  72%|███████▏  | 18/25 [00:37<00:14,  2.05s/it]
Calculating loss...:  76%|███████▌  | 19/25 [00:39<00:12,  2.05s/it]
Calculating loss...:  80%|████████  | 20/25 [00:41<00:10,  2.09s/it]
Calculating loss...:  84%|████████▍ | 21/25 [00:43<00:08,  2.12s/it]
Calculating loss...:  88%|████████▊ | 22/25 [00:45<00:06,  2.14s/it]
Calculating loss...:  92%|█████████▏| 23/25 [00:47<00:04,  2.11s/it]
Calculating loss...:  96%|█████████▌| 24/25 [00:49<00:02,  2.09s/it]
Calculating loss...: 100%|██████████| 25/25 [00:51<00:00,  2.07s/it]
Calculating loss...: 100%|██████████| 25/25 [00:51<00:00,  2.08s/it]

Calculating loss...:   0%|          | 0/25 [00:00<?, ?it/s]
Calculating loss...:   4%|▍         | 1/25 [00:02<00:48,  2.04s/it]
Calculating loss...:   8%|▊         | 2/25 [00:04<00:48,  2.13s/it]
Calculating loss...:  12%|█▏        | 3/25 [00:06<00:45,  2.09s/it]
Calculating loss...:  16%|█▌        | 4/25 [00:08<00:43,  2.07s/it]
Calculating loss...:  20%|██        | 5/25 [00:10<00:41,  2.06s/it]
Calculating loss...:  24%|██▍       | 6/25 [00:12<00:38,  2.05s/it]
Calculating loss...:  28%|██▊       | 7/25 [00:14<00:36,  2.05s/it]
Calculating loss...:  32%|███▏      | 8/25 [00:16<00:34,  2.04s/it]
Calculating loss...:  36%|███▌      | 9/25 [00:18<00:32,  2.04s/it]
Calculating loss...:  40%|████      | 10/25 [00:20<00:30,  2.04s/it]
Calculating loss...:  44%|████▍     | 11/25 [00:22<00:28,  2.04s/it]
Calculating loss...:  48%|████▊     | 12/25 [00:24<00:26,  2.04s/it]
Calculating loss...:  52%|█████▏    | 13/25 [00:26<00:24,  2.04s/it]
Calculating loss...:  56%|█████▌    | 14/25 [00:28<00:22,  2.08s/it]
Calculating loss...:  60%|██████    | 15/25 [00:30<00:20,  2.07s/it]
Calculating loss...:  64%|██████▍   | 16/25 [00:33<00:18,  2.11s/it]
Calculating loss...:  68%|██████▊   | 17/25 [00:35<00:17,  2.13s/it]
Calculating loss...:  72%|███████▏  | 18/25 [00:37<00:14,  2.10s/it]
Calculating loss...:  76%|███████▌  | 19/25 [00:39<00:12,  2.08s/it]
Calculating loss...:  80%|████████  | 20/25 [00:41<00:10,  2.12s/it]
Calculating loss...:  84%|████████▍ | 21/25 [00:43<00:08,  2.14s/it]
Calculating loss...:  88%|████████▊ | 22/25 [00:45<00:06,  2.11s/it]
Calculating loss...:  92%|█████████▏| 23/25 [00:47<00:04,  2.13s/it]
Calculating loss...:  96%|█████████▌| 24/25 [00:49<00:02,  2.10s/it]
Calculating loss...: 100%|██████████| 25/25 [00:52<00:00,  2.09s/it]
Calculating loss...: 100%|██████████| 25/25 [00:52<00:00,  2.08s/it]

Calculating loss...:   0%|          | 0/25 [00:00<?, ?it/s]
Calculating loss...:   4%|▍         | 1/25 [00:02<00:48,  2.03s/it]
Calculating loss...:   8%|▊         | 2/25 [00:04<00:46,  2.04s/it]
Calculating loss...:  12%|█▏        | 3/25 [00:06<00:44,  2.04s/it]
Calculating loss...:  16%|█▌        | 4/25 [00:08<00:44,  2.10s/it]
Calculating loss...:  20%|██        | 5/25 [00:10<00:42,  2.13s/it]
Calculating loss...:  24%|██▍       | 6/25 [00:12<00:39,  2.10s/it]
Calculating loss...:  28%|██▊       | 7/25 [00:14<00:37,  2.08s/it]
Calculating loss...:  32%|███▏      | 8/25 [00:16<00:35,  2.07s/it]
Calculating loss...:  36%|███▌      | 9/25 [00:18<00:32,  2.06s/it]
Calculating loss...:  40%|████      | 10/25 [00:20<00:30,  2.05s/it]
Calculating loss...:  44%|████▍     | 11/25 [00:22<00:28,  2.05s/it]
Calculating loss...:  48%|████▊     | 12/25 [00:24<00:26,  2.05s/it]
Calculating loss...:  52%|█████▏    | 13/25 [00:26<00:24,  2.04s/it]
Calculating loss...:  56%|█████▌    | 14/25 [00:28<00:22,  2.04s/it]
Calculating loss...:  60%|██████    | 15/25 [00:30<00:20,  2.04s/it]
Calculating loss...:  64%|██████▍   | 16/25 [00:33<00:18,  2.08s/it]
Calculating loss...:  68%|██████▊   | 17/25 [00:35<00:16,  2.07s/it]
Calculating loss...:  72%|███████▏  | 18/25 [00:37<00:14,  2.06s/it]
Calculating loss...:  76%|███████▌  | 19/25 [00:39<00:12,  2.05s/it]
Calculating loss...:  80%|████████  | 20/25 [00:41<00:10,  2.05s/it]
Calculating loss...:  84%|████████▍ | 21/25 [00:43<00:08,  2.04s/it]
Calculating loss...:  88%|████████▊ | 22/25 [00:45<00:06,  2.09s/it]
Calculating loss...:  92%|█████████▏| 23/25 [00:47<00:04,  2.08s/it]
Calculating loss...:  96%|█████████▌| 24/25 [00:49<00:02,  2.07s/it]
Calculating loss...: 100%|██████████| 25/25 [00:51<00:00,  2.06s/it]
Calculating loss...: 100%|██████████| 25/25 [00:51<00:00,  2.06s/it]

Calculating loss...:   0%|          | 0/25 [00:00<?, ?it/s]
Calculating loss...:   4%|▍         | 1/25 [00:02<00:48,  2.03s/it]
Calculating loss...:   8%|▊         | 2/25 [00:04<00:46,  2.03s/it]
Calculating loss...:  12%|█▏        | 3/25 [00:06<00:44,  2.03s/it]
Calculating loss...:  16%|█▌        | 4/25 [00:08<00:42,  2.04s/it]
Calculating loss...:  20%|██        | 5/25 [00:10<00:40,  2.04s/it]
Calculating loss...:  24%|██▍       | 6/25 [00:12<00:38,  2.04s/it]
Calculating loss...:  28%|██▊       | 7/25 [00:14<00:36,  2.04s/it]
Calculating loss...:  32%|███▏      | 8/25 [00:16<00:34,  2.04s/it]
Calculating loss...:  36%|███▌      | 9/25 [00:18<00:32,  2.04s/it]
Calculating loss...:  40%|████      | 10/25 [00:20<00:30,  2.04s/it]
Calculating loss...:  44%|████▍     | 11/25 [00:22<00:28,  2.04s/it]
Calculating loss...:  48%|████▊     | 12/25 [00:24<00:27,  2.08s/it]
Calculating loss...:  52%|█████▏    | 13/25 [00:26<00:24,  2.07s/it]
Calculating loss...:  56%|█████▌    | 14/25 [00:28<00:23,  2.10s/it]
Calculating loss...:  60%|██████    | 15/25 [00:30<00:20,  2.09s/it]
Calculating loss...:  64%|██████▍   | 16/25 [00:32<00:18,  2.07s/it]
Calculating loss...:  68%|██████▊   | 17/25 [00:34<00:16,  2.06s/it]
Calculating loss...:  72%|███████▏  | 18/25 [00:37<00:14,  2.10s/it]
Calculating loss...:  76%|███████▌  | 19/25 [00:39<00:12,  2.08s/it]
Calculating loss...:  80%|████████  | 20/25 [00:41<00:10,  2.12s/it]
Calculating loss...:  84%|████████▍ | 21/25 [00:43<00:08,  2.09s/it]
Calculating loss...:  88%|████████▊ | 22/25 [00:45<00:06,  2.08s/it]
Calculating loss...:  92%|█████████▏| 23/25 [00:47<00:04,  2.07s/it]
Calculating loss...:  96%|█████████▌| 24/25 [00:49<00:02,  2.06s/it]
Calculating loss...: 100%|██████████| 25/25 [00:51<00:00,  2.05s/it]
Calculating loss...: 100%|██████████| 25/25 [00:51<00:00,  2.06s/it]

Calculating loss...:   0%|          | 0/25 [00:00<?, ?it/s]
Calculating loss...:   4%|▍         | 1/25 [00:02<00:48,  2.03s/it]
Calculating loss...:   8%|▊         | 2/25 [00:04<00:46,  2.04s/it]
Calculating loss...:  12%|█▏        | 3/25 [00:06<00:44,  2.04s/it]
Calculating loss...:  16%|█▌        | 4/25 [00:08<00:42,  2.04s/it]
Calculating loss...:  20%|██        | 5/25 [00:10<00:40,  2.04s/it]
Calculating loss...:  24%|██▍       | 6/25 [00:12<00:39,  2.09s/it]
Calculating loss...:  28%|██▊       | 7/25 [00:14<00:38,  2.12s/it]
Calculating loss...:  32%|███▏      | 8/25 [00:16<00:35,  2.10s/it]
Calculating loss...:  36%|███▌      | 9/25 [00:18<00:34,  2.13s/it]
Calculating loss...:  40%|████      | 10/25 [00:20<00:32,  2.15s/it]
Calculating loss...:  44%|████▍     | 11/25 [00:23<00:29,  2.11s/it]
Calculating loss...:  48%|████▊     | 12/25 [00:25<00:27,  2.09s/it]
Calculating loss...:  52%|█████▏    | 13/25 [00:27<00:24,  2.07s/it]
Calculating loss...:  56%|█████▌    | 14/25 [00:29<00:22,  2.06s/it]
Calculating loss...:  60%|██████    | 15/25 [00:31<00:21,  2.10s/it]
Calculating loss...:  64%|██████▍   | 16/25 [00:33<00:18,  2.08s/it]
Calculating loss...:  68%|██████▊   | 17/25 [00:35<00:16,  2.07s/it]
Calculating loss...:  72%|███████▏  | 18/25 [00:37<00:14,  2.06s/it]
Calculating loss...:  76%|███████▌  | 19/25 [00:39<00:12,  2.06s/it]
Calculating loss...:  80%|████████  | 20/25 [00:41<00:10,  2.14s/it]
Calculating loss...:  84%|████████▍ | 21/25 [00:43<00:08,  2.11s/it]
Calculating loss...:  88%|████████▊ | 22/25 [00:45<00:06,  2.09s/it]
Calculating loss...:  92%|█████████▏| 23/25 [00:47<00:04,  2.08s/it]
Calculating loss...:  96%|█████████▌| 24/25 [00:49<00:02,  2.06s/it]
Calculating loss...: 100%|██████████| 25/25 [00:52<00:00,  2.06s/it]
Calculating loss...: 100%|██████████| 25/25 [00:52<00:00,  2.08s/it]
