Loading configuration file /Users/jayeshsuryavanshi/github-updates/ftquant/runs/week1/q17-lora/train.yaml
Loading pretrained model
Loading datasets
Training
Trainable parameters: 0.507% (8.716M/1720.575M)
Starting training..., iters: 500
Iter 1: Val loss 6.990, Val took 55.586s
Iter 50: Train loss 0.963, Learning Rate 1.000e-04, It/sec 0.169, Tokens/sec 7.687, Trained Tokens 2270, Peak mem 6.764 GB
Iter 100: Val loss 0.267, Val took 60.113s
Iter 100: Train loss 0.403, Learning Rate 1.000e-04, It/sec 0.153, Tokens/sec 6.851, Trained Tokens 4512, Peak mem 6.766 GB
Iter 100: Saved adapter weights to /Users/jayeshsuryavanshi/github-updates/ftquant/runs/week1/q17-lora/adapter/adapters.safetensors and /Users/jayeshsuryavanshi/github-updates/ftquant/runs/week1/q17-lora/adapter/0000100_adapters.safetensors.
Iter 150: Train loss 0.329, Learning Rate 1.000e-04, It/sec 0.153, Tokens/sec 6.814, Trained Tokens 6737, Peak mem 6.799 GB
Iter 200: Val loss 0.140, Val took 52.390s
Iter 200: Train loss 0.195, Learning Rate 1.000e-04, It/sec 0.155, Tokens/sec 6.711, Trained Tokens 8907, Peak mem 6.801 GB
Iter 200: Saved adapter weights to /Users/jayeshsuryavanshi/github-updates/ftquant/runs/week1/q17-lora/adapter/adapters.safetensors and /Users/jayeshsuryavanshi/github-updates/ftquant/runs/week1/q17-lora/adapter/0000200_adapters.safetensors.
Iter 250: Train loss 0.137, Learning Rate 1.000e-04, It/sec 0.176, Tokens/sec 7.935, Trained Tokens 11167, Peak mem 6.801 GB
Iter 300: Val loss 0.123, Val took 51.780s
Iter 300: Train loss 0.121, Learning Rate 1.000e-04, It/sec 0.178, Tokens/sec 7.894, Trained Tokens 13386, Peak mem 6.909 GB
Iter 300: Saved adapter weights to /Users/jayeshsuryavanshi/github-updates/ftquant/runs/week1/q17-lora/adapter/adapters.safetensors and /Users/jayeshsuryavanshi/github-updates/ftquant/runs/week1/q17-lora/adapter/0000300_adapters.safetensors.
Iter 350: Train loss 0.110, Learning Rate 1.000e-04, It/sec 0.173, Tokens/sec 7.723, Trained Tokens 15623, Peak mem 6.909 GB
Iter 400: Val loss 0.119, Val took 53.457s
Iter 400: Train loss 0.094, Learning Rate 1.000e-04, It/sec 0.175, Tokens/sec 7.803, Trained Tokens 17854, Peak mem 6.909 GB
Iter 400: Saved adapter weights to /Users/jayeshsuryavanshi/github-updates/ftquant/runs/week1/q17-lora/adapter/adapters.safetensors and /Users/jayeshsuryavanshi/github-updates/ftquant/runs/week1/q17-lora/adapter/0000400_adapters.safetensors.
Iter 450: Train loss 0.084, Learning Rate 1.000e-04, It/sec 0.168, Tokens/sec 7.528, Trained Tokens 20093, Peak mem 6.909 GB
Iter 500: Val loss 0.080, Val took 53.419s
Iter 500: Train loss 0.092, Learning Rate 1.000e-04, It/sec 0.172, Tokens/sec 7.603, Trained Tokens 22303, Peak mem 6.909 GB
Iter 500: Saved adapter weights to /Users/jayeshsuryavanshi/github-updates/ftquant/runs/week1/q17-lora/adapter/adapters.safetensors and /Users/jayeshsuryavanshi/github-updates/ftquant/runs/week1/q17-lora/adapter/0000500_adapters.safetensors.
Saved final weights to /Users/jayeshsuryavanshi/github-updates/ftquant/runs/week1/q17-lora/adapter/adapters.safetensors.

Fetching 9 files:   0%|          | 0/9 [00:00<?, ?it/s]
Fetching 9 files: 100%|██████████| 9/9 [00:00<00:00, 3083.29it/s]

Calculating loss...:   0%|          | 0/25 [00:00<?, ?it/s]
Calculating loss...:   4%|▍         | 1/25 [00:02<01:04,  2.67s/it]
Calculating loss...:   8%|▊         | 2/25 [00:04<00:56,  2.45s/it]
Calculating loss...:  12%|█▏        | 3/25 [00:07<00:53,  2.44s/it]
Calculating loss...:  16%|█▌        | 4/25 [00:09<00:50,  2.39s/it]
Calculating loss...:  20%|██        | 5/25 [00:11<00:46,  2.33s/it]
Calculating loss...:  24%|██▍       | 6/25 [00:14<00:43,  2.27s/it]
Calculating loss...:  28%|██▊       | 7/25 [00:16<00:40,  2.24s/it]
Calculating loss...:  32%|███▏      | 8/25 [00:18<00:37,  2.20s/it]
Calculating loss...:  36%|███▌      | 9/25 [00:20<00:35,  2.21s/it]
Calculating loss...:  40%|████      | 10/25 [00:22<00:32,  2.20s/it]
Calculating loss...:  44%|████▍     | 11/25 [00:24<00:30,  2.17s/it]
Calculating loss...:  48%|████▊     | 12/25 [00:26<00:27,  2.14s/it]
Calculating loss...:  52%|█████▏    | 13/25 [00:29<00:26,  2.18s/it]
Calculating loss...:  56%|█████▌    | 14/25 [00:31<00:23,  2.18s/it]
Calculating loss...:  60%|██████    | 15/25 [00:33<00:21,  2.17s/it]
Calculating loss...:  64%|██████▍   | 16/25 [00:35<00:19,  2.17s/it]
Calculating loss...:  68%|██████▊   | 17/25 [00:37<00:17,  2.17s/it]
Calculating loss...:  72%|███████▏  | 18/25 [00:40<00:15,  2.21s/it]
Calculating loss...:  76%|███████▌  | 19/25 [00:42<00:13,  2.21s/it]
Calculating loss...:  80%|████████  | 20/25 [00:44<00:10,  2.17s/it]
Calculating loss...:  84%|████████▍ | 21/25 [00:46<00:09,  2.26s/it]
Calculating loss...:  88%|████████▊ | 22/25 [00:49<00:06,  2.24s/it]
Calculating loss...:  92%|█████████▏| 23/25 [00:51<00:04,  2.22s/it]
Calculating loss...:  96%|█████████▌| 24/25 [00:53<00:02,  2.20s/it]
Calculating loss...: 100%|██████████| 25/25 [00:55<00:00,  2.17s/it]
Calculating loss...: 100%|██████████| 25/25 [00:55<00:00,  2.22s/it]

Calculating loss...:   0%|          | 0/25 [00:00<?, ?it/s]
Calculating loss...:   4%|▍         | 1/25 [00:02<00:58,  2.45s/it]
Calculating loss...:   8%|▊         | 2/25 [00:05<00:57,  2.52s/it]
Calculating loss...:  12%|█▏        | 3/25 [00:07<00:56,  2.56s/it]
Calculating loss...:  16%|█▌        | 4/25 [00:10<00:54,  2.61s/it]
Calculating loss...:  20%|██        | 5/25 [00:12<00:52,  2.60s/it]
Calculating loss...:  24%|██▍       | 6/25 [00:15<00:49,  2.58s/it]
Calculating loss...:  28%|██▊       | 7/25 [00:18<00:47,  2.63s/it]
Calculating loss...:  32%|███▏      | 8/25 [00:20<00:44,  2.62s/it]
Calculating loss...:  36%|███▌      | 9/25 [00:23<00:41,  2.61s/it]
Calculating loss...:  40%|████      | 10/25 [00:25<00:37,  2.52s/it]
Calculating loss...:  44%|████▍     | 11/25 [00:28<00:34,  2.47s/it]
Calculating loss...:  48%|████▊     | 12/25 [00:30<00:31,  2.40s/it]
Calculating loss...:  52%|█████▏    | 13/25 [00:32<00:28,  2.37s/it]
Calculating loss...:  56%|█████▌    | 14/25 [00:34<00:26,  2.38s/it]
Calculating loss...:  60%|██████    | 15/25 [00:37<00:23,  2.33s/it]
Calculating loss...:  64%|██████▍   | 16/25 [00:39<00:20,  2.32s/it]
Calculating loss...:  68%|██████▊   | 17/25 [00:41<00:18,  2.31s/it]
Calculating loss...:  72%|███████▏  | 18/25 [00:43<00:15,  2.27s/it]
Calculating loss...:  76%|███████▌  | 19/25 [00:46<00:13,  2.27s/it]
Calculating loss...:  80%|████████  | 20/25 [00:48<00:11,  2.32s/it]
Calculating loss...:  84%|████████▍ | 21/25 [00:51<00:09,  2.34s/it]
Calculating loss...:  88%|████████▊ | 22/25 [00:53<00:07,  2.35s/it]
Calculating loss...:  92%|█████████▏| 23/25 [00:55<00:04,  2.30s/it]
Calculating loss...:  96%|█████████▌| 24/25 [00:57<00:02,  2.29s/it]
Calculating loss...: 100%|██████████| 25/25 [01:00<00:00,  2.27s/it]
Calculating loss...: 100%|██████████| 25/25 [01:00<00:00,  2.40s/it]

Calculating loss...:   0%|          | 0/25 [00:00<?, ?it/s]
Calculating loss...:   4%|▍         | 1/25 [00:02<00:50,  2.10s/it]
Calculating loss...:   8%|▊         | 2/25 [00:04<00:49,  2.16s/it]
Calculating loss...:  12%|█▏        | 3/25 [00:06<00:46,  2.12s/it]
Calculating loss...:  16%|█▌        | 4/25 [00:08<00:43,  2.09s/it]
Calculating loss...:  20%|██        | 5/25 [00:10<00:41,  2.07s/it]
Calculating loss...:  24%|██▍       | 6/25 [00:12<00:39,  2.06s/it]
Calculating loss...:  28%|██▊       | 7/25 [00:14<00:37,  2.06s/it]
Calculating loss...:  32%|███▏      | 8/25 [00:16<00:34,  2.05s/it]
Calculating loss...:  36%|███▌      | 9/25 [00:18<00:32,  2.05s/it]
Calculating loss...:  40%|████      | 10/25 [00:20<00:30,  2.05s/it]
Calculating loss...:  44%|████▍     | 11/25 [00:22<00:28,  2.05s/it]
Calculating loss...:  48%|████▊     | 12/25 [00:24<00:26,  2.07s/it]
Calculating loss...:  52%|█████▏    | 13/25 [00:26<00:24,  2.06s/it]
Calculating loss...:  56%|█████▌    | 14/25 [00:29<00:23,  2.10s/it]
Calculating loss...:  60%|██████    | 15/25 [00:31<00:20,  2.08s/it]
Calculating loss...:  64%|██████▍   | 16/25 [00:33<00:19,  2.12s/it]
Calculating loss...:  68%|██████▊   | 17/25 [00:35<00:17,  2.14s/it]
Calculating loss...:  72%|███████▏  | 18/25 [00:37<00:14,  2.11s/it]
Calculating loss...:  76%|███████▌  | 19/25 [00:39<00:12,  2.09s/it]
Calculating loss...:  80%|████████  | 20/25 [00:41<00:10,  2.13s/it]
Calculating loss...:  84%|████████▍ | 21/25 [00:44<00:08,  2.15s/it]
Calculating loss...:  88%|████████▊ | 22/25 [00:46<00:06,  2.12s/it]
Calculating loss...:  92%|█████████▏| 23/25 [00:48<00:04,  2.14s/it]
Calculating loss...:  96%|█████████▌| 24/25 [00:50<00:02,  2.11s/it]
Calculating loss...: 100%|██████████| 25/25 [00:52<00:00,  2.09s/it]
Calculating loss...: 100%|██████████| 25/25 [00:52<00:00,  2.09s/it]

Calculating loss...:   0%|          | 0/25 [00:00<?, ?it/s]
Calculating loss...:   4%|▍         | 1/25 [00:02<00:49,  2.06s/it]
Calculating loss...:   8%|▊         | 2/25 [00:04<00:47,  2.05s/it]
Calculating loss...:  12%|█▏        | 3/25 [00:06<00:44,  2.05s/it]
Calculating loss...:  16%|█▌        | 4/25 [00:08<00:44,  2.11s/it]
Calculating loss...:  20%|██        | 5/25 [00:10<00:42,  2.14s/it]
Calculating loss...:  24%|██▍       | 6/25 [00:12<00:40,  2.11s/it]
Calculating loss...:  28%|██▊       | 7/25 [00:14<00:37,  2.09s/it]
Calculating loss...:  32%|███▏      | 8/25 [00:16<00:35,  2.08s/it]
Calculating loss...:  36%|███▌      | 9/25 [00:18<00:33,  2.07s/it]
Calculating loss...:  40%|████      | 10/25 [00:20<00:30,  2.06s/it]
Calculating loss...:  44%|████▍     | 11/25 [00:22<00:28,  2.06s/it]
Calculating loss...:  48%|████▊     | 12/25 [00:24<00:26,  2.05s/it]
Calculating loss...:  52%|█████▏    | 13/25 [00:26<00:24,  2.05s/it]
Calculating loss...:  56%|█████▌    | 14/25 [00:28<00:22,  2.05s/it]
Calculating loss...:  60%|██████    | 15/25 [00:31<00:20,  2.05s/it]
Calculating loss...:  64%|██████▍   | 16/25 [00:33<00:18,  2.09s/it]
Calculating loss...:  68%|██████▊   | 17/25 [00:35<00:16,  2.08s/it]
Calculating loss...:  72%|███████▏  | 18/25 [00:37<00:14,  2.07s/it]
Calculating loss...:  76%|███████▌  | 19/25 [00:39<00:12,  2.06s/it]
Calculating loss...:  80%|████████  | 20/25 [00:41<00:10,  2.06s/it]
Calculating loss...:  84%|████████▍ | 21/25 [00:43<00:08,  2.05s/it]
Calculating loss...:  88%|████████▊ | 22/25 [00:45<00:06,  2.10s/it]
Calculating loss...:  92%|█████████▏| 23/25 [00:47<00:04,  2.08s/it]
Calculating loss...:  96%|█████████▌| 24/25 [00:49<00:02,  2.07s/it]
Calculating loss...: 100%|██████████| 25/25 [00:51<00:00,  2.06s/it]
Calculating loss...: 100%|██████████| 25/25 [00:51<00:00,  2.07s/it]

Calculating loss...:   0%|          | 0/25 [00:00<?, ?it/s]
Calculating loss...:   4%|▍         | 1/25 [00:02<00:49,  2.08s/it]
Calculating loss...:   8%|▊         | 2/25 [00:04<00:47,  2.07s/it]
Calculating loss...:  12%|█▏        | 3/25 [00:06<00:45,  2.06s/it]
Calculating loss...:  16%|█▌        | 4/25 [00:08<00:43,  2.07s/it]
Calculating loss...:  20%|██        | 5/25 [00:10<00:41,  2.08s/it]
Calculating loss...:  24%|██▍       | 6/25 [00:12<00:39,  2.07s/it]
Calculating loss...:  28%|██▊       | 7/25 [00:14<00:37,  2.09s/it]
Calculating loss...:  32%|███▏      | 8/25 [00:16<00:35,  2.11s/it]
Calculating loss...:  36%|███▌      | 9/25 [00:18<00:33,  2.12s/it]
Calculating loss...:  40%|████      | 10/25 [00:21<00:32,  2.14s/it]
Calculating loss...:  44%|████▍     | 11/25 [00:23<00:29,  2.13s/it]
Calculating loss...:  48%|████▊     | 12/25 [00:25<00:28,  2.17s/it]
Calculating loss...:  52%|█████▏    | 13/25 [00:27<00:25,  2.14s/it]
Calculating loss...:  56%|█████▌    | 14/25 [00:29<00:23,  2.18s/it]
Calculating loss...:  60%|██████    | 15/25 [00:31<00:21,  2.16s/it]
Calculating loss...:  64%|██████▍   | 16/25 [00:33<00:19,  2.14s/it]
Calculating loss...:  68%|██████▊   | 17/25 [00:36<00:17,  2.13s/it]
Calculating loss...:  72%|███████▏  | 18/25 [00:38<00:15,  2.19s/it]
Calculating loss...:  76%|███████▌  | 19/25 [00:40<00:12,  2.16s/it]
Calculating loss...:  80%|████████  | 20/25 [00:42<00:11,  2.21s/it]
Calculating loss...:  84%|████████▍ | 21/25 [00:44<00:08,  2.18s/it]
Calculating loss...:  88%|████████▊ | 22/25 [00:47<00:06,  2.16s/it]
Calculating loss...:  92%|█████████▏| 23/25 [00:49<00:04,  2.15s/it]
Calculating loss...:  96%|█████████▌| 24/25 [00:51<00:02,  2.14s/it]
Calculating loss...: 100%|██████████| 25/25 [00:53<00:00,  2.15s/it]
Calculating loss...: 100%|██████████| 25/25 [00:53<00:00,  2.14s/it]

Calculating loss...:   0%|          | 0/25 [00:00<?, ?it/s]
Calculating loss...:   4%|▍         | 1/25 [00:02<00:51,  2.15s/it]
Calculating loss...:   8%|▊         | 2/25 [00:04<00:48,  2.10s/it]
Calculating loss...:  12%|█▏        | 3/25 [00:06<00:46,  2.11s/it]
Calculating loss...:  16%|█▌        | 4/25 [00:08<00:44,  2.11s/it]
Calculating loss...:  20%|██        | 5/25 [00:10<00:42,  2.11s/it]
Calculating loss...:  24%|██▍       | 6/25 [00:12<00:40,  2.15s/it]
Calculating loss...:  28%|██▊       | 7/25 [00:15<00:39,  2.17s/it]
Calculating loss...:  32%|███▏      | 8/25 [00:17<00:36,  2.14s/it]
Calculating loss...:  36%|███▌      | 9/25 [00:19<00:34,  2.16s/it]
Calculating loss...:  40%|████      | 10/25 [00:21<00:32,  2.17s/it]
Calculating loss...:  44%|████▍     | 11/25 [00:23<00:30,  2.16s/it]
Calculating loss...:  48%|████▊     | 12/25 [00:25<00:27,  2.14s/it]
Calculating loss...:  52%|█████▏    | 13/25 [00:27<00:25,  2.12s/it]
Calculating loss...:  56%|█████▌    | 14/25 [00:29<00:23,  2.10s/it]
Calculating loss...:  60%|██████    | 15/25 [00:32<00:21,  2.13s/it]
Calculating loss...:  64%|██████▍   | 16/25 [00:34<00:18,  2.11s/it]
Calculating loss...:  68%|██████▊   | 17/25 [00:36<00:16,  2.09s/it]
Calculating loss...:  72%|███████▏  | 18/25 [00:38<00:14,  2.08s/it]
Calculating loss...:  76%|███████▌  | 19/25 [00:40<00:12,  2.10s/it]
Calculating loss...:  80%|████████  | 20/25 [00:42<00:10,  2.19s/it]
Calculating loss...:  84%|████████▍ | 21/25 [00:44<00:08,  2.17s/it]
Calculating loss...:  88%|████████▊ | 22/25 [00:47<00:06,  2.18s/it]
Calculating loss...:  92%|█████████▏| 23/25 [00:49<00:04,  2.17s/it]
Calculating loss...:  96%|█████████▌| 24/25 [00:51<00:02,  2.14s/it]
Calculating loss...: 100%|██████████| 25/25 [00:53<00:00,  2.13s/it]
Calculating loss...: 100%|██████████| 25/25 [00:53<00:00,  2.14s/it]
