Loading configuration file /Users/jayeshsuryavanshi/github-updates/ftquant/runs/week4/mas06-lora-lowlr-s1/train.yaml
Loading pretrained model
Loading datasets
Training
Trainable parameters: 0.847% (5.046M/596.050M)
Starting training..., iters: 500
Iter 1: Val loss 4.430, Val took 11.832s
Iter 50: Train loss 0.460, Learning Rate 1.000e-05, It/sec 0.938, Tokens/sec 70.246, Trained Tokens 3744, Peak mem 5.576 GB
Iter 100: Val loss 0.116, Val took 11.942s
Iter 100: Train loss 0.155, Learning Rate 1.000e-05, It/sec 0.938, Tokens/sec 70.696, Trained Tokens 7511, Peak mem 5.576 GB
Iter 100: Saved adapter weights to /Users/jayeshsuryavanshi/github-updates/ftquant/runs/week4/mas06-lora-lowlr-s1/adapter/adapters.safetensors and /Users/jayeshsuryavanshi/github-updates/ftquant/runs/week4/mas06-lora-lowlr-s1/adapter/0000100_adapters.safetensors.
Iter 150: Train loss 0.115, Learning Rate 1.000e-05, It/sec 0.951, Tokens/sec 69.441, Trained Tokens 11162, Peak mem 5.576 GB
Iter 200: Val loss 0.112, Val took 11.814s
Iter 200: Train loss 0.116, Learning Rate 1.000e-05, It/sec 0.932, Tokens/sec 69.728, Trained Tokens 14904, Peak mem 5.597 GB
Iter 200: Saved adapter weights to /Users/jayeshsuryavanshi/github-updates/ftquant/runs/week4/mas06-lora-lowlr-s1/adapter/adapters.safetensors and /Users/jayeshsuryavanshi/github-updates/ftquant/runs/week4/mas06-lora-lowlr-s1/adapter/0000200_adapters.safetensors.
Iter 250: Train loss 0.099, Learning Rate 1.000e-05, It/sec 0.809, Tokens/sec 61.352, Trained Tokens 18695, Peak mem 5.597 GB
Iter 300: Val loss 0.103, Val took 14.189s
Iter 300: Train loss 0.099, Learning Rate 1.000e-05, It/sec 0.786, Tokens/sec 62.303, Trained Tokens 22659, Peak mem 5.597 GB
Iter 300: Saved adapter weights to /Users/jayeshsuryavanshi/github-updates/ftquant/runs/week4/mas06-lora-lowlr-s1/adapter/adapters.safetensors and /Users/jayeshsuryavanshi/github-updates/ftquant/runs/week4/mas06-lora-lowlr-s1/adapter/0000300_adapters.safetensors.
Iter 350: Train loss 0.090, Learning Rate 1.000e-05, It/sec 0.788, Tokens/sec 59.038, Trained Tokens 26403, Peak mem 5.597 GB
Iter 400: Val loss 0.096, Val took 14.412s
Iter 400: Train loss 0.089, Learning Rate 1.000e-05, It/sec 0.785, Tokens/sec 56.052, Trained Tokens 29974, Peak mem 5.597 GB
Iter 400: Saved adapter weights to /Users/jayeshsuryavanshi/github-updates/ftquant/runs/week4/mas06-lora-lowlr-s1/adapter/adapters.safetensors and /Users/jayeshsuryavanshi/github-updates/ftquant/runs/week4/mas06-lora-lowlr-s1/adapter/0000400_adapters.safetensors.
Iter 450: Train loss 0.101, Learning Rate 1.000e-05, It/sec 0.789, Tokens/sec 57.389, Trained Tokens 33612, Peak mem 5.597 GB
Iter 500: Val loss 0.089, Val took 14.206s
Iter 500: Train loss 0.098, Learning Rate 1.000e-05, It/sec 0.791, Tokens/sec 59.217, Trained Tokens 37354, Peak mem 5.597 GB
Iter 500: Saved adapter weights to /Users/jayeshsuryavanshi/github-updates/ftquant/runs/week4/mas06-lora-lowlr-s1/adapter/adapters.safetensors and /Users/jayeshsuryavanshi/github-updates/ftquant/runs/week4/mas06-lora-lowlr-s1/adapter/0000500_adapters.safetensors.
Saved final weights to /Users/jayeshsuryavanshi/github-updates/ftquant/runs/week4/mas06-lora-lowlr-s1/adapter/adapters.safetensors.

Fetching 7 files:   0%|          | 0/7 [00:00<?, ?it/s]
Fetching 7 files: 100%|██████████| 7/7 [00:00<00:00, 2521.91it/s]

Calculating loss...:   0%|          | 0/25 [00:00<?, ?it/s]
Calculating loss...:   4%|▍         | 1/25 [00:00<00:11,  2.04it/s]
Calculating loss...:   8%|▊         | 2/25 [00:00<00:11,  2.08it/s]
Calculating loss...:  12%|█▏        | 3/25 [00:01<00:10,  2.10it/s]
Calculating loss...:  16%|█▌        | 4/25 [00:01<00:09,  2.11it/s]
Calculating loss...:  20%|██        | 5/25 [00:02<00:09,  2.11it/s]
Calculating loss...:  24%|██▍       | 6/25 [00:02<00:08,  2.12it/s]
Calculating loss...:  28%|██▊       | 7/25 [00:03<00:08,  2.12it/s]
Calculating loss...:  32%|███▏      | 8/25 [00:03<00:08,  2.12it/s]
Calculating loss...:  36%|███▌      | 9/25 [00:04<00:07,  2.12it/s]
Calculating loss...:  40%|████      | 10/25 [00:04<00:07,  2.12it/s]
Calculating loss...:  44%|████▍     | 11/25 [00:05<00:06,  2.12it/s]
Calculating loss...:  48%|████▊     | 12/25 [00:05<00:06,  2.12it/s]
Calculating loss...:  52%|█████▏    | 13/25 [00:06<00:05,  2.12it/s]
Calculating loss...:  56%|█████▌    | 14/25 [00:06<00:05,  2.11it/s]
Calculating loss...:  60%|██████    | 15/25 [00:07<00:04,  2.12it/s]
Calculating loss...:  64%|██████▍   | 16/25 [00:07<00:04,  2.12it/s]
Calculating loss...:  68%|██████▊   | 17/25 [00:08<00:03,  2.12it/s]
Calculating loss...:  72%|███████▏  | 18/25 [00:08<00:03,  2.12it/s]
Calculating loss...:  76%|███████▌  | 19/25 [00:08<00:02,  2.12it/s]
Calculating loss...:  80%|████████  | 20/25 [00:09<00:02,  2.11it/s]
Calculating loss...:  84%|████████▍ | 21/25 [00:09<00:01,  2.11it/s]
Calculating loss...:  88%|████████▊ | 22/25 [00:10<00:01,  2.12it/s]
Calculating loss...:  92%|█████████▏| 23/25 [00:10<00:00,  2.12it/s]
Calculating loss...:  96%|█████████▌| 24/25 [00:11<00:00,  2.12it/s]
Calculating loss...: 100%|██████████| 25/25 [00:11<00:00,  2.12it/s]
Calculating loss...: 100%|██████████| 25/25 [00:11<00:00,  2.12it/s]

Calculating loss...:   0%|          | 0/25 [00:00<?, ?it/s]
Calculating loss...:   4%|▍         | 1/25 [00:00<00:11,  2.11it/s]
Calculating loss...:   8%|▊         | 2/25 [00:00<00:10,  2.11it/s]
Calculating loss...:  12%|█▏        | 3/25 [00:01<00:10,  2.11it/s]
Calculating loss...:  16%|█▌        | 4/25 [00:01<00:09,  2.11it/s]
Calculating loss...:  20%|██        | 5/25 [00:02<00:09,  2.11it/s]
Calculating loss...:  24%|██▍       | 6/25 [00:02<00:08,  2.11it/s]
Calculating loss...:  28%|██▊       | 7/25 [00:03<00:08,  2.12it/s]
Calculating loss...:  32%|███▏      | 8/25 [00:03<00:08,  2.12it/s]
Calculating loss...:  36%|███▌      | 9/25 [00:04<00:07,  2.11it/s]
Calculating loss...:  40%|████      | 10/25 [00:04<00:07,  2.11it/s]
Calculating loss...:  44%|████▍     | 11/25 [00:05<00:06,  2.11it/s]
Calculating loss...:  48%|████▊     | 12/25 [00:05<00:06,  2.11it/s]
Calculating loss...:  52%|█████▏    | 13/25 [00:06<00:05,  2.05it/s]
Calculating loss...:  56%|█████▌    | 14/25 [00:06<00:05,  2.06it/s]
Calculating loss...:  60%|██████    | 15/25 [00:07<00:04,  2.08it/s]
Calculating loss...:  64%|██████▍   | 16/25 [00:07<00:04,  2.09it/s]
Calculating loss...:  68%|██████▊   | 17/25 [00:08<00:03,  2.03it/s]
Calculating loss...:  72%|███████▏  | 18/25 [00:08<00:03,  2.05it/s]
Calculating loss...:  76%|███████▌  | 19/25 [00:09<00:02,  2.07it/s]
Calculating loss...:  80%|████████  | 20/25 [00:09<00:02,  2.08it/s]
Calculating loss...:  84%|████████▍ | 21/25 [00:10<00:01,  2.09it/s]
Calculating loss...:  88%|████████▊ | 22/25 [00:10<00:01,  2.10it/s]
Calculating loss...:  92%|█████████▏| 23/25 [00:10<00:00,  2.10it/s]
Calculating loss...:  96%|█████████▌| 24/25 [00:11<00:00,  2.11it/s]
Calculating loss...: 100%|██████████| 25/25 [00:11<00:00,  2.10it/s]
Calculating loss...: 100%|██████████| 25/25 [00:11<00:00,  2.09it/s]

Calculating loss...:   0%|          | 0/25 [00:00<?, ?it/s]
Calculating loss...:   4%|▍         | 1/25 [00:00<00:11,  2.12it/s]
Calculating loss...:   8%|▊         | 2/25 [00:00<00:10,  2.12it/s]
Calculating loss...:  12%|█▏        | 3/25 [00:01<00:10,  2.12it/s]
Calculating loss...:  16%|█▌        | 4/25 [00:01<00:09,  2.12it/s]
Calculating loss...:  20%|██        | 5/25 [00:02<00:09,  2.11it/s]
Calculating loss...:  24%|██▍       | 6/25 [00:02<00:08,  2.12it/s]
Calculating loss...:  28%|██▊       | 7/25 [00:03<00:08,  2.12it/s]
Calculating loss...:  32%|███▏      | 8/25 [00:03<00:08,  2.12it/s]
Calculating loss...:  36%|███▌      | 9/25 [00:04<00:07,  2.12it/s]
Calculating loss...:  40%|████      | 10/25 [00:04<00:07,  2.11it/s]
Calculating loss...:  44%|████▍     | 11/25 [00:05<00:06,  2.05it/s]
Calculating loss...:  48%|████▊     | 12/25 [00:05<00:06,  2.06it/s]
Calculating loss...:  52%|█████▏    | 13/25 [00:06<00:05,  2.08it/s]
Calculating loss...:  56%|█████▌    | 14/25 [00:06<00:05,  2.09it/s]
Calculating loss...:  60%|██████    | 15/25 [00:07<00:04,  2.10it/s]
Calculating loss...:  64%|██████▍   | 16/25 [00:07<00:04,  2.10it/s]
Calculating loss...:  68%|██████▊   | 17/25 [00:08<00:03,  2.19it/s]
Calculating loss...:  72%|███████▏  | 18/25 [00:08<00:03,  2.16it/s]
Calculating loss...:  76%|███████▌  | 19/25 [00:08<00:02,  2.15it/s]
Calculating loss...:  80%|████████  | 20/25 [00:09<00:02,  2.14it/s]
Calculating loss...:  84%|████████▍ | 21/25 [00:09<00:01,  2.13it/s]
Calculating loss...:  88%|████████▊ | 22/25 [00:10<00:01,  2.13it/s]
Calculating loss...:  92%|█████████▏| 23/25 [00:10<00:00,  2.13it/s]
Calculating loss...:  96%|█████████▌| 24/25 [00:11<00:00,  2.12it/s]
Calculating loss...: 100%|██████████| 25/25 [00:11<00:00,  2.12it/s]
Calculating loss...: 100%|██████████| 25/25 [00:11<00:00,  2.12it/s]

Calculating loss...:   0%|          | 0/25 [00:00<?, ?it/s]
Calculating loss...:   4%|▍         | 1/25 [00:00<00:13,  1.77it/s]
Calculating loss...:   8%|▊         | 2/25 [00:01<00:12,  1.77it/s]
Calculating loss...:  12%|█▏        | 3/25 [00:01<00:12,  1.69it/s]
Calculating loss...:  16%|█▌        | 4/25 [00:02<00:12,  1.72it/s]
Calculating loss...:  20%|██        | 5/25 [00:02<00:11,  1.74it/s]
Calculating loss...:  24%|██▍       | 6/25 [00:03<00:10,  1.76it/s]
Calculating loss...:  28%|██▊       | 7/25 [00:03<00:10,  1.76it/s]
Calculating loss...:  32%|███▏      | 8/25 [00:04<00:09,  1.76it/s]
Calculating loss...:  36%|███▌      | 9/25 [00:05<00:09,  1.76it/s]
Calculating loss...:  40%|████      | 10/25 [00:05<00:08,  1.77it/s]
Calculating loss...:  44%|████▍     | 11/25 [00:06<00:07,  1.77it/s]
Calculating loss...:  48%|████▊     | 12/25 [00:06<00:07,  1.78it/s]
Calculating loss...:  52%|█████▏    | 13/25 [00:07<00:06,  1.77it/s]
Calculating loss...:  56%|█████▌    | 14/25 [00:07<00:06,  1.77it/s]
Calculating loss...:  60%|██████    | 15/25 [00:08<00:05,  1.77it/s]
Calculating loss...:  64%|██████▍   | 16/25 [00:09<00:05,  1.77it/s]
Calculating loss...:  68%|██████▊   | 17/25 [00:09<00:04,  1.77it/s]
Calculating loss...:  72%|███████▏  | 18/25 [00:10<00:03,  1.77it/s]
Calculating loss...:  76%|███████▌  | 19/25 [00:10<00:03,  1.77it/s]
Calculating loss...:  80%|████████  | 20/25 [00:11<00:02,  1.77it/s]
Calculating loss...:  84%|████████▍ | 21/25 [00:11<00:02,  1.76it/s]
Calculating loss...:  88%|████████▊ | 22/25 [00:12<00:01,  1.76it/s]
Calculating loss...:  92%|█████████▏| 23/25 [00:13<00:01,  1.76it/s]
Calculating loss...:  96%|█████████▌| 24/25 [00:13<00:00,  1.76it/s]
Calculating loss...: 100%|██████████| 25/25 [00:14<00:00,  1.76it/s]
Calculating loss...: 100%|██████████| 25/25 [00:14<00:00,  1.76it/s]

Calculating loss...:   0%|          | 0/25 [00:00<?, ?it/s]
Calculating loss...:   4%|▍         | 1/25 [00:00<00:13,  1.74it/s]
Calculating loss...:   8%|▊         | 2/25 [00:01<00:13,  1.75it/s]
Calculating loss...:  12%|█▏        | 3/25 [00:01<00:12,  1.75it/s]
Calculating loss...:  16%|█▌        | 4/25 [00:02<00:11,  1.75it/s]
Calculating loss...:  20%|██        | 5/25 [00:02<00:11,  1.75it/s]
Calculating loss...:  24%|██▍       | 6/25 [00:03<00:10,  1.75it/s]
Calculating loss...:  28%|██▊       | 7/25 [00:04<00:10,  1.74it/s]
Calculating loss...:  32%|███▏      | 8/25 [00:04<00:09,  1.74it/s]
Calculating loss...:  36%|███▌      | 9/25 [00:05<00:09,  1.68it/s]
Calculating loss...:  40%|████      | 10/25 [00:05<00:08,  1.70it/s]
Calculating loss...:  44%|████▍     | 11/25 [00:06<00:08,  1.71it/s]
Calculating loss...:  48%|████▊     | 12/25 [00:06<00:07,  1.72it/s]
Calculating loss...:  52%|█████▏    | 13/25 [00:07<00:06,  1.72it/s]
Calculating loss...:  56%|█████▌    | 14/25 [00:08<00:06,  1.72it/s]
Calculating loss...:  60%|██████    | 15/25 [00:08<00:05,  1.73it/s]
Calculating loss...:  64%|██████▍   | 16/25 [00:09<00:05,  1.74it/s]
Calculating loss...:  68%|██████▊   | 17/25 [00:09<00:04,  1.74it/s]
Calculating loss...:  72%|███████▏  | 18/25 [00:10<00:04,  1.74it/s]
Calculating loss...:  76%|███████▌  | 19/25 [00:10<00:03,  1.74it/s]
Calculating loss...:  80%|████████  | 20/25 [00:11<00:02,  1.74it/s]
Calculating loss...:  84%|████████▍ | 21/25 [00:12<00:02,  1.75it/s]
Calculating loss...:  88%|████████▊ | 22/25 [00:12<00:01,  1.75it/s]
Calculating loss...:  92%|█████████▏| 23/25 [00:13<00:01,  1.74it/s]
Calculating loss...:  96%|█████████▌| 24/25 [00:13<00:00,  1.75it/s]
Calculating loss...: 100%|██████████| 25/25 [00:14<00:00,  1.74it/s]
Calculating loss...: 100%|██████████| 25/25 [00:14<00:00,  1.74it/s]

Calculating loss...:   0%|          | 0/25 [00:00<?, ?it/s]
Calculating loss...:   4%|▍         | 1/25 [00:00<00:15,  1.58it/s]
Calculating loss...:   8%|▊         | 2/25 [00:01<00:13,  1.70it/s]
Calculating loss...:  12%|█▏        | 3/25 [00:01<00:12,  1.73it/s]
Calculating loss...:  16%|█▌        | 4/25 [00:02<00:11,  1.76it/s]
Calculating loss...:  20%|██        | 5/25 [00:02<00:11,  1.78it/s]
Calculating loss...:  24%|██▍       | 6/25 [00:03<00:10,  1.78it/s]
Calculating loss...:  28%|██▊       | 7/25 [00:04<00:10,  1.72it/s]
Calculating loss...:  32%|███▏      | 8/25 [00:04<00:09,  1.74it/s]
Calculating loss...:  36%|███▌      | 9/25 [00:05<00:09,  1.75it/s]
Calculating loss...:  40%|████      | 10/25 [00:05<00:08,  1.77it/s]
Calculating loss...:  44%|████▍     | 11/25 [00:06<00:07,  1.78it/s]
Calculating loss...:  48%|████▊     | 12/25 [00:06<00:07,  1.78it/s]
Calculating loss...:  52%|█████▏    | 13/25 [00:07<00:06,  1.78it/s]
Calculating loss...:  56%|█████▌    | 14/25 [00:08<00:06,  1.72it/s]
Calculating loss...:  60%|██████    | 15/25 [00:08<00:05,  1.75it/s]
Calculating loss...:  64%|██████▍   | 16/25 [00:09<00:05,  1.76it/s]
Calculating loss...:  68%|██████▊   | 17/25 [00:09<00:04,  1.77it/s]
Calculating loss...:  72%|███████▏  | 18/25 [00:10<00:03,  1.77it/s]
Calculating loss...:  76%|███████▌  | 19/25 [00:10<00:03,  1.76it/s]
Calculating loss...:  80%|████████  | 20/25 [00:11<00:02,  1.76it/s]
Calculating loss...:  84%|████████▍ | 21/25 [00:11<00:02,  1.77it/s]
Calculating loss...:  88%|████████▊ | 22/25 [00:12<00:01,  1.77it/s]
Calculating loss...:  92%|█████████▏| 23/25 [00:13<00:01,  1.78it/s]
Calculating loss...:  96%|█████████▌| 24/25 [00:13<00:00,  1.78it/s]
Calculating loss...: 100%|██████████| 25/25 [00:14<00:00,  1.78it/s]
Calculating loss...: 100%|██████████| 25/25 [00:14<00:00,  1.76it/s]
