Loading configuration file /Users/jayeshsuryavanshi/github-updates/ftquant/runs/week3/mas06-lora-lowlr/train.yaml
Loading pretrained model
Loading datasets
Training
Trainable parameters: 0.847% (5.046M/596.050M)
Starting training..., iters: 500
Iter 1: Val loss 4.365, Val took 11.934s
Iter 50: Train loss 0.382, Learning Rate 1.000e-05, It/sec 0.948, Tokens/sec 69.244, Trained Tokens 3653, Peak mem 5.479 GB
Iter 100: Val loss 0.126, Val took 11.902s
Iter 100: Train loss 0.146, Learning Rate 1.000e-05, It/sec 0.940, Tokens/sec 72.334, Trained Tokens 7501, Peak mem 5.576 GB
Iter 100: Saved adapter weights to /Users/jayeshsuryavanshi/github-updates/ftquant/runs/week3/mas06-lora-lowlr/adapter/adapters.safetensors and /Users/jayeshsuryavanshi/github-updates/ftquant/runs/week3/mas06-lora-lowlr/adapter/0000100_adapters.safetensors.
Iter 150: Train loss 0.139, Learning Rate 1.000e-05, It/sec 0.944, Tokens/sec 70.392, Trained Tokens 11231, Peak mem 5.596 GB
Iter 200: Val loss 0.121, Val took 11.986s
Iter 200: Train loss 0.116, Learning Rate 1.000e-05, It/sec 0.943, Tokens/sec 71.863, Trained Tokens 15043, Peak mem 5.596 GB
Iter 200: Saved adapter weights to /Users/jayeshsuryavanshi/github-updates/ftquant/runs/week3/mas06-lora-lowlr/adapter/adapters.safetensors and /Users/jayeshsuryavanshi/github-updates/ftquant/runs/week3/mas06-lora-lowlr/adapter/0000200_adapters.safetensors.
Iter 250: Train loss 0.110, Learning Rate 1.000e-05, It/sec 0.940, Tokens/sec 70.699, Trained Tokens 18802, Peak mem 5.596 GB
Iter 300: Val loss 0.105, Val took 11.761s
Iter 300: Train loss 0.102, Learning Rate 1.000e-05, It/sec 0.935, Tokens/sec 71.197, Trained Tokens 22611, Peak mem 5.596 GB
Iter 300: Saved adapter weights to /Users/jayeshsuryavanshi/github-updates/ftquant/runs/week3/mas06-lora-lowlr/adapter/adapters.safetensors and /Users/jayeshsuryavanshi/github-updates/ftquant/runs/week3/mas06-lora-lowlr/adapter/0000300_adapters.safetensors.
Iter 350: Train loss 0.095, Learning Rate 1.000e-05, It/sec 0.932, Tokens/sec 70.631, Trained Tokens 26400, Peak mem 5.597 GB
Iter 400: Val loss 0.072, Val took 11.896s
Iter 400: Train loss 0.090, Learning Rate 1.000e-05, It/sec 0.938, Tokens/sec 72.228, Trained Tokens 30250, Peak mem 5.597 GB
Iter 400: Saved adapter weights to /Users/jayeshsuryavanshi/github-updates/ftquant/runs/week3/mas06-lora-lowlr/adapter/adapters.safetensors and /Users/jayeshsuryavanshi/github-updates/ftquant/runs/week3/mas06-lora-lowlr/adapter/0000400_adapters.safetensors.
Iter 450: Train loss 0.108, Learning Rate 1.000e-05, It/sec 0.943, Tokens/sec 73.922, Trained Tokens 34168, Peak mem 5.597 GB
Iter 500: Val loss 0.111, Val took 11.876s
Iter 500: Train loss 0.087, Learning Rate 1.000e-05, It/sec 0.933, Tokens/sec 73.819, Trained Tokens 38125, Peak mem 5.597 GB
Iter 500: Saved adapter weights to /Users/jayeshsuryavanshi/github-updates/ftquant/runs/week3/mas06-lora-lowlr/adapter/adapters.safetensors and /Users/jayeshsuryavanshi/github-updates/ftquant/runs/week3/mas06-lora-lowlr/adapter/0000500_adapters.safetensors.
Saved final weights to /Users/jayeshsuryavanshi/github-updates/ftquant/runs/week3/mas06-lora-lowlr/adapter/adapters.safetensors.

Fetching 7 files:   0%|          | 0/7 [00:00<?, ?it/s]
Fetching 7 files: 100%|██████████| 7/7 [00:00<00:00, 1648.24it/s]

Calculating loss...:   0%|          | 0/25 [00:00<?, ?it/s]
Calculating loss...:   4%|▍         | 1/25 [00:00<00:11,  2.04it/s]
Calculating loss...:   8%|▊         | 2/25 [00:00<00:11,  2.09it/s]
Calculating loss...:  12%|█▏        | 3/25 [00:01<00:10,  2.10it/s]
Calculating loss...:  16%|█▌        | 4/25 [00:01<00:09,  2.11it/s]
Calculating loss...:  20%|██        | 5/25 [00:02<00:09,  2.12it/s]
Calculating loss...:  24%|██▍       | 6/25 [00:02<00:08,  2.12it/s]
Calculating loss...:  28%|██▊       | 7/25 [00:03<00:08,  2.12it/s]
Calculating loss...:  32%|███▏      | 8/25 [00:03<00:08,  2.12it/s]
Calculating loss...:  36%|███▌      | 9/25 [00:04<00:07,  2.05it/s]
Calculating loss...:  40%|████      | 10/25 [00:04<00:07,  2.07it/s]
Calculating loss...:  44%|████▍     | 11/25 [00:05<00:06,  2.08it/s]
Calculating loss...:  48%|████▊     | 12/25 [00:05<00:06,  2.09it/s]
Calculating loss...:  52%|█████▏    | 13/25 [00:06<00:05,  2.10it/s]
Calculating loss...:  56%|█████▌    | 14/25 [00:06<00:05,  2.11it/s]
Calculating loss...:  60%|██████    | 15/25 [00:07<00:04,  2.11it/s]
Calculating loss...:  64%|██████▍   | 16/25 [00:07<00:04,  2.12it/s]
Calculating loss...:  68%|██████▊   | 17/25 [00:08<00:03,  2.12it/s]
Calculating loss...:  72%|███████▏  | 18/25 [00:08<00:03,  2.12it/s]
Calculating loss...:  76%|███████▌  | 19/25 [00:09<00:02,  2.12it/s]
Calculating loss...:  80%|████████  | 20/25 [00:09<00:02,  2.12it/s]
Calculating loss...:  84%|████████▍ | 21/25 [00:09<00:01,  2.11it/s]
Calculating loss...:  88%|████████▊ | 22/25 [00:10<00:01,  2.05it/s]
Calculating loss...:  92%|█████████▏| 23/25 [00:10<00:00,  2.07it/s]
Calculating loss...:  96%|█████████▌| 24/25 [00:11<00:00,  2.08it/s]
Calculating loss...: 100%|██████████| 25/25 [00:11<00:00,  2.09it/s]
Calculating loss...: 100%|██████████| 25/25 [00:11<00:00,  2.10it/s]

Calculating loss...:   0%|          | 0/25 [00:00<?, ?it/s]
Calculating loss...:   4%|▍         | 1/25 [00:00<00:11,  2.06it/s]
Calculating loss...:   8%|▊         | 2/25 [00:00<00:11,  2.09it/s]
Calculating loss...:  12%|█▏        | 3/25 [00:01<00:10,  2.09it/s]
Calculating loss...:  16%|█▌        | 4/25 [00:01<00:09,  2.10it/s]
Calculating loss...:  20%|██        | 5/25 [00:02<00:09,  2.11it/s]
Calculating loss...:  24%|██▍       | 6/25 [00:02<00:09,  2.10it/s]
Calculating loss...:  28%|██▊       | 7/25 [00:03<00:08,  2.10it/s]
Calculating loss...:  32%|███▏      | 8/25 [00:03<00:08,  2.11it/s]
Calculating loss...:  36%|███▌      | 9/25 [00:04<00:07,  2.11it/s]
Calculating loss...:  40%|████      | 10/25 [00:04<00:07,  2.12it/s]
Calculating loss...:  44%|████▍     | 11/25 [00:05<00:06,  2.12it/s]
Calculating loss...:  48%|████▊     | 12/25 [00:05<00:06,  2.12it/s]
Calculating loss...:  52%|█████▏    | 13/25 [00:06<00:05,  2.05it/s]
Calculating loss...:  56%|█████▌    | 14/25 [00:06<00:05,  2.07it/s]
Calculating loss...:  60%|██████    | 15/25 [00:07<00:04,  2.08it/s]
Calculating loss...:  64%|██████▍   | 16/25 [00:07<00:04,  2.09it/s]
Calculating loss...:  68%|██████▊   | 17/25 [00:08<00:03,  2.10it/s]
Calculating loss...:  72%|███████▏  | 18/25 [00:08<00:03,  2.10it/s]
Calculating loss...:  76%|███████▌  | 19/25 [00:09<00:02,  2.11it/s]
Calculating loss...:  80%|████████  | 20/25 [00:09<00:02,  2.11it/s]
Calculating loss...:  84%|████████▍ | 21/25 [00:10<00:01,  2.11it/s]
Calculating loss...:  88%|████████▊ | 22/25 [00:10<00:01,  2.11it/s]
Calculating loss...:  92%|█████████▏| 23/25 [00:10<00:00,  2.11it/s]
Calculating loss...:  96%|█████████▌| 24/25 [00:11<00:00,  2.11it/s]
Calculating loss...: 100%|██████████| 25/25 [00:11<00:00,  2.11it/s]
Calculating loss...: 100%|██████████| 25/25 [00:11<00:00,  2.10it/s]

Calculating loss...:   0%|          | 0/25 [00:00<?, ?it/s]
Calculating loss...:   4%|▍         | 1/25 [00:00<00:11,  2.10it/s]
Calculating loss...:   8%|▊         | 2/25 [00:00<00:10,  2.11it/s]
Calculating loss...:  12%|█▏        | 3/25 [00:01<00:10,  2.11it/s]
Calculating loss...:  16%|█▌        | 4/25 [00:01<00:09,  2.12it/s]
Calculating loss...:  20%|██        | 5/25 [00:02<00:09,  2.11it/s]
Calculating loss...:  24%|██▍       | 6/25 [00:02<00:09,  2.04it/s]
Calculating loss...:  28%|██▊       | 7/25 [00:03<00:08,  2.06it/s]
Calculating loss...:  32%|███▏      | 8/25 [00:03<00:08,  2.07it/s]
Calculating loss...:  36%|███▌      | 9/25 [00:04<00:07,  2.02it/s]
Calculating loss...:  40%|████      | 10/25 [00:04<00:07,  2.04it/s]
Calculating loss...:  44%|████▍     | 11/25 [00:05<00:06,  2.07it/s]
Calculating loss...:  48%|████▊     | 12/25 [00:05<00:06,  2.08it/s]
Calculating loss...:  52%|█████▏    | 13/25 [00:06<00:05,  2.09it/s]
Calculating loss...:  56%|█████▌    | 14/25 [00:06<00:05,  2.10it/s]
Calculating loss...:  60%|██████    | 15/25 [00:07<00:04,  2.10it/s]
Calculating loss...:  64%|██████▍   | 16/25 [00:07<00:04,  2.11it/s]
Calculating loss...:  68%|██████▊   | 17/25 [00:08<00:03,  2.11it/s]
Calculating loss...:  72%|███████▏  | 18/25 [00:08<00:03,  2.11it/s]
Calculating loss...:  76%|███████▌  | 19/25 [00:09<00:02,  2.11it/s]
Calculating loss...:  80%|████████  | 20/25 [00:09<00:02,  2.12it/s]
Calculating loss...:  84%|████████▍ | 21/25 [00:10<00:01,  2.12it/s]
Calculating loss...:  88%|████████▊ | 22/25 [00:10<00:01,  2.12it/s]
Calculating loss...:  92%|█████████▏| 23/25 [00:11<00:00,  2.05it/s]
Calculating loss...:  96%|█████████▌| 24/25 [00:11<00:00,  2.06it/s]
Calculating loss...: 100%|██████████| 25/25 [00:11<00:00,  2.08it/s]
Calculating loss...: 100%|██████████| 25/25 [00:11<00:00,  2.09it/s]

Calculating loss...:   0%|          | 0/25 [00:00<?, ?it/s]
Calculating loss...:   4%|▍         | 1/25 [00:00<00:11,  2.11it/s]
Calculating loss...:   8%|▊         | 2/25 [00:00<00:10,  2.11it/s]
Calculating loss...:  12%|█▏        | 3/25 [00:01<00:10,  2.11it/s]
Calculating loss...:  16%|█▌        | 4/25 [00:01<00:09,  2.11it/s]
Calculating loss...:  20%|██        | 5/25 [00:02<00:09,  2.12it/s]
Calculating loss...:  24%|██▍       | 6/25 [00:02<00:08,  2.12it/s]
Calculating loss...:  28%|██▊       | 7/25 [00:03<00:08,  2.12it/s]
Calculating loss...:  32%|███▏      | 8/25 [00:03<00:08,  2.12it/s]
Calculating loss...:  36%|███▌      | 9/25 [00:04<00:07,  2.12it/s]
Calculating loss...:  40%|████      | 10/25 [00:04<00:07,  2.11it/s]
Calculating loss...:  44%|████▍     | 11/25 [00:05<00:06,  2.11it/s]
Calculating loss...:  48%|████▊     | 12/25 [00:05<00:06,  2.11it/s]
Calculating loss...:  52%|█████▏    | 13/25 [00:06<00:05,  2.11it/s]
Calculating loss...:  56%|█████▌    | 14/25 [00:06<00:05,  2.11it/s]
Calculating loss...:  60%|██████    | 15/25 [00:07<00:04,  2.11it/s]
Calculating loss...:  64%|██████▍   | 16/25 [00:07<00:04,  2.11it/s]
Calculating loss...:  68%|██████▊   | 17/25 [00:08<00:03,  2.11it/s]
Calculating loss...:  72%|███████▏  | 18/25 [00:08<00:03,  2.11it/s]
Calculating loss...:  76%|███████▌  | 19/25 [00:08<00:02,  2.11it/s]
Calculating loss...:  80%|████████  | 20/25 [00:09<00:02,  2.05it/s]
Calculating loss...:  84%|████████▍ | 21/25 [00:09<00:01,  2.15it/s]
Calculating loss...:  88%|████████▊ | 22/25 [00:10<00:01,  2.14it/s]
Calculating loss...:  92%|█████████▏| 23/25 [00:10<00:00,  2.13it/s]
Calculating loss...:  96%|█████████▌| 24/25 [00:11<00:00,  2.22it/s]
Calculating loss...: 100%|██████████| 25/25 [00:11<00:00,  2.18it/s]
Calculating loss...: 100%|██████████| 25/25 [00:11<00:00,  2.13it/s]

Calculating loss...:   0%|          | 0/25 [00:00<?, ?it/s]
Calculating loss...:   4%|▍         | 1/25 [00:00<00:11,  2.11it/s]
Calculating loss...:   8%|▊         | 2/25 [00:00<00:10,  2.11it/s]
Calculating loss...:  12%|█▏        | 3/25 [00:01<00:10,  2.12it/s]
Calculating loss...:  16%|█▌        | 4/25 [00:01<00:09,  2.12it/s]
Calculating loss...:  20%|██        | 5/25 [00:02<00:09,  2.12it/s]
Calculating loss...:  24%|██▍       | 6/25 [00:02<00:08,  2.12it/s]
Calculating loss...:  28%|██▊       | 7/25 [00:03<00:08,  2.12it/s]
Calculating loss...:  32%|███▏      | 8/25 [00:03<00:08,  2.12it/s]
Calculating loss...:  36%|███▌      | 9/25 [00:04<00:07,  2.12it/s]
Calculating loss...:  40%|████      | 10/25 [00:04<00:07,  2.12it/s]
Calculating loss...:  44%|████▍     | 11/25 [00:05<00:06,  2.12it/s]
Calculating loss...:  48%|████▊     | 12/25 [00:05<00:06,  2.11it/s]
Calculating loss...:  52%|█████▏    | 13/25 [00:06<00:05,  2.11it/s]
Calculating loss...:  56%|█████▌    | 14/25 [00:06<00:05,  2.11it/s]
Calculating loss...:  60%|██████    | 15/25 [00:07<00:04,  2.11it/s]
Calculating loss...:  64%|██████▍   | 16/25 [00:07<00:04,  2.05it/s]
Calculating loss...:  68%|██████▊   | 17/25 [00:08<00:03,  2.06it/s]
Calculating loss...:  72%|███████▏  | 18/25 [00:08<00:03,  2.08it/s]
Calculating loss...:  76%|███████▌  | 19/25 [00:09<00:02,  2.09it/s]
Calculating loss...:  80%|████████  | 20/25 [00:09<00:02,  2.10it/s]
Calculating loss...:  84%|████████▍ | 21/25 [00:09<00:01,  2.10it/s]
Calculating loss...:  88%|████████▊ | 22/25 [00:10<00:01,  2.11it/s]
Calculating loss...:  92%|█████████▏| 23/25 [00:10<00:00,  2.11it/s]
Calculating loss...:  96%|█████████▌| 24/25 [00:11<00:00,  2.11it/s]
Calculating loss...: 100%|██████████| 25/25 [00:11<00:00,  2.09it/s]
Calculating loss...: 100%|██████████| 25/25 [00:11<00:00,  2.10it/s]

Calculating loss...:   0%|          | 0/25 [00:00<?, ?it/s]
Calculating loss...:   4%|▍         | 1/25 [00:00<00:12,  1.88it/s]
Calculating loss...:   8%|▊         | 2/25 [00:01<00:11,  2.01it/s]
Calculating loss...:  12%|█▏        | 3/25 [00:01<00:10,  2.05it/s]
Calculating loss...:  16%|█▌        | 4/25 [00:01<00:10,  2.08it/s]
Calculating loss...:  20%|██        | 5/25 [00:02<00:09,  2.09it/s]
Calculating loss...:  24%|██▍       | 6/25 [00:02<00:09,  2.10it/s]
Calculating loss...:  28%|██▊       | 7/25 [00:03<00:08,  2.11it/s]
Calculating loss...:  32%|███▏      | 8/25 [00:03<00:08,  2.11it/s]
Calculating loss...:  36%|███▌      | 9/25 [00:04<00:07,  2.11it/s]
Calculating loss...:  40%|████      | 10/25 [00:04<00:07,  2.11it/s]
Calculating loss...:  44%|████▍     | 11/25 [00:05<00:06,  2.12it/s]
Calculating loss...:  48%|████▊     | 12/25 [00:05<00:06,  2.11it/s]
Calculating loss...:  52%|█████▏    | 13/25 [00:06<00:05,  2.11it/s]
Calculating loss...:  56%|█████▌    | 14/25 [00:06<00:05,  2.11it/s]
Calculating loss...:  60%|██████    | 15/25 [00:07<00:04,  2.11it/s]
Calculating loss...:  64%|██████▍   | 16/25 [00:07<00:04,  2.11it/s]
Calculating loss...:  68%|██████▊   | 17/25 [00:08<00:03,  2.11it/s]
Calculating loss...:  72%|███████▏  | 18/25 [00:08<00:03,  2.11it/s]
Calculating loss...:  76%|███████▌  | 19/25 [00:09<00:02,  2.11it/s]
Calculating loss...:  80%|████████  | 20/25 [00:09<00:02,  2.12it/s]
Calculating loss...:  84%|████████▍ | 21/25 [00:09<00:01,  2.12it/s]
Calculating loss...:  88%|████████▊ | 22/25 [00:10<00:01,  2.12it/s]
Calculating loss...:  92%|█████████▏| 23/25 [00:10<00:00,  2.12it/s]
Calculating loss...:  96%|█████████▌| 24/25 [00:11<00:00,  2.12it/s]
Calculating loss...: 100%|██████████| 25/25 [00:11<00:00,  2.12it/s]
Calculating loss...: 100%|██████████| 25/25 [00:11<00:00,  2.11it/s]
