Loading configuration file /Users/jayeshsuryavanshi/github-updates/ftquant/runs/week1/q06-full/train.yaml
Loading pretrained model
Loading datasets
Training
Trainable parameters: 73.898% (440.466M/596.050M)
Starting training..., iters: 500
Iter 1: Val loss 5.454, Val took 17.964s
Iter 50: Train loss 0.645, Learning Rate 1.000e-05, It/sec 0.379, Tokens/sec 17.216, Trained Tokens 2270, Peak mem 5.931 GB
Iter 100: Val loss 0.191, Val took 17.844s
Iter 100: Train loss 0.227, Learning Rate 1.000e-05, It/sec 0.375, Tokens/sec 16.802, Trained Tokens 4512, Peak mem 5.931 GB
Iter 100: Saved adapter weights to /Users/jayeshsuryavanshi/github-updates/ftquant/runs/week1/q06-full/adapter/adapters.safetensors and /Users/jayeshsuryavanshi/github-updates/ftquant/runs/week1/q06-full/adapter/0000100_adapters.safetensors.
Iter 150: Train loss 0.172, Learning Rate 1.000e-05, It/sec 0.380, Tokens/sec 16.918, Trained Tokens 6737, Peak mem 6.812 GB
Iter 200: Val loss 0.115, Val took 17.865s
Iter 200: Train loss 0.146, Learning Rate 1.000e-05, It/sec 0.381, Tokens/sec 16.539, Trained Tokens 8907, Peak mem 6.812 GB
Iter 200: Saved adapter weights to /Users/jayeshsuryavanshi/github-updates/ftquant/runs/week1/q06-full/adapter/adapters.safetensors and /Users/jayeshsuryavanshi/github-updates/ftquant/runs/week1/q06-full/adapter/0000200_adapters.safetensors.
Iter 250: Train loss 0.107, Learning Rate 1.000e-05, It/sec 0.380, Tokens/sec 17.159, Trained Tokens 11167, Peak mem 6.812 GB
Iter 300: Val loss 0.113, Val took 17.790s
Iter 300: Train loss 0.103, Learning Rate 1.000e-05, It/sec 0.382, Tokens/sec 16.954, Trained Tokens 13386, Peak mem 6.812 GB
Iter 300: Saved adapter weights to /Users/jayeshsuryavanshi/github-updates/ftquant/runs/week1/q06-full/adapter/adapters.safetensors and /Users/jayeshsuryavanshi/github-updates/ftquant/runs/week1/q06-full/adapter/0000300_adapters.safetensors.
Iter 350: Train loss 0.101, Learning Rate 1.000e-05, It/sec 0.381, Tokens/sec 17.057, Trained Tokens 15623, Peak mem 6.812 GB
Iter 400: Val loss 0.114, Val took 17.670s
Iter 400: Train loss 0.099, Learning Rate 1.000e-05, It/sec 0.384, Tokens/sec 17.139, Trained Tokens 17854, Peak mem 6.812 GB
Iter 400: Saved adapter weights to /Users/jayeshsuryavanshi/github-updates/ftquant/runs/week1/q06-full/adapter/adapters.safetensors and /Users/jayeshsuryavanshi/github-updates/ftquant/runs/week1/q06-full/adapter/0000400_adapters.safetensors.
Iter 450: Train loss 0.090, Learning Rate 1.000e-05, It/sec 0.376, Tokens/sec 16.844, Trained Tokens 20093, Peak mem 6.812 GB
Iter 500: Val loss 0.076, Val took 17.884s
Iter 500: Train loss 0.080, Learning Rate 1.000e-05, It/sec 0.378, Tokens/sec 16.698, Trained Tokens 22303, Peak mem 6.812 GB
Iter 500: Saved adapter weights to /Users/jayeshsuryavanshi/github-updates/ftquant/runs/week1/q06-full/adapter/adapters.safetensors and /Users/jayeshsuryavanshi/github-updates/ftquant/runs/week1/q06-full/adapter/0000500_adapters.safetensors.
Saved final weights to /Users/jayeshsuryavanshi/github-updates/ftquant/runs/week1/q06-full/adapter/adapters.safetensors.

Fetching 7 files:   0%|          | 0/7 [00:00<?, ?it/s]
Fetching 7 files: 100%|██████████| 7/7 [00:00<00:00, 1546.98it/s]

Calculating loss...:   0%|          | 0/25 [00:00<?, ?it/s]
Calculating loss...:   4%|▍         | 1/25 [00:00<00:19,  1.26it/s]
Calculating loss...:   8%|▊         | 2/25 [00:01<00:17,  1.30it/s]
Calculating loss...:  12%|█▏        | 3/25 [00:02<00:16,  1.31it/s]
Calculating loss...:  16%|█▌        | 4/25 [00:03<00:15,  1.34it/s]
Calculating loss...:  20%|██        | 5/25 [00:03<00:14,  1.37it/s]
Calculating loss...:  24%|██▍       | 6/25 [00:04<00:13,  1.39it/s]
Calculating loss...:  28%|██▊       | 7/25 [00:05<00:12,  1.41it/s]
Calculating loss...:  32%|███▏      | 8/25 [00:05<00:12,  1.42it/s]
Calculating loss...:  36%|███▌      | 9/25 [00:06<00:11,  1.42it/s]
Calculating loss...:  40%|████      | 10/25 [00:07<00:10,  1.43it/s]
Calculating loss...:  44%|████▍     | 11/25 [00:07<00:09,  1.43it/s]
Calculating loss...:  48%|████▊     | 12/25 [00:08<00:09,  1.43it/s]
Calculating loss...:  52%|█████▏    | 13/25 [00:09<00:08,  1.40it/s]
Calculating loss...:  56%|█████▌    | 14/25 [00:10<00:07,  1.41it/s]
Calculating loss...:  60%|██████    | 15/25 [00:10<00:07,  1.41it/s]
Calculating loss...:  64%|██████▍   | 16/25 [00:11<00:06,  1.42it/s]
Calculating loss...:  68%|██████▊   | 17/25 [00:12<00:05,  1.42it/s]
Calculating loss...:  72%|███████▏  | 18/25 [00:12<00:05,  1.39it/s]
Calculating loss...:  76%|███████▌  | 19/25 [00:13<00:04,  1.40it/s]
Calculating loss...:  80%|████████  | 20/25 [00:14<00:03,  1.41it/s]
Calculating loss...:  84%|████████▍ | 21/25 [00:15<00:02,  1.35it/s]
Calculating loss...:  88%|████████▊ | 22/25 [00:15<00:02,  1.37it/s]
Calculating loss...:  92%|█████████▏| 23/25 [00:16<00:01,  1.37it/s]
Calculating loss...:  96%|█████████▌| 24/25 [00:17<00:00,  1.39it/s]
Calculating loss...: 100%|██████████| 25/25 [00:17<00:00,  1.40it/s]
Calculating loss...: 100%|██████████| 25/25 [00:17<00:00,  1.39it/s]

Calculating loss...:   0%|          | 0/25 [00:00<?, ?it/s]
Calculating loss...:   4%|▍         | 1/25 [00:00<00:16,  1.42it/s]
Calculating loss...:   8%|▊         | 2/25 [00:01<00:16,  1.43it/s]
Calculating loss...:  12%|█▏        | 3/25 [00:02<00:15,  1.43it/s]
Calculating loss...:  16%|█▌        | 4/25 [00:02<00:15,  1.39it/s]
Calculating loss...:  20%|██        | 5/25 [00:03<00:14,  1.40it/s]
Calculating loss...:  24%|██▍       | 6/25 [00:04<00:13,  1.41it/s]
Calculating loss...:  28%|██▊       | 7/25 [00:05<00:13,  1.38it/s]
Calculating loss...:  32%|███▏      | 8/25 [00:05<00:12,  1.40it/s]
Calculating loss...:  36%|███▌      | 9/25 [00:06<00:11,  1.41it/s]
Calculating loss...:  40%|████      | 10/25 [00:07<00:10,  1.42it/s]
Calculating loss...:  44%|████▍     | 11/25 [00:07<00:09,  1.42it/s]
Calculating loss...:  48%|████▊     | 12/25 [00:08<00:09,  1.42it/s]
Calculating loss...:  52%|█████▏    | 13/25 [00:09<00:08,  1.43it/s]
Calculating loss...:  56%|█████▌    | 14/25 [00:09<00:07,  1.39it/s]
Calculating loss...:  60%|██████    | 15/25 [00:10<00:07,  1.40it/s]
Calculating loss...:  64%|██████▍   | 16/25 [00:11<00:06,  1.41it/s]
Calculating loss...:  68%|██████▊   | 17/25 [00:12<00:05,  1.42it/s]
Calculating loss...:  72%|███████▏  | 18/25 [00:12<00:04,  1.42it/s]
Calculating loss...:  76%|███████▌  | 19/25 [00:13<00:04,  1.42it/s]
Calculating loss...:  80%|████████  | 20/25 [00:14<00:03,  1.39it/s]
Calculating loss...:  84%|████████▍ | 21/25 [00:14<00:02,  1.37it/s]
Calculating loss...:  88%|████████▊ | 22/25 [00:15<00:02,  1.36it/s]
Calculating loss...:  92%|█████████▏| 23/25 [00:16<00:01,  1.38it/s]
Calculating loss...:  96%|█████████▌| 24/25 [00:17<00:00,  1.38it/s]
Calculating loss...: 100%|██████████| 25/25 [00:17<00:00,  1.39it/s]
Calculating loss...: 100%|██████████| 25/25 [00:17<00:00,  1.40it/s]

Calculating loss...:   0%|          | 0/25 [00:00<?, ?it/s]
Calculating loss...:   4%|▍         | 1/25 [00:00<00:17,  1.41it/s]
Calculating loss...:   8%|▊         | 2/25 [00:01<00:16,  1.36it/s]
Calculating loss...:  12%|█▏        | 3/25 [00:02<00:15,  1.39it/s]
Calculating loss...:  16%|█▌        | 4/25 [00:02<00:14,  1.41it/s]
Calculating loss...:  20%|██        | 5/25 [00:03<00:14,  1.42it/s]
Calculating loss...:  24%|██▍       | 6/25 [00:04<00:13,  1.43it/s]
Calculating loss...:  28%|██▊       | 7/25 [00:04<00:12,  1.43it/s]
Calculating loss...:  32%|███▏      | 8/25 [00:05<00:11,  1.43it/s]
Calculating loss...:  36%|███▌      | 9/25 [00:06<00:11,  1.43it/s]
Calculating loss...:  40%|████      | 10/25 [00:07<00:10,  1.43it/s]
Calculating loss...:  44%|████▍     | 11/25 [00:07<00:09,  1.43it/s]
Calculating loss...:  48%|████▊     | 12/25 [00:08<00:09,  1.43it/s]
Calculating loss...:  52%|█████▏    | 13/25 [00:09<00:08,  1.43it/s]
Calculating loss...:  56%|█████▌    | 14/25 [00:09<00:07,  1.40it/s]
Calculating loss...:  60%|██████    | 15/25 [00:10<00:07,  1.41it/s]
Calculating loss...:  64%|██████▍   | 16/25 [00:11<00:06,  1.38it/s]
Calculating loss...:  68%|██████▊   | 17/25 [00:12<00:05,  1.36it/s]
Calculating loss...:  72%|███████▏  | 18/25 [00:12<00:05,  1.38it/s]
Calculating loss...:  76%|███████▌  | 19/25 [00:13<00:04,  1.40it/s]
Calculating loss...:  80%|████████  | 20/25 [00:14<00:03,  1.37it/s]
Calculating loss...:  84%|████████▍ | 21/25 [00:15<00:02,  1.35it/s]
Calculating loss...:  88%|████████▊ | 22/25 [00:15<00:02,  1.37it/s]
Calculating loss...:  92%|█████████▏| 23/25 [00:16<00:01,  1.36it/s]
Calculating loss...:  96%|█████████▌| 24/25 [00:17<00:00,  1.38it/s]
Calculating loss...: 100%|██████████| 25/25 [00:17<00:00,  1.39it/s]
Calculating loss...: 100%|██████████| 25/25 [00:17<00:00,  1.40it/s]

Calculating loss...:   0%|          | 0/25 [00:00<?, ?it/s]
Calculating loss...:   4%|▍         | 1/25 [00:00<00:16,  1.42it/s]
Calculating loss...:   8%|▊         | 2/25 [00:01<00:16,  1.43it/s]
Calculating loss...:  12%|█▏        | 3/25 [00:02<00:15,  1.43it/s]
Calculating loss...:  16%|█▌        | 4/25 [00:02<00:15,  1.38it/s]
Calculating loss...:  20%|██        | 5/25 [00:03<00:14,  1.36it/s]
Calculating loss...:  24%|██▍       | 6/25 [00:04<00:13,  1.38it/s]
Calculating loss...:  28%|██▊       | 7/25 [00:05<00:12,  1.40it/s]
Calculating loss...:  32%|███▏      | 8/25 [00:05<00:12,  1.41it/s]
Calculating loss...:  36%|███▌      | 9/25 [00:06<00:11,  1.42it/s]
Calculating loss...:  40%|████      | 10/25 [00:07<00:10,  1.42it/s]
Calculating loss...:  44%|████▍     | 11/25 [00:07<00:09,  1.42it/s]
Calculating loss...:  48%|████▊     | 12/25 [00:08<00:09,  1.41it/s]
Calculating loss...:  52%|█████▏    | 13/25 [00:09<00:08,  1.42it/s]
Calculating loss...:  56%|█████▌    | 14/25 [00:09<00:07,  1.42it/s]
Calculating loss...:  60%|██████    | 15/25 [00:10<00:07,  1.41it/s]
Calculating loss...:  64%|██████▍   | 16/25 [00:11<00:06,  1.38it/s]
Calculating loss...:  68%|██████▊   | 17/25 [00:12<00:05,  1.37it/s]
Calculating loss...:  72%|███████▏  | 18/25 [00:12<00:05,  1.39it/s]
Calculating loss...:  76%|███████▌  | 19/25 [00:13<00:04,  1.40it/s]
Calculating loss...:  80%|████████  | 20/25 [00:14<00:03,  1.41it/s]
Calculating loss...:  84%|████████▍ | 21/25 [00:14<00:02,  1.42it/s]
Calculating loss...:  88%|████████▊ | 22/25 [00:15<00:02,  1.39it/s]
Calculating loss...:  92%|█████████▏| 23/25 [00:16<00:01,  1.40it/s]
Calculating loss...:  96%|█████████▌| 24/25 [00:17<00:00,  1.41it/s]
Calculating loss...: 100%|██████████| 25/25 [00:17<00:00,  1.42it/s]
Calculating loss...: 100%|██████████| 25/25 [00:17<00:00,  1.41it/s]

Calculating loss...:   0%|          | 0/25 [00:00<?, ?it/s]
Calculating loss...:   4%|▍         | 1/25 [00:00<00:17,  1.39it/s]
Calculating loss...:   8%|▊         | 2/25 [00:01<00:16,  1.40it/s]
Calculating loss...:  12%|█▏        | 3/25 [00:02<00:15,  1.42it/s]
Calculating loss...:  16%|█▌        | 4/25 [00:02<00:14,  1.43it/s]
Calculating loss...:  20%|██        | 5/25 [00:03<00:13,  1.43it/s]
Calculating loss...:  24%|██▍       | 6/25 [00:04<00:13,  1.43it/s]
Calculating loss...:  28%|██▊       | 7/25 [00:04<00:12,  1.43it/s]
Calculating loss...:  32%|███▏      | 8/25 [00:05<00:11,  1.43it/s]
Calculating loss...:  36%|███▌      | 9/25 [00:06<00:11,  1.44it/s]
Calculating loss...:  40%|████      | 10/25 [00:06<00:10,  1.44it/s]
Calculating loss...:  44%|████▍     | 11/25 [00:07<00:09,  1.44it/s]
Calculating loss...:  48%|████▊     | 12/25 [00:08<00:09,  1.41it/s]
Calculating loss...:  52%|█████▏    | 13/25 [00:09<00:08,  1.41it/s]
Calculating loss...:  56%|█████▌    | 14/25 [00:09<00:07,  1.39it/s]
Calculating loss...:  60%|██████    | 15/25 [00:10<00:07,  1.40it/s]
Calculating loss...:  64%|██████▍   | 16/25 [00:11<00:06,  1.41it/s]
Calculating loss...:  68%|██████▊   | 17/25 [00:11<00:05,  1.42it/s]
Calculating loss...:  72%|███████▏  | 18/25 [00:12<00:05,  1.39it/s]
Calculating loss...:  76%|███████▌  | 19/25 [00:13<00:04,  1.41it/s]
Calculating loss...:  80%|████████  | 20/25 [00:14<00:03,  1.38it/s]
Calculating loss...:  84%|████████▍ | 21/25 [00:14<00:02,  1.40it/s]
Calculating loss...:  88%|████████▊ | 22/25 [00:15<00:02,  1.41it/s]
Calculating loss...:  92%|█████████▏| 23/25 [00:16<00:01,  1.41it/s]
Calculating loss...:  96%|█████████▌| 24/25 [00:16<00:00,  1.42it/s]
Calculating loss...: 100%|██████████| 25/25 [00:17<00:00,  1.42it/s]
Calculating loss...: 100%|██████████| 25/25 [00:17<00:00,  1.42it/s]

Calculating loss...:   0%|          | 0/25 [00:00<?, ?it/s]
Calculating loss...:   4%|▍         | 1/25 [00:00<00:17,  1.39it/s]
Calculating loss...:   8%|▊         | 2/25 [00:01<00:16,  1.40it/s]
Calculating loss...:  12%|█▏        | 3/25 [00:02<00:15,  1.41it/s]
Calculating loss...:  16%|█▌        | 4/25 [00:02<00:14,  1.42it/s]
Calculating loss...:  20%|██        | 5/25 [00:03<00:14,  1.42it/s]
Calculating loss...:  24%|██▍       | 6/25 [00:04<00:13,  1.39it/s]
Calculating loss...:  28%|██▊       | 7/25 [00:05<00:13,  1.37it/s]
Calculating loss...:  32%|███▏      | 8/25 [00:05<00:12,  1.39it/s]
Calculating loss...:  36%|███▌      | 9/25 [00:06<00:11,  1.37it/s]
Calculating loss...:  40%|████      | 10/25 [00:07<00:11,  1.36it/s]
Calculating loss...:  44%|████▍     | 11/25 [00:07<00:10,  1.38it/s]
Calculating loss...:  48%|████▊     | 12/25 [00:08<00:09,  1.40it/s]
Calculating loss...:  52%|█████▏    | 13/25 [00:09<00:08,  1.41it/s]
Calculating loss...:  56%|█████▌    | 14/25 [00:10<00:07,  1.42it/s]
Calculating loss...:  60%|██████    | 15/25 [00:10<00:07,  1.39it/s]
Calculating loss...:  64%|██████▍   | 16/25 [00:11<00:06,  1.41it/s]
Calculating loss...:  68%|██████▊   | 17/25 [00:12<00:05,  1.41it/s]
Calculating loss...:  72%|███████▏  | 18/25 [00:12<00:04,  1.42it/s]
Calculating loss...:  76%|███████▌  | 19/25 [00:13<00:04,  1.42it/s]
Calculating loss...:  80%|████████  | 20/25 [00:14<00:03,  1.35it/s]
Calculating loss...:  84%|████████▍ | 21/25 [00:15<00:02,  1.37it/s]
Calculating loss...:  88%|████████▊ | 22/25 [00:15<00:02,  1.38it/s]
Calculating loss...:  92%|█████████▏| 23/25 [00:16<00:01,  1.39it/s]
Calculating loss...:  96%|█████████▌| 24/25 [00:17<00:00,  1.41it/s]
Calculating loss...: 100%|██████████| 25/25 [00:17<00:00,  1.42it/s]
Calculating loss...: 100%|██████████| 25/25 [00:17<00:00,  1.40it/s]
