Loading configuration file /Users/jayeshsuryavanshi/github-updates/ftquant/runs/week4/q4b-lora-lowlr/train.yaml
Loading pretrained model
Loading datasets
Training
Trainable parameters: 0.411% (16.515M/4022.468M)
Starting training..., iters: 500
Iter 1: Val loss 5.011, Val took 119.910s
Iter 50: Train loss 0.431, Learning Rate 1.000e-05, It/sec 0.075, Tokens/sec 3.410, Trained Tokens 2270, Peak mem 11.585 GB
Iter 100: Val loss 0.121, Val took 138.528s
Iter 100: Train loss 0.111, Learning Rate 1.000e-05, It/sec 0.067, Tokens/sec 3.019, Trained Tokens 4512, Peak mem 11.805 GB
Iter 100: Saved adapter weights to /Users/jayeshsuryavanshi/github-updates/ftquant/runs/week4/q4b-lora-lowlr/adapter/adapters.safetensors and /Users/jayeshsuryavanshi/github-updates/ftquant/runs/week4/q4b-lora-lowlr/adapter/0000100_adapters.safetensors.
Iter 150: Train loss 0.084, Learning Rate 1.000e-05, It/sec 0.062, Tokens/sec 2.756, Trained Tokens 6737, Peak mem 11.805 GB
Iter 200: Val loss 0.066, Val took 138.850s
Iter 200: Train loss 0.092, Learning Rate 1.000e-05, It/sec 0.063, Tokens/sec 2.745, Trained Tokens 8907, Peak mem 11.872 GB
Iter 200: Saved adapter weights to /Users/jayeshsuryavanshi/github-updates/ftquant/runs/week4/q4b-lora-lowlr/adapter/adapters.safetensors and /Users/jayeshsuryavanshi/github-updates/ftquant/runs/week4/q4b-lora-lowlr/adapter/0000200_adapters.safetensors.
Iter 250: Train loss 0.062, Learning Rate 1.000e-05, It/sec 0.062, Tokens/sec 2.810, Trained Tokens 11167, Peak mem 11.872 GB
Iter 300: Val loss 0.077, Val took 136.846s
Iter 300: Train loss 0.073, Learning Rate 1.000e-05, It/sec 0.064, Tokens/sec 2.820, Trained Tokens 13386, Peak mem 11.872 GB
Iter 300: Saved adapter weights to /Users/jayeshsuryavanshi/github-updates/ftquant/runs/week4/q4b-lora-lowlr/adapter/adapters.safetensors and /Users/jayeshsuryavanshi/github-updates/ftquant/runs/week4/q4b-lora-lowlr/adapter/0000300_adapters.safetensors.
Iter 350: Train loss 0.059, Learning Rate 1.000e-05, It/sec 0.062, Tokens/sec 2.782, Trained Tokens 15623, Peak mem 11.872 GB

Fetching 10 files:   0%|          | 0/10 [00:00<?, ?it/s]
Fetching 10 files: 100%|██████████| 10/10 [00:00<00:00, 3669.88it/s]

Calculating loss...:   0%|          | 0/25 [00:00<?, ?it/s]
Calculating loss...:   4%|▍         | 1/25 [00:05<02:01,  5.07s/it]
Calculating loss...:   8%|▊         | 2/25 [00:10<01:56,  5.06s/it]
Calculating loss...:  12%|█▏        | 3/25 [00:15<01:51,  5.05s/it]
Calculating loss...:  16%|█▌        | 4/25 [00:19<01:43,  4.91s/it]
Calculating loss...:  20%|██        | 5/25 [00:24<01:36,  4.84s/it]
Calculating loss...:  24%|██▍       | 6/25 [00:29<01:30,  4.79s/it]
Calculating loss...:  28%|██▊       | 7/25 [00:33<01:25,  4.76s/it]
Calculating loss...:  32%|███▏      | 8/25 [00:38<01:20,  4.74s/it]
Calculating loss...:  36%|███▌      | 9/25 [00:43<01:15,  4.73s/it]
Calculating loss...:  40%|████      | 10/25 [00:48<01:10,  4.72s/it]
Calculating loss...:  44%|████▍     | 11/25 [00:52<01:05,  4.71s/it]
Calculating loss...:  48%|████▊     | 12/25 [00:57<01:01,  4.71s/it]
Calculating loss...:  52%|█████▏    | 13/25 [01:02<00:57,  4.81s/it]
Calculating loss...:  56%|█████▌    | 14/25 [01:07<00:52,  4.78s/it]
Calculating loss...:  60%|██████    | 15/25 [01:11<00:47,  4.75s/it]
Calculating loss...:  64%|██████▍   | 16/25 [01:16<00:42,  4.74s/it]
Calculating loss...:  68%|██████▊   | 17/25 [01:21<00:37,  4.72s/it]
Calculating loss...:  72%|███████▏  | 18/25 [01:26<00:33,  4.82s/it]
Calculating loss...:  76%|███████▌  | 19/25 [01:31<00:28,  4.78s/it]
Calculating loss...:  80%|████████  | 20/25 [01:35<00:23,  4.76s/it]
Calculating loss...:  84%|████████▍ | 21/25 [01:41<00:19,  4.95s/it]
Calculating loss...:  88%|████████▊ | 22/25 [01:45<00:14,  4.87s/it]
Calculating loss...:  92%|█████████▏| 23/25 [01:50<00:09,  4.82s/it]
Calculating loss...:  96%|█████████▌| 24/25 [01:55<00:04,  4.78s/it]
Calculating loss...: 100%|██████████| 25/25 [01:59<00:00,  4.76s/it]
Calculating loss...: 100%|██████████| 25/25 [01:59<00:00,  4.80s/it]

Calculating loss...:   0%|          | 0/25 [00:00<?, ?it/s]
Calculating loss...:   4%|▍         | 1/25 [00:05<02:11,  5.47s/it]
Calculating loss...:   8%|▊         | 2/25 [00:10<02:05,  5.47s/it]
Calculating loss...:  12%|█▏        | 3/25 [00:16<01:59,  5.45s/it]
Calculating loss...:  16%|█▌        | 4/25 [00:22<01:57,  5.59s/it]
Calculating loss...:  20%|██        | 5/25 [00:27<01:50,  5.54s/it]
Calculating loss...:  24%|██▍       | 6/25 [00:33<01:45,  5.54s/it]
Calculating loss...:  28%|██▊       | 7/25 [00:38<01:41,  5.63s/it]
Calculating loss...:  32%|███▏      | 8/25 [00:44<01:34,  5.58s/it]
Calculating loss...:  36%|███▌      | 9/25 [00:49<01:28,  5.55s/it]
Calculating loss...:  40%|████      | 10/25 [00:55<01:22,  5.52s/it]
Calculating loss...:  44%|████▍     | 11/25 [01:00<01:17,  5.51s/it]
Calculating loss...:  48%|████▊     | 12/25 [01:06<01:11,  5.49s/it]
Calculating loss...:  52%|█████▏    | 13/25 [01:11<01:05,  5.46s/it]
Calculating loss...:  56%|█████▌    | 14/25 [01:17<01:01,  5.56s/it]
Calculating loss...:  60%|██████    | 15/25 [01:22<00:55,  5.52s/it]
Calculating loss...:  64%|██████▍   | 16/25 [01:28<00:49,  5.48s/it]
Calculating loss...:  68%|██████▊   | 17/25 [01:34<00:44,  5.56s/it]
Calculating loss...:  72%|███████▏  | 18/25 [01:39<00:38,  5.51s/it]
Calculating loss...:  76%|███████▌  | 19/25 [01:44<00:32,  5.49s/it]
Calculating loss...:  80%|████████  | 20/25 [01:50<00:27,  5.57s/it]
Calculating loss...:  84%|████████▍ | 21/25 [01:56<00:22,  5.63s/it]
Calculating loss...:  88%|████████▊ | 22/25 [02:02<00:17,  5.67s/it]
Calculating loss...:  92%|█████████▏| 23/25 [02:07<00:11,  5.59s/it]
Calculating loss...:  96%|█████████▌| 24/25 [02:13<00:05,  5.55s/it]
Calculating loss...: 100%|██████████| 25/25 [02:18<00:00,  5.52s/it]
Calculating loss...: 100%|██████████| 25/25 [02:18<00:00,  5.54s/it]

Calculating loss...:   0%|          | 0/25 [00:00<?, ?it/s]
Calculating loss...:   4%|▍         | 1/25 [00:05<02:11,  5.48s/it]
Calculating loss...:   8%|▊         | 2/25 [00:11<02:09,  5.63s/it]
Calculating loss...:  12%|█▏        | 3/25 [00:16<02:01,  5.53s/it]
Calculating loss...:  16%|█▌        | 4/25 [00:22<01:55,  5.49s/it]
Calculating loss...:  20%|██        | 5/25 [00:27<01:49,  5.47s/it]
Calculating loss...:  24%|██▍       | 6/25 [00:32<01:44,  5.48s/it]
Calculating loss...:  28%|██▊       | 7/25 [00:38<01:38,  5.48s/it]
Calculating loss...:  32%|███▏      | 8/25 [00:43<01:33,  5.48s/it]
Calculating loss...:  36%|███▌      | 9/25 [00:49<01:27,  5.49s/it]
Calculating loss...:  40%|████      | 10/25 [00:54<01:22,  5.48s/it]
Calculating loss...:  44%|████▍     | 11/25 [01:00<01:16,  5.45s/it]
Calculating loss...:  48%|████▊     | 12/25 [01:05<01:10,  5.44s/it]
Calculating loss...:  52%|█████▏    | 13/25 [01:11<01:05,  5.43s/it]
Calculating loss...:  56%|█████▌    | 14/25 [01:16<01:00,  5.53s/it]
Calculating loss...:  60%|██████    | 15/25 [01:22<00:55,  5.52s/it]
Calculating loss...:  64%|██████▍   | 16/25 [01:28<00:50,  5.60s/it]
Calculating loss...:  68%|██████▊   | 17/25 [01:34<00:45,  5.73s/it]
Calculating loss...:  72%|███████▏  | 18/25 [01:39<00:39,  5.65s/it]
Calculating loss...:  76%|███████▌  | 19/25 [01:45<00:33,  5.61s/it]
Calculating loss...:  80%|████████  | 20/25 [01:50<00:28,  5.67s/it]
Calculating loss...:  84%|████████▍ | 21/25 [01:56<00:22,  5.71s/it]
Calculating loss...:  88%|████████▊ | 22/25 [02:02<00:16,  5.63s/it]
Calculating loss...:  92%|█████████▏| 23/25 [02:07<00:11,  5.66s/it]
Calculating loss...:  96%|█████████▌| 24/25 [02:13<00:05,  5.59s/it]
Calculating loss...: 100%|██████████| 25/25 [02:18<00:00,  5.54s/it]
Calculating loss...: 100%|██████████| 25/25 [02:18<00:00,  5.55s/it]

Calculating loss...:   0%|          | 0/25 [00:00<?, ?it/s]
Calculating loss...:   4%|▍         | 1/25 [00:05<02:12,  5.53s/it]
Calculating loss...:   8%|▊         | 2/25 [00:10<02:05,  5.46s/it]
Calculating loss...:  12%|█▏        | 3/25 [00:16<01:59,  5.44s/it]
Calculating loss...:  16%|█▌        | 4/25 [00:22<01:57,  5.57s/it]
Calculating loss...:  20%|██        | 5/25 [00:27<01:53,  5.66s/it]
Calculating loss...:  24%|██▍       | 6/25 [00:33<01:45,  5.57s/it]
Calculating loss...:  28%|██▊       | 7/25 [00:38<01:39,  5.52s/it]
Calculating loss...:  32%|███▏      | 8/25 [00:44<01:33,  5.51s/it]
Calculating loss...:  36%|███▌      | 9/25 [00:49<01:27,  5.47s/it]
Calculating loss...:  40%|████      | 10/25 [00:54<01:21,  5.44s/it]
Calculating loss...:  44%|████▍     | 11/25 [01:00<01:15,  5.42s/it]
Calculating loss...:  48%|████▊     | 12/25 [01:05<01:10,  5.41s/it]
Calculating loss...:  52%|█████▏    | 13/25 [01:11<01:04,  5.41s/it]
Calculating loss...:  56%|█████▌    | 14/25 [01:16<00:59,  5.40s/it]
Calculating loss...:  60%|██████    | 15/25 [01:21<00:53,  5.39s/it]
Calculating loss...:  64%|██████▍   | 16/25 [01:27<00:49,  5.50s/it]
Calculating loss...:  68%|██████▊   | 17/25 [01:33<00:43,  5.47s/it]
Calculating loss...:  72%|███████▏  | 18/25 [01:38<00:38,  5.43s/it]
Calculating loss...:  76%|███████▌  | 19/25 [01:43<00:32,  5.46s/it]
Calculating loss...:  80%|████████  | 20/25 [01:49<00:27,  5.44s/it]
Calculating loss...:  84%|████████▍ | 21/25 [01:54<00:21,  5.42s/it]
Calculating loss...:  88%|████████▊ | 22/25 [02:00<00:16,  5.53s/it]
Calculating loss...:  92%|█████████▏| 23/25 [02:05<00:11,  5.51s/it]
Calculating loss...:  96%|█████████▌| 24/25 [02:11<00:05,  5.49s/it]
Calculating loss...: 100%|██████████| 25/25 [02:16<00:00,  5.47s/it]
Calculating loss...: 100%|██████████| 25/25 [02:16<00:00,  5.47s/it]
Traceback (most recent call last):
  File "<frozen runpy>", line 198, in _run_module_as_main
  File "<frozen runpy>", line 88, in _run_code
  File "/Users/jayeshsuryavanshi/github-updates/ftquant/.venv/lib/python3.13/site-packages/mlx_lm/__main__.py", line 6, in <module>
    cli.main()
    ~~~~~~~~^^
  File "/Users/jayeshsuryavanshi/github-updates/ftquant/.venv/lib/python3.13/site-packages/mlx_lm/cli.py", line 40, in main
    submodule.main()
    ~~~~~~~~~~~~~~^^
  File "/Users/jayeshsuryavanshi/github-updates/ftquant/.venv/lib/python3.13/site-packages/mlx_lm/lora.py", line 369, in main
    run(types.SimpleNamespace(**args))
    ~~~^^^^^^^^^^^^^^^^^^^^^^^^^^^^^^^
  File "/Users/jayeshsuryavanshi/github-updates/ftquant/.venv/lib/python3.13/site-packages/mlx_lm/lora.py", line 341, in run
    train_model(args, model, train_set, valid_set, training_callback)
    ~~~~~~~~~~~^^^^^^^^^^^^^^^^^^^^^^^^^^^^^^^^^^^^^^^^^^^^^^^^^^^^^^
  File "/Users/jayeshsuryavanshi/github-updates/ftquant/.venv/lib/python3.13/site-packages/mlx_lm/lora.py", line 295, in train_model
    train(
    ~~~~~^
        model=model,
        ^^^^^^^^^^^^
    ...<4 lines>...
        training_callback=training_callback,
        ^^^^^^^^^^^^^^^^^^^^^^^^^^^^^^^^^^^^
    )
    ^
  File "/Users/jayeshsuryavanshi/github-updates/ftquant/.venv/lib/python3.13/site-packages/mlx_lm/tuner/trainer.py", line 328, in train
    mx.eval(state, losses, n_tokens, grad_accum)
    ~~~~~~~^^^^^^^^^^^^^^^^^^^^^^^^^^^^^^^^^^^^^
RuntimeError: [METAL] Command buffer execution failed: Insufficient Memory (00000008:kIOGPUCommandBufferCallbackErrorOutOfMemory).
