Loading configuration file /Users/jayeshsuryavanshi/github-updates/ftquant/runs/week4/olmo1-lora-s1/train.yaml
Loading pretrained model
Loading datasets
Training
Trainable parameters: 0.406% (6.029M/1484.917M)
Starting training..., iters: 500
Iter 1: Val loss 2.332, Val took 38.082s
Iter 50: Train loss 1.327, Learning Rate 1.000e-04, It/sec 0.228, Tokens/sec 5.553, Trained Tokens 1218, Peak mem 5.417 GB
Iter 100: Val loss 0.705, Val took 41.258s
Iter 100: Train loss 0.822, Learning Rate 1.000e-04, It/sec 0.222, Tokens/sec 5.527, Trained Tokens 2462, Peak mem 5.417 GB
Iter 100: Saved adapter weights to /Users/jayeshsuryavanshi/github-updates/ftquant/runs/week4/olmo1-lora-s1/adapter/adapters.safetensors and /Users/jayeshsuryavanshi/github-updates/ftquant/runs/week4/olmo1-lora-s1/adapter/0000100_adapters.safetensors.
Iter 150: Train loss 0.607, Learning Rate 1.000e-04, It/sec 0.130, Tokens/sec 3.128, Trained Tokens 3667, Peak mem 5.441 GB
Iter 200: Val loss 0.210, Val took 68.581s
Iter 200: Train loss 0.393, Learning Rate 1.000e-04, It/sec 0.118, Tokens/sec 2.921, Trained Tokens 4906, Peak mem 5.496 GB
Iter 200: Saved adapter weights to /Users/jayeshsuryavanshi/github-updates/ftquant/runs/week4/olmo1-lora-s1/adapter/adapters.safetensors and /Users/jayeshsuryavanshi/github-updates/ftquant/runs/week4/olmo1-lora-s1/adapter/0000200_adapters.safetensors.
Iter 250: Train loss 0.287, Learning Rate 1.000e-04, It/sec 0.116, Tokens/sec 2.807, Trained Tokens 6115, Peak mem 5.496 GB
Iter 300: Val loss 0.283, Val took 41.429s
Iter 300: Train loss 0.334, Learning Rate 1.000e-04, It/sec 0.177, Tokens/sec 4.319, Trained Tokens 7337, Peak mem 5.496 GB
Iter 300: Saved adapter weights to /Users/jayeshsuryavanshi/github-updates/ftquant/runs/week4/olmo1-lora-s1/adapter/adapters.safetensors and /Users/jayeshsuryavanshi/github-updates/ftquant/runs/week4/olmo1-lora-s1/adapter/0000300_adapters.safetensors.
Iter 350: Train loss 0.200, Learning Rate 1.000e-04, It/sec 0.221, Tokens/sec 5.412, Trained Tokens 8563, Peak mem 5.496 GB
Iter 400: Val loss 0.200, Val took 39.496s
Iter 400: Train loss 0.188, Learning Rate 1.000e-04, It/sec 0.213, Tokens/sec 5.255, Trained Tokens 9798, Peak mem 5.496 GB
Iter 400: Saved adapter weights to /Users/jayeshsuryavanshi/github-updates/ftquant/runs/week4/olmo1-lora-s1/adapter/adapters.safetensors and /Users/jayeshsuryavanshi/github-updates/ftquant/runs/week4/olmo1-lora-s1/adapter/0000400_adapters.safetensors.
Iter 450: Train loss 0.161, Learning Rate 1.000e-04, It/sec 0.223, Tokens/sec 5.557, Trained Tokens 11046, Peak mem 5.496 GB
Iter 500: Val loss 0.137, Val took 38.742s
Iter 500: Train loss 0.152, Learning Rate 1.000e-04, It/sec 0.214, Tokens/sec 5.037, Trained Tokens 12223, Peak mem 5.496 GB
Iter 500: Saved adapter weights to /Users/jayeshsuryavanshi/github-updates/ftquant/runs/week4/olmo1-lora-s1/adapter/adapters.safetensors and /Users/jayeshsuryavanshi/github-updates/ftquant/runs/week4/olmo1-lora-s1/adapter/0000500_adapters.safetensors.
Saved final weights to /Users/jayeshsuryavanshi/github-updates/ftquant/runs/week4/olmo1-lora-s1/adapter/adapters.safetensors.

Fetching 8 files:   0%|          | 0/8 [00:00<?, ?it/s]
Fetching 8 files: 100%|██████████| 8/8 [00:00<00:00, 2913.22it/s]

Calculating loss...:   0%|          | 0/25 [00:00<?, ?it/s]
Calculating loss...:   4%|▍         | 1/25 [00:01<00:36,  1.52s/it]
Calculating loss...:   8%|▊         | 2/25 [00:03<00:34,  1.51s/it]
Calculating loss...:  12%|█▏        | 3/25 [00:04<00:34,  1.56s/it]
Calculating loss...:  16%|█▌        | 4/25 [00:06<00:32,  1.54s/it]
Calculating loss...:  20%|██        | 5/25 [00:07<00:30,  1.53s/it]
Calculating loss...:  24%|██▍       | 6/25 [00:09<00:28,  1.52s/it]
Calculating loss...:  28%|██▊       | 7/25 [00:10<00:27,  1.51s/it]
Calculating loss...:  32%|███▏      | 8/25 [00:12<00:25,  1.51s/it]
Calculating loss...:  36%|███▌      | 9/25 [00:13<00:24,  1.51s/it]
Calculating loss...:  40%|████      | 10/25 [00:15<00:22,  1.51s/it]
Calculating loss...:  44%|████▍     | 11/25 [00:16<00:21,  1.54s/it]
Calculating loss...:  48%|████▊     | 12/25 [00:18<00:19,  1.53s/it]
Calculating loss...:  52%|█████▏    | 13/25 [00:19<00:18,  1.52s/it]
Calculating loss...:  56%|█████▌    | 14/25 [00:21<00:16,  1.52s/it]
Calculating loss...:  60%|██████    | 15/25 [00:22<00:15,  1.51s/it]
Calculating loss...:  64%|██████▍   | 16/25 [00:24<00:13,  1.51s/it]
Calculating loss...:  68%|██████▊   | 17/25 [00:25<00:12,  1.51s/it]
Calculating loss...:  72%|███████▏  | 18/25 [00:27<00:10,  1.54s/it]
Calculating loss...:  76%|███████▌  | 19/25 [00:28<00:09,  1.53s/it]
Calculating loss...:  80%|████████  | 20/25 [00:30<00:07,  1.52s/it]
Calculating loss...:  84%|████████▍ | 21/25 [00:31<00:06,  1.52s/it]
Calculating loss...:  88%|████████▊ | 22/25 [00:33<00:04,  1.55s/it]
Calculating loss...:  92%|█████████▏| 23/25 [00:35<00:03,  1.53s/it]
Calculating loss...:  96%|█████████▌| 24/25 [00:36<00:01,  1.53s/it]
Calculating loss...: 100%|██████████| 25/25 [00:38<00:00,  1.52s/it]
Calculating loss...: 100%|██████████| 25/25 [00:38<00:00,  1.52s/it]

Calculating loss...:   0%|          | 0/25 [00:00<?, ?it/s]
Calculating loss...:   4%|▍         | 1/25 [00:01<00:40,  1.68s/it]
Calculating loss...:   8%|▊         | 2/25 [00:03<00:38,  1.68s/it]
Calculating loss...:  12%|█▏        | 3/25 [00:05<00:36,  1.68s/it]
Calculating loss...:  16%|█▌        | 4/25 [00:06<00:34,  1.66s/it]
Calculating loss...:  20%|██        | 5/25 [00:08<00:32,  1.63s/it]
Calculating loss...:  24%|██▍       | 6/25 [00:09<00:31,  1.66s/it]
Calculating loss...:  28%|██▊       | 7/25 [00:11<00:29,  1.63s/it]
Calculating loss...:  32%|███▏      | 8/25 [00:13<00:27,  1.61s/it]
Calculating loss...:  36%|███▌      | 9/25 [00:14<00:25,  1.60s/it]
Calculating loss...:  40%|████      | 10/25 [00:16<00:24,  1.63s/it]
Calculating loss...:  44%|████▍     | 11/25 [00:17<00:22,  1.62s/it]
Calculating loss...:  48%|████▊     | 12/25 [00:19<00:20,  1.61s/it]
Calculating loss...:  52%|█████▏    | 13/25 [00:21<00:19,  1.59s/it]
Calculating loss...:  56%|█████▌    | 14/25 [00:22<00:17,  1.58s/it]
Calculating loss...:  60%|██████    | 15/25 [00:24<00:15,  1.57s/it]
Calculating loss...:  64%|██████▍   | 16/25 [00:25<00:14,  1.58s/it]
Calculating loss...:  68%|██████▊   | 17/25 [00:27<00:12,  1.59s/it]
Calculating loss...:  72%|███████▏  | 18/25 [00:29<00:11,  1.60s/it]
Calculating loss...:  76%|███████▌  | 19/25 [00:30<00:09,  1.61s/it]
Calculating loss...:  80%|████████  | 20/25 [00:32<00:08,  1.63s/it]
Calculating loss...:  84%|████████▍ | 21/25 [00:33<00:06,  1.64s/it]
Calculating loss...:  88%|████████▊ | 22/25 [00:35<00:05,  1.71s/it]
Calculating loss...:  92%|█████████▏| 23/25 [00:37<00:03,  1.72s/it]
Calculating loss...:  96%|█████████▌| 24/25 [00:39<00:01,  1.74s/it]
Calculating loss...: 100%|██████████| 25/25 [00:41<00:00,  1.77s/it]
Calculating loss...: 100%|██████████| 25/25 [00:41<00:00,  1.65s/it]

Calculating loss...:   0%|          | 0/25 [00:00<?, ?it/s]
Calculating loss...:   4%|▍         | 1/25 [00:01<00:41,  1.74s/it]
Calculating loss...:   8%|▊         | 2/25 [00:03<00:38,  1.66s/it]
Calculating loss...:  12%|█▏        | 3/25 [00:04<00:35,  1.62s/it]
Calculating loss...:  16%|█▌        | 4/25 [00:06<00:33,  1.61s/it]
Calculating loss...:  20%|██        | 5/25 [00:08<00:32,  1.60s/it]
Calculating loss...:  24%|██▍       | 6/25 [00:10<00:37,  1.97s/it]
Calculating loss...:  28%|██▊       | 7/25 [00:13<00:42,  2.35s/it]
Calculating loss...:  32%|███▏      | 8/25 [00:16<00:43,  2.54s/it]
Calculating loss...:  36%|███▌      | 9/25 [00:20<00:44,  2.79s/it]
Calculating loss...:  40%|████      | 10/25 [00:23<00:42,  2.87s/it]
Calculating loss...:  44%|████▍     | 11/25 [00:26<00:40,  2.90s/it]
Calculating loss...:  48%|████▊     | 12/25 [00:29<00:39,  3.00s/it]
Calculating loss...:  52%|█████▏    | 13/25 [00:32<00:36,  3.03s/it]
Calculating loss...:  56%|█████▌    | 14/25 [00:35<00:34,  3.12s/it]
Calculating loss...:  60%|██████    | 15/25 [00:39<00:31,  3.12s/it]
Calculating loss...:  64%|██████▍   | 16/25 [00:42<00:28,  3.12s/it]
Calculating loss...:  68%|██████▊   | 17/25 [00:45<00:24,  3.09s/it]
Calculating loss...:  72%|███████▏  | 18/25 [00:47<00:21,  3.01s/it]
Calculating loss...:  76%|███████▌  | 19/25 [00:50<00:17,  2.95s/it]
Calculating loss...:  80%|████████  | 20/25 [00:53<00:14,  2.95s/it]
Calculating loss...:  84%|████████▍ | 21/25 [00:56<00:11,  2.92s/it]
Calculating loss...:  88%|████████▊ | 22/25 [00:59<00:08,  2.91s/it]
Calculating loss...:  92%|█████████▏| 23/25 [01:02<00:05,  2.90s/it]
Calculating loss...:  96%|█████████▌| 24/25 [01:05<00:02,  2.95s/it]
Calculating loss...: 100%|██████████| 25/25 [01:08<00:00,  3.02s/it]
Calculating loss...: 100%|██████████| 25/25 [01:08<00:00,  2.74s/it]

Calculating loss...:   0%|          | 0/25 [00:00<?, ?it/s]
Calculating loss...:   4%|▍         | 1/25 [00:01<00:37,  1.54s/it]
Calculating loss...:   8%|▊         | 2/25 [00:03<00:35,  1.54s/it]
Calculating loss...:  12%|█▏        | 3/25 [00:04<00:35,  1.61s/it]
Calculating loss...:  16%|█▌        | 4/25 [00:06<00:34,  1.64s/it]
Calculating loss...:  20%|██        | 5/25 [00:08<00:34,  1.70s/it]
Calculating loss...:  24%|██▍       | 6/25 [00:10<00:33,  1.75s/it]
Calculating loss...:  28%|██▊       | 7/25 [00:12<00:32,  1.80s/it]
Calculating loss...:  32%|███▏      | 8/25 [00:14<00:31,  1.88s/it]
Calculating loss...:  36%|███▌      | 9/25 [00:15<00:30,  1.88s/it]
Calculating loss...:  40%|████      | 10/25 [00:17<00:28,  1.88s/it]
Calculating loss...:  44%|████▍     | 11/25 [00:19<00:25,  1.80s/it]
Calculating loss...:  48%|████▊     | 12/25 [00:21<00:22,  1.74s/it]
Calculating loss...:  52%|█████▏    | 13/25 [00:22<00:20,  1.68s/it]
Calculating loss...:  56%|█████▌    | 14/25 [00:24<00:18,  1.64s/it]
Calculating loss...:  60%|██████    | 15/25 [00:25<00:16,  1.69s/it]
Calculating loss...:  64%|██████▍   | 16/25 [00:27<00:14,  1.64s/it]
Calculating loss...:  68%|██████▊   | 17/25 [00:29<00:12,  1.61s/it]
Calculating loss...:  72%|███████▏  | 18/25 [00:30<00:11,  1.58s/it]
Calculating loss...:  76%|███████▌  | 19/25 [00:32<00:09,  1.57s/it]
Calculating loss...:  80%|████████  | 20/25 [00:33<00:07,  1.56s/it]
Calculating loss...:  84%|████████▍ | 21/25 [00:35<00:06,  1.55s/it]
Calculating loss...:  88%|████████▊ | 22/25 [00:36<00:04,  1.55s/it]
Calculating loss...:  92%|█████████▏| 23/25 [00:38<00:03,  1.55s/it]
Calculating loss...:  96%|█████████▌| 24/25 [00:39<00:01,  1.55s/it]
Calculating loss...: 100%|██████████| 25/25 [00:41<00:00,  1.58s/it]
Calculating loss...: 100%|██████████| 25/25 [00:41<00:00,  1.66s/it]

Calculating loss...:   0%|          | 0/25 [00:00<?, ?it/s]
Calculating loss...:   4%|▍         | 1/25 [00:01<00:37,  1.56s/it]
Calculating loss...:   8%|▊         | 2/25 [00:03<00:37,  1.62s/it]
Calculating loss...:  12%|█▏        | 3/25 [00:04<00:34,  1.59s/it]
Calculating loss...:  16%|█▌        | 4/25 [00:06<00:33,  1.62s/it]
Calculating loss...:  20%|██        | 5/25 [00:07<00:31,  1.59s/it]
Calculating loss...:  24%|██▍       | 6/25 [00:09<00:29,  1.58s/it]
Calculating loss...:  28%|██▊       | 7/25 [00:11<00:28,  1.56s/it]
Calculating loss...:  32%|███▏      | 8/25 [00:12<00:27,  1.60s/it]
Calculating loss...:  36%|███▌      | 9/25 [00:14<00:25,  1.58s/it]
Calculating loss...:  40%|████      | 10/25 [00:15<00:23,  1.60s/it]
Calculating loss...:  44%|████▍     | 11/25 [00:17<00:22,  1.59s/it]
Calculating loss...:  48%|████▊     | 12/25 [00:19<00:20,  1.57s/it]
Calculating loss...:  52%|█████▏    | 13/25 [00:20<00:19,  1.60s/it]
Calculating loss...:  56%|█████▌    | 14/25 [00:22<00:17,  1.58s/it]
Calculating loss...:  60%|██████    | 15/25 [00:23<00:15,  1.56s/it]
Calculating loss...:  64%|██████▍   | 16/25 [00:25<00:14,  1.56s/it]
Calculating loss...:  68%|██████▊   | 17/25 [00:26<00:12,  1.55s/it]
Calculating loss...:  72%|███████▏  | 18/25 [00:28<00:10,  1.55s/it]
Calculating loss...:  76%|███████▌  | 19/25 [00:30<00:09,  1.58s/it]
Calculating loss...:  80%|████████  | 20/25 [00:31<00:07,  1.57s/it]
Calculating loss...:  84%|████████▍ | 21/25 [00:33<00:06,  1.60s/it]
Calculating loss...:  88%|████████▊ | 22/25 [00:34<00:04,  1.58s/it]
Calculating loss...:  92%|█████████▏| 23/25 [00:36<00:03,  1.57s/it]
Calculating loss...:  96%|█████████▌| 24/25 [00:37<00:01,  1.59s/it]
Calculating loss...: 100%|██████████| 25/25 [00:39<00:00,  1.58s/it]
Calculating loss...: 100%|██████████| 25/25 [00:39<00:00,  1.58s/it]

Calculating loss...:   0%|          | 0/25 [00:00<?, ?it/s]
Calculating loss...:   4%|▍         | 1/25 [00:01<00:42,  1.78s/it]
Calculating loss...:   8%|▊         | 2/25 [00:03<00:37,  1.63s/it]
Calculating loss...:  12%|█▏        | 3/25 [00:04<00:34,  1.58s/it]
Calculating loss...:  16%|█▌        | 4/25 [00:06<00:32,  1.55s/it]
Calculating loss...:  20%|██        | 5/25 [00:07<00:30,  1.54s/it]
Calculating loss...:  24%|██▍       | 6/25 [00:09<00:29,  1.53s/it]
Calculating loss...:  28%|██▊       | 7/25 [00:10<00:27,  1.53s/it]
Calculating loss...:  32%|███▏      | 8/25 [00:12<00:26,  1.53s/it]
Calculating loss...:  36%|███▌      | 9/25 [00:14<00:24,  1.56s/it]
Calculating loss...:  40%|████      | 10/25 [00:15<00:23,  1.55s/it]
Calculating loss...:  44%|████▍     | 11/25 [00:17<00:21,  1.54s/it]
Calculating loss...:  48%|████▊     | 12/25 [00:18<00:19,  1.53s/it]
Calculating loss...:  52%|█████▏    | 13/25 [00:20<00:18,  1.56s/it]
Calculating loss...:  56%|█████▌    | 14/25 [00:21<00:17,  1.58s/it]
Calculating loss...:  60%|██████    | 15/25 [00:23<00:15,  1.57s/it]
Calculating loss...:  64%|██████▍   | 16/25 [00:24<00:13,  1.55s/it]
Calculating loss...:  68%|██████▊   | 17/25 [00:26<00:12,  1.54s/it]
Calculating loss...:  72%|███████▏  | 18/25 [00:27<00:10,  1.53s/it]
Calculating loss...:  76%|███████▌  | 19/25 [00:29<00:09,  1.53s/it]
Calculating loss...:  80%|████████  | 20/25 [00:31<00:07,  1.56s/it]
Calculating loss...:  84%|████████▍ | 21/25 [00:32<00:06,  1.55s/it]
Calculating loss...:  88%|████████▊ | 22/25 [00:34<00:04,  1.54s/it]
Calculating loss...:  92%|█████████▏| 23/25 [00:35<00:03,  1.53s/it]
Calculating loss...:  96%|█████████▌| 24/25 [00:37<00:01,  1.53s/it]
Calculating loss...: 100%|██████████| 25/25 [00:38<00:00,  1.53s/it]
Calculating loss...: 100%|██████████| 25/25 [00:38<00:00,  1.55s/it]
