Loading configuration file /Users/jayeshsuryavanshi/github-updates/ftquant/runs/week3/mas06-full/train.yaml
Loading pretrained model
Loading datasets
Training
Trainable parameters: 73.898% (440.466M/596.050M)
Starting training..., iters: 500
Iter 1: Val loss 4.365, Val took 10.136s
Iter 50: Train loss 0.366, Learning Rate 1.000e-05, It/sec 0.687, Tokens/sec 50.167, Trained Tokens 3653, Peak mem 4.689 GB
Iter 100: Val loss 0.102, Val took 10.078s
Iter 100: Train loss 0.142, Learning Rate 1.000e-05, It/sec 0.681, Tokens/sec 52.388, Trained Tokens 7501, Peak mem 4.801 GB
Iter 100: Saved adapter weights to /Users/jayeshsuryavanshi/github-updates/ftquant/runs/week3/mas06-full/adapter/adapters.safetensors and /Users/jayeshsuryavanshi/github-updates/ftquant/runs/week3/mas06-full/adapter/0000100_adapters.safetensors.
Iter 150: Train loss 0.124, Learning Rate 1.000e-05, It/sec 0.684, Tokens/sec 50.998, Trained Tokens 11231, Peak mem 5.682 GB
Iter 200: Val loss 0.101, Val took 10.201s
Iter 200: Train loss 0.103, Learning Rate 1.000e-05, It/sec 0.682, Tokens/sec 52.018, Trained Tokens 15043, Peak mem 5.682 GB
Iter 200: Saved adapter weights to /Users/jayeshsuryavanshi/github-updates/ftquant/runs/week3/mas06-full/adapter/adapters.safetensors and /Users/jayeshsuryavanshi/github-updates/ftquant/runs/week3/mas06-full/adapter/0000200_adapters.safetensors.
Iter 250: Train loss 0.092, Learning Rate 1.000e-05, It/sec 0.681, Tokens/sec 51.202, Trained Tokens 18802, Peak mem 5.682 GB
Iter 300: Val loss 0.099, Val took 10.002s
Iter 300: Train loss 0.093, Learning Rate 1.000e-05, It/sec 0.678, Tokens/sec 51.662, Trained Tokens 22611, Peak mem 5.682 GB
Iter 300: Saved adapter weights to /Users/jayeshsuryavanshi/github-updates/ftquant/runs/week3/mas06-full/adapter/adapters.safetensors and /Users/jayeshsuryavanshi/github-updates/ftquant/runs/week3/mas06-full/adapter/0000300_adapters.safetensors.
Iter 350: Train loss 0.086, Learning Rate 1.000e-05, It/sec 0.676, Tokens/sec 51.237, Trained Tokens 26400, Peak mem 5.682 GB
Iter 400: Val loss 0.057, Val took 10.080s
Iter 400: Train loss 0.086, Learning Rate 1.000e-05, It/sec 0.680, Tokens/sec 52.362, Trained Tokens 30250, Peak mem 5.682 GB
Iter 400: Saved adapter weights to /Users/jayeshsuryavanshi/github-updates/ftquant/runs/week3/mas06-full/adapter/adapters.safetensors and /Users/jayeshsuryavanshi/github-updates/ftquant/runs/week3/mas06-full/adapter/0000400_adapters.safetensors.
Iter 450: Train loss 0.106, Learning Rate 1.000e-05, It/sec 0.683, Tokens/sec 53.540, Trained Tokens 34168, Peak mem 5.682 GB
Iter 500: Val loss 0.093, Val took 10.078s
Iter 500: Train loss 0.082, Learning Rate 1.000e-05, It/sec 0.676, Tokens/sec 53.519, Trained Tokens 38125, Peak mem 5.682 GB
Iter 500: Saved adapter weights to /Users/jayeshsuryavanshi/github-updates/ftquant/runs/week3/mas06-full/adapter/adapters.safetensors and /Users/jayeshsuryavanshi/github-updates/ftquant/runs/week3/mas06-full/adapter/0000500_adapters.safetensors.
Saved final weights to /Users/jayeshsuryavanshi/github-updates/ftquant/runs/week3/mas06-full/adapter/adapters.safetensors.

Fetching 7 files:   0%|          | 0/7 [00:00<?, ?it/s]
Fetching 7 files: 100%|██████████| 7/7 [00:00<00:00, 1880.73it/s]

Calculating loss...:   0%|          | 0/25 [00:00<?, ?it/s]
Calculating loss...:   4%|▍         | 1/25 [00:00<00:10,  2.36it/s]
Calculating loss...:   8%|▊         | 2/25 [00:00<00:09,  2.44it/s]
Calculating loss...:  12%|█▏        | 3/25 [00:01<00:08,  2.47it/s]
Calculating loss...:  16%|█▌        | 4/25 [00:01<00:08,  2.48it/s]
Calculating loss...:  20%|██        | 5/25 [00:02<00:08,  2.49it/s]
Calculating loss...:  24%|██▍       | 6/25 [00:02<00:07,  2.49it/s]
Calculating loss...:  28%|██▊       | 7/25 [00:02<00:07,  2.50it/s]
Calculating loss...:  32%|███▏      | 8/25 [00:03<00:06,  2.50it/s]
Calculating loss...:  36%|███▌      | 9/25 [00:03<00:06,  2.41it/s]
Calculating loss...:  40%|████      | 10/25 [00:04<00:06,  2.43it/s]
Calculating loss...:  44%|████▍     | 11/25 [00:04<00:05,  2.45it/s]
Calculating loss...:  48%|████▊     | 12/25 [00:04<00:05,  2.47it/s]
Calculating loss...:  52%|█████▏    | 13/25 [00:05<00:04,  2.48it/s]
Calculating loss...:  56%|█████▌    | 14/25 [00:05<00:04,  2.48it/s]
Calculating loss...:  60%|██████    | 15/25 [00:06<00:04,  2.49it/s]
Calculating loss...:  64%|██████▍   | 16/25 [00:06<00:03,  2.49it/s]
Calculating loss...:  68%|██████▊   | 17/25 [00:06<00:03,  2.49it/s]
Calculating loss...:  72%|███████▏  | 18/25 [00:07<00:02,  2.50it/s]
Calculating loss...:  76%|███████▌  | 19/25 [00:07<00:02,  2.50it/s]
Calculating loss...:  80%|████████  | 20/25 [00:08<00:02,  2.50it/s]
Calculating loss...:  84%|████████▍ | 21/25 [00:08<00:01,  2.50it/s]
Calculating loss...:  88%|████████▊ | 22/25 [00:08<00:01,  2.41it/s]
Calculating loss...:  92%|█████████▏| 23/25 [00:09<00:00,  2.44it/s]
Calculating loss...:  96%|█████████▌| 24/25 [00:09<00:00,  2.45it/s]
Calculating loss...: 100%|██████████| 25/25 [00:10<00:00,  2.47it/s]
Calculating loss...: 100%|██████████| 25/25 [00:10<00:00,  2.47it/s]

Calculating loss...:   0%|          | 0/25 [00:00<?, ?it/s]
Calculating loss...:   4%|▍         | 1/25 [00:00<00:09,  2.51it/s]
Calculating loss...:   8%|▊         | 2/25 [00:00<00:09,  2.50it/s]
Calculating loss...:  12%|█▏        | 3/25 [00:01<00:08,  2.50it/s]
Calculating loss...:  16%|█▌        | 4/25 [00:01<00:08,  2.50it/s]
Calculating loss...:  20%|██        | 5/25 [00:02<00:08,  2.49it/s]
Calculating loss...:  24%|██▍       | 6/25 [00:02<00:07,  2.49it/s]
Calculating loss...:  28%|██▊       | 7/25 [00:02<00:07,  2.49it/s]
Calculating loss...:  32%|███▏      | 8/25 [00:03<00:06,  2.49it/s]
Calculating loss...:  36%|███▌      | 9/25 [00:03<00:06,  2.49it/s]
Calculating loss...:  40%|████      | 10/25 [00:04<00:06,  2.50it/s]
Calculating loss...:  44%|████▍     | 11/25 [00:04<00:05,  2.49it/s]
Calculating loss...:  48%|████▊     | 12/25 [00:04<00:05,  2.49it/s]
Calculating loss...:  52%|█████▏    | 13/25 [00:05<00:04,  2.41it/s]
Calculating loss...:  56%|█████▌    | 14/25 [00:05<00:04,  2.43it/s]
Calculating loss...:  60%|██████    | 15/25 [00:06<00:04,  2.45it/s]
Calculating loss...:  64%|██████▍   | 16/25 [00:06<00:03,  2.46it/s]
Calculating loss...:  68%|██████▊   | 17/25 [00:06<00:03,  2.47it/s]
Calculating loss...:  72%|███████▏  | 18/25 [00:07<00:02,  2.48it/s]
Calculating loss...:  76%|███████▌  | 19/25 [00:07<00:02,  2.48it/s]
Calculating loss...:  80%|████████  | 20/25 [00:08<00:02,  2.48it/s]
Calculating loss...:  84%|████████▍ | 21/25 [00:08<00:01,  2.49it/s]
Calculating loss...:  88%|████████▊ | 22/25 [00:08<00:01,  2.49it/s]
Calculating loss...:  92%|█████████▏| 23/25 [00:09<00:00,  2.49it/s]
Calculating loss...:  96%|█████████▌| 24/25 [00:09<00:00,  2.49it/s]
Calculating loss...: 100%|██████████| 25/25 [00:10<00:00,  2.49it/s]
Calculating loss...: 100%|██████████| 25/25 [00:10<00:00,  2.48it/s]

Calculating loss...:   0%|          | 0/25 [00:00<?, ?it/s]
Calculating loss...:   4%|▍         | 1/25 [00:00<00:09,  2.47it/s]
Calculating loss...:   8%|▊         | 2/25 [00:00<00:09,  2.48it/s]
Calculating loss...:  12%|█▏        | 3/25 [00:01<00:08,  2.49it/s]
Calculating loss...:  16%|█▌        | 4/25 [00:01<00:08,  2.49it/s]
Calculating loss...:  20%|██        | 5/25 [00:02<00:08,  2.49it/s]
Calculating loss...:  24%|██▍       | 6/25 [00:02<00:07,  2.39it/s]
Calculating loss...:  28%|██▊       | 7/25 [00:02<00:07,  2.42it/s]
Calculating loss...:  32%|███▏      | 8/25 [00:03<00:06,  2.44it/s]
Calculating loss...:  36%|███▌      | 9/25 [00:03<00:06,  2.37it/s]
Calculating loss...:  40%|████      | 10/25 [00:04<00:06,  2.40it/s]
Calculating loss...:  44%|████▍     | 11/25 [00:04<00:05,  2.43it/s]
Calculating loss...:  48%|████▊     | 12/25 [00:04<00:05,  2.45it/s]
Calculating loss...:  52%|█████▏    | 13/25 [00:05<00:04,  2.46it/s]
Calculating loss...:  56%|█████▌    | 14/25 [00:05<00:04,  2.47it/s]
Calculating loss...:  60%|██████    | 15/25 [00:06<00:04,  2.48it/s]
Calculating loss...:  64%|██████▍   | 16/25 [00:06<00:03,  2.48it/s]
Calculating loss...:  68%|██████▊   | 17/25 [00:06<00:03,  2.49it/s]
Calculating loss...:  72%|███████▏  | 18/25 [00:07<00:02,  2.47it/s]
Calculating loss...:  76%|███████▌  | 19/25 [00:07<00:02,  2.47it/s]
Calculating loss...:  80%|████████  | 20/25 [00:08<00:02,  2.48it/s]
Calculating loss...:  84%|████████▍ | 21/25 [00:08<00:01,  2.48it/s]
Calculating loss...:  88%|████████▊ | 22/25 [00:08<00:01,  2.49it/s]
Calculating loss...:  92%|█████████▏| 23/25 [00:09<00:00,  2.40it/s]
Calculating loss...:  96%|█████████▌| 24/25 [00:09<00:00,  2.42it/s]
Calculating loss...: 100%|██████████| 25/25 [00:10<00:00,  2.44it/s]
Calculating loss...: 100%|██████████| 25/25 [00:10<00:00,  2.45it/s]

Calculating loss...:   0%|          | 0/25 [00:00<?, ?it/s]
Calculating loss...:   4%|▍         | 1/25 [00:00<00:09,  2.51it/s]
Calculating loss...:   8%|▊         | 2/25 [00:00<00:09,  2.50it/s]
Calculating loss...:  12%|█▏        | 3/25 [00:01<00:08,  2.49it/s]
Calculating loss...:  16%|█▌        | 4/25 [00:01<00:08,  2.49it/s]
Calculating loss...:  20%|██        | 5/25 [00:02<00:08,  2.49it/s]
Calculating loss...:  24%|██▍       | 6/25 [00:02<00:07,  2.49it/s]
Calculating loss...:  28%|██▊       | 7/25 [00:02<00:07,  2.49it/s]
Calculating loss...:  32%|███▏      | 8/25 [00:03<00:06,  2.49it/s]
Calculating loss...:  36%|███▌      | 9/25 [00:03<00:06,  2.49it/s]
Calculating loss...:  40%|████      | 10/25 [00:04<00:06,  2.50it/s]
Calculating loss...:  44%|████▍     | 11/25 [00:04<00:05,  2.49it/s]
Calculating loss...:  48%|████▊     | 12/25 [00:04<00:05,  2.48it/s]
Calculating loss...:  52%|█████▏    | 13/25 [00:05<00:04,  2.48it/s]
Calculating loss...:  56%|█████▌    | 14/25 [00:05<00:04,  2.49it/s]
Calculating loss...:  60%|██████    | 15/25 [00:06<00:04,  2.49it/s]
Calculating loss...:  64%|██████▍   | 16/25 [00:06<00:03,  2.48it/s]
Calculating loss...:  68%|██████▊   | 17/25 [00:06<00:03,  2.48it/s]
Calculating loss...:  72%|███████▏  | 18/25 [00:07<00:02,  2.49it/s]
Calculating loss...:  76%|███████▌  | 19/25 [00:07<00:02,  2.49it/s]
Calculating loss...:  80%|████████  | 20/25 [00:08<00:02,  2.40it/s]
Calculating loss...:  84%|████████▍ | 21/25 [00:08<00:01,  2.52it/s]
Calculating loss...:  88%|████████▊ | 22/25 [00:08<00:01,  2.51it/s]
Calculating loss...:  92%|█████████▏| 23/25 [00:09<00:00,  2.50it/s]
Calculating loss...:  96%|█████████▌| 24/25 [00:09<00:00,  2.60it/s]
Calculating loss...: 100%|██████████| 25/25 [00:09<00:00,  2.55it/s]
Calculating loss...: 100%|██████████| 25/25 [00:09<00:00,  2.50it/s]

Calculating loss...:   0%|          | 0/25 [00:00<?, ?it/s]
Calculating loss...:   4%|▍         | 1/25 [00:00<00:09,  2.51it/s]
Calculating loss...:   8%|▊         | 2/25 [00:00<00:09,  2.50it/s]
Calculating loss...:  12%|█▏        | 3/25 [00:01<00:08,  2.50it/s]
Calculating loss...:  16%|█▌        | 4/25 [00:01<00:08,  2.50it/s]
Calculating loss...:  20%|██        | 5/25 [00:02<00:08,  2.50it/s]
Calculating loss...:  24%|██▍       | 6/25 [00:02<00:07,  2.49it/s]
Calculating loss...:  28%|██▊       | 7/25 [00:02<00:07,  2.49it/s]
Calculating loss...:  32%|███▏      | 8/25 [00:03<00:06,  2.49it/s]
Calculating loss...:  36%|███▌      | 9/25 [00:03<00:06,  2.49it/s]
Calculating loss...:  40%|████      | 10/25 [00:04<00:06,  2.49it/s]
Calculating loss...:  44%|████▍     | 11/25 [00:04<00:05,  2.48it/s]
Calculating loss...:  48%|████▊     | 12/25 [00:04<00:05,  2.49it/s]
Calculating loss...:  52%|█████▏    | 13/25 [00:05<00:04,  2.50it/s]
Calculating loss...:  56%|█████▌    | 14/25 [00:05<00:04,  2.50it/s]
Calculating loss...:  60%|██████    | 15/25 [00:06<00:04,  2.49it/s]
Calculating loss...:  64%|██████▍   | 16/25 [00:06<00:03,  2.41it/s]
Calculating loss...:  68%|██████▊   | 17/25 [00:06<00:03,  2.43it/s]
Calculating loss...:  72%|███████▏  | 18/25 [00:07<00:02,  2.45it/s]
Calculating loss...:  76%|███████▌  | 19/25 [00:07<00:02,  2.46it/s]
Calculating loss...:  80%|████████  | 20/25 [00:08<00:02,  2.47it/s]
Calculating loss...:  84%|████████▍ | 21/25 [00:08<00:01,  2.48it/s]
Calculating loss...:  88%|████████▊ | 22/25 [00:08<00:01,  2.48it/s]
Calculating loss...:  92%|█████████▏| 23/25 [00:09<00:00,  2.49it/s]
Calculating loss...:  96%|█████████▌| 24/25 [00:09<00:00,  2.49it/s]
Calculating loss...: 100%|██████████| 25/25 [00:10<00:00,  2.49it/s]
Calculating loss...: 100%|██████████| 25/25 [00:10<00:00,  2.48it/s]

Calculating loss...:   0%|          | 0/25 [00:00<?, ?it/s]
Calculating loss...:   4%|▍         | 1/25 [00:00<00:10,  2.21it/s]
Calculating loss...:   8%|▊         | 2/25 [00:00<00:09,  2.37it/s]
Calculating loss...:  12%|█▏        | 3/25 [00:01<00:09,  2.42it/s]
Calculating loss...:  16%|█▌        | 4/25 [00:01<00:08,  2.45it/s]
Calculating loss...:  20%|██        | 5/25 [00:02<00:08,  2.46it/s]
Calculating loss...:  24%|██▍       | 6/25 [00:02<00:07,  2.48it/s]
Calculating loss...:  28%|██▊       | 7/25 [00:02<00:07,  2.48it/s]
Calculating loss...:  32%|███▏      | 8/25 [00:03<00:06,  2.49it/s]
Calculating loss...:  36%|███▌      | 9/25 [00:03<00:06,  2.49it/s]
Calculating loss...:  40%|████      | 10/25 [00:04<00:06,  2.49it/s]
Calculating loss...:  44%|████▍     | 11/25 [00:04<00:05,  2.49it/s]
Calculating loss...:  48%|████▊     | 12/25 [00:04<00:05,  2.49it/s]
Calculating loss...:  52%|█████▏    | 13/25 [00:05<00:04,  2.49it/s]
Calculating loss...:  56%|█████▌    | 14/25 [00:05<00:04,  2.49it/s]
Calculating loss...:  60%|██████    | 15/25 [00:06<00:04,  2.49it/s]
Calculating loss...:  64%|██████▍   | 16/25 [00:06<00:03,  2.49it/s]
Calculating loss...:  68%|██████▊   | 17/25 [00:06<00:03,  2.49it/s]
Calculating loss...:  72%|███████▏  | 18/25 [00:07<00:02,  2.49it/s]
Calculating loss...:  76%|███████▌  | 19/25 [00:07<00:02,  2.49it/s]
Calculating loss...:  80%|████████  | 20/25 [00:08<00:02,  2.50it/s]
Calculating loss...:  84%|████████▍ | 21/25 [00:08<00:01,  2.50it/s]
Calculating loss...:  88%|████████▊ | 22/25 [00:08<00:01,  2.49it/s]
Calculating loss...:  92%|█████████▏| 23/25 [00:09<00:00,  2.50it/s]
Calculating loss...:  96%|█████████▌| 24/25 [00:09<00:00,  2.49it/s]
Calculating loss...: 100%|██████████| 25/25 [00:10<00:00,  2.49it/s]
Calculating loss...: 100%|██████████| 25/25 [00:10<00:00,  2.48it/s]
